Archive member included to satisfy reference by file (symbol)

c:/users/moi/documents/_microinfo/epuck-eclipse/tools/gcc-arm-none-eabi-7-2017-q4-major-win32/bin/../lib/gcc/arm-none-eabi/7.2.1/../../../../arm-none-eabi/lib/thumb/v7e-m/fpv4-sp/hard\libm.a(lib_a-w_atan2.o)
                              build/obj/main.o (atan2)
c:/users/moi/documents/_microinfo/epuck-eclipse/tools/gcc-arm-none-eabi-7-2017-q4-major-win32/bin/../lib/gcc/arm-none-eabi/7.2.1/../../../../arm-none-eabi/lib/thumb/v7e-m/fpv4-sp/hard\libm.a(lib_a-e_atan2.o)
                              c:/users/moi/documents/_microinfo/epuck-eclipse/tools/gcc-arm-none-eabi-7-2017-q4-major-win32/bin/../lib/gcc/arm-none-eabi/7.2.1/../../../../arm-none-eabi/lib/thumb/v7e-m/fpv4-sp/hard\libm.a(lib_a-w_atan2.o) (__ieee754_atan2)
c:/users/moi/documents/_microinfo/epuck-eclipse/tools/gcc-arm-none-eabi-7-2017-q4-major-win32/bin/../lib/gcc/arm-none-eabi/7.2.1/../../../../arm-none-eabi/lib/thumb/v7e-m/fpv4-sp/hard\libm.a(lib_a-s_atan.o)
                              c:/users/moi/documents/_microinfo/epuck-eclipse/tools/gcc-arm-none-eabi-7-2017-q4-major-win32/bin/../lib/gcc/arm-none-eabi/7.2.1/../../../../arm-none-eabi/lib/thumb/v7e-m/fpv4-sp/hard\libm.a(lib_a-e_atan2.o) (atan)
c:/users/moi/documents/_microinfo/epuck-eclipse/tools/gcc-arm-none-eabi-7-2017-q4-major-win32/bin/../lib/gcc/arm-none-eabi/7.2.1/../../../../arm-none-eabi/lib/thumb/v7e-m/fpv4-sp/hard\libm.a(lib_a-s_fabs.o)
                              c:/users/moi/documents/_microinfo/epuck-eclipse/tools/gcc-arm-none-eabi-7-2017-q4-major-win32/bin/../lib/gcc/arm-none-eabi/7.2.1/../../../../arm-none-eabi/lib/thumb/v7e-m/fpv4-sp/hard\libm.a(lib_a-e_atan2.o) (fabs)
c:/users/moi/documents/_microinfo/epuck-eclipse/tools/gcc-arm-none-eabi-7-2017-q4-major-win32/bin/../lib/gcc/arm-none-eabi/7.2.1/thumb/v7e-m/fpv4-sp/hard\libgcc.a(_arm_addsubdf3.o)
                              build/obj/chprintf.o (__aeabi_dsub)
c:/users/moi/documents/_microinfo/epuck-eclipse/tools/gcc-arm-none-eabi-7-2017-q4-major-win32/bin/../lib/gcc/arm-none-eabi/7.2.1/thumb/v7e-m/fpv4-sp/hard\libgcc.a(_arm_muldivdf3.o)
                              build/obj/chprintf.o (__aeabi_dmul)
c:/users/moi/documents/_microinfo/epuck-eclipse/tools/gcc-arm-none-eabi-7-2017-q4-major-win32/bin/../lib/gcc/arm-none-eabi/7.2.1/thumb/v7e-m/fpv4-sp/hard\libgcc.a(_arm_cmpdf2.o)
                              c:/users/moi/documents/_microinfo/epuck-eclipse/tools/gcc-arm-none-eabi-7-2017-q4-major-win32/bin/../lib/gcc/arm-none-eabi/7.2.1/../../../../arm-none-eabi/lib/thumb/v7e-m/fpv4-sp/hard\libm.a(lib_a-s_atan.o) (__aeabi_dcmpgt)
c:/users/moi/documents/_microinfo/epuck-eclipse/tools/gcc-arm-none-eabi-7-2017-q4-major-win32/bin/../lib/gcc/arm-none-eabi/7.2.1/thumb/v7e-m/fpv4-sp/hard\libgcc.a(_arm_fixdfsi.o)
                              build/obj/chprintf.o (__aeabi_d2iz)
c:/users/moi/documents/_microinfo/epuck-eclipse/tools/gcc-arm-none-eabi-7-2017-q4-major-win32/bin/../lib/gcc/arm-none-eabi/7.2.1/thumb/v7e-m/fpv4-sp/hard\libgcc.a(_arm_truncdfsf2.o)
                              build/obj/chprintf.o (__aeabi_d2f)
c:/users/moi/documents/_microinfo/epuck-eclipse/tools/gcc-arm-none-eabi-7-2017-q4-major-win32/bin/../lib/gcc/arm-none-eabi/7.2.1/../../../../arm-none-eabi/lib/thumb/v7e-m/fpv4-sp/hard\libg.a(lib_a-memcpy.o)
                              build/obj/messagebus.o (memcpy)
c:/users/moi/documents/_microinfo/epuck-eclipse/tools/gcc-arm-none-eabi-7-2017-q4-major-win32/bin/../lib/gcc/arm-none-eabi/7.2.1/../../../../arm-none-eabi/lib/thumb/v7e-m/fpv4-sp/hard\libg.a(lib_a-memset.o)
                              build/obj/messagebus.o (memset)
c:/users/moi/documents/_microinfo/epuck-eclipse/tools/gcc-arm-none-eabi-7-2017-q4-major-win32/bin/../lib/gcc/arm-none-eabi/7.2.1/../../../../arm-none-eabi/lib/thumb/v7e-m/fpv4-sp/hard\libg.a(lib_a-strcmp.o)
                              build/obj/messagebus.o (strcmp)
c:/users/moi/documents/_microinfo/epuck-eclipse/tools/gcc-arm-none-eabi-7-2017-q4-major-win32/bin/../lib/gcc/arm-none-eabi/7.2.1/../../../../arm-none-eabi/lib/thumb/v7e-m/fpv4-sp/hard\libg.a(lib_a-strncpy.o)
                              build/obj/messagebus.o (strncpy)

Discarded input sections

 .data          0x00000000        0x0 build/obj/crt0_v7m.o
 .bss           0x00000000        0x0 build/obj/crt0_v7m.o
 .data          0x00000000        0x0 build/obj/chcoreasm_v7m.o
 .bss           0x00000000        0x0 build/obj/chcoreasm_v7m.o
 .text          0x00000000        0x0 build/obj/crt1.o
 .data          0x00000000        0x0 build/obj/crt1.o
 .bss           0x00000000        0x0 build/obj/crt1.o
 .text.__early_init
                0x00000000        0x4 build/obj/crt1.o
 .text          0x00000000        0x0 build/obj/vectors.o
 .data          0x00000000        0x0 build/obj/vectors.o
 .bss           0x00000000        0x0 build/obj/vectors.o
 .text          0x00000000        0x0 build/obj/chsys.o
 .data          0x00000000        0x0 build/obj/chsys.o
[...]
Memory Configuration

Name             Origin             Length             Attributes
flash            0x08000000         0x00100000
ram0             0x20000000         0x00020000
ram1             0x20000000         0x0001c000
ram2             0x2001c000         0x00004000
ram3             0x00000000         0x00000000
ram4             0x10000000         0x00010000
ram5             0x40024000         0x00001000
ram6             0x00000000         0x00000000
ram7             0x00000000         0x00000000
*default*        0x00000000         0xffffffff

Linker script and memory map

LOAD build/obj/crt0_v7m.o
LOAD build/obj/chcoreasm_v7m.o
LOAD build/obj/crt1.o
LOAD build/obj/vectors.o
LOAD build/obj/chsys.o
LOAD build/obj/chdebug.o
LOAD build/obj/chvt.o
LOAD build/obj/chschd.o
LOAD build/obj/chthreads.o
LOAD build/obj/chtm.o
LOAD build/obj/chstats.o
LOAD build/obj/chdynamic.o
LOAD build/obj/chregistry.o
LOAD build/obj/chsem.o
LOAD build/obj/chmtx.o
LOAD build/obj/chcond.o
LOAD build/obj/chevents.o
LOAD build/obj/chmsg.o
LOAD build/obj/chmboxes.o
LOAD build/obj/chqueues.o
LOAD build/obj/chmemcore.o
LOAD build/obj/chheap.o
LOAD build/obj/chmempools.o
LOAD build/obj/chcore.o
LOAD build/obj/chcore_v7m.o
LOAD build/obj/osal.o
LOAD build/obj/hal.o
LOAD build/obj/hal_queues.o
LOAD build/obj/hal_mmcsd.o
LOAD build/obj/adc.o
LOAD build/obj/can.o
LOAD build/obj/dac.o
LOAD build/obj/ext.o
LOAD build/obj/gpt.o
LOAD build/obj/i2c.o
LOAD build/obj/i2s.o
LOAD build/obj/icu.o
LOAD build/obj/mac.o
LOAD build/obj/mmc_spi.o
LOAD build/obj/pal.o
LOAD build/obj/pwm.o
LOAD build/obj/rtc.o
LOAD build/obj/sdc.o
LOAD build/obj/serial.o
LOAD build/obj/serial_usb.o
LOAD build/obj/spi.o
LOAD build/obj/st.o
LOAD build/obj/uart.o
LOAD build/obj/usb.o
LOAD build/obj/nvic.o
LOAD build/obj/stm32_dma.o
LOAD build/obj/hal_lld.o
LOAD build/obj/adc_lld.o
LOAD build/obj/ext_lld_isr.o
LOAD build/obj/can_lld.o
LOAD build/obj/ext_lld.o
LOAD build/obj/mac_lld.o
LOAD build/obj/sdc_lld.o
LOAD build/obj/dac_lld.o
LOAD build/obj/pal_lld.o
LOAD build/obj/i2c_lld.o
LOAD build/obj/usb_lld.o
LOAD build/obj/rtc_lld.o
LOAD build/obj/i2s_lld.o
LOAD build/obj/spi_lld.o
LOAD build/obj/gpt_lld.o
LOAD build/obj/icu_lld.o
LOAD build/obj/pwm_lld.o
LOAD build/obj/st_lld.o
LOAD build/obj/serial_lld.o
LOAD build/obj/uart_lld.o
LOAD build/obj/board.o
LOAD build/obj/chprintf.o
LOAD build/obj/messagebus.o
LOAD build/obj/port.o
LOAD build/obj/i2c_bus.o
LOAD build/obj/main.o
LOAD build/obj/mpu9250.o
LOAD build/obj/imu.o
LOAD c:/users/moi/documents/_microinfo/epuck-eclipse/tools/gcc-arm-none-eabi-7-2017-q4-major-win32/bin/../lib/gcc/arm-none-eabi/7.2.1/../../../../arm-none-eabi/lib/thumb/v7e-m/fpv4-sp/hard\libm.a
                0x20000000                __ram0_start__ = ORIGIN (ram0)
                0x00020000                __ram0_size__ = LENGTH (ram0)
                0x20020000                __ram0_end__ = (__ram0_start__ + __ram0_size__)
                0x20000000                __ram1_start__ = ORIGIN (ram1)
                0x0001c000                __ram1_size__ = LENGTH (ram1)
                0x2001c000                __ram1_end__ = (__ram1_start__ + __ram1_size__)
                0x2001c000                __ram2_start__ = ORIGIN (ram2)
                0x00004000                __ram2_size__ = LENGTH (ram2)
                0x20020000                __ram2_end__ = (__ram2_start__ + __ram2_size__)
                0x00000000                __ram3_start__ = ORIGIN (ram3)
                0x00000000                __ram3_size__ = LENGTH (ram3)
                0x00000000                __ram3_end__ = (__ram3_start__ + __ram3_size__)
                0x10000000                __ram4_start__ = ORIGIN (ram4)
                0x00010000                __ram4_size__ = LENGTH (ram4)
                0x10010000                __ram4_end__ = (__ram4_start__ + __ram4_size__)
                0x40024000                __ram5_start__ = ORIGIN (ram5)
                0x00001000                __ram5_size__ = LENGTH (ram5)
                0x40025000                __ram5_end__ = (__ram5_start__ + __ram5_size__)
                0x00000000                __ram6_start__ = ORIGIN (ram6)
                0x00000000                __ram6_size__ = LENGTH (ram6)
                0x00000000                __ram6_end__ = (__ram6_start__ + __ram6_size__)
                0x00000000                __ram7_start__ = ORIGIN (ram7)
                0x00000000                __ram7_size__ = LENGTH (ram7)
                0x00000000                __ram7_end__ = (__ram7_start__ + __ram7_size__)
                0x00000000                . = 0x0
                0x00000000                _text = .

startup         0x08000000      0x1c0
 *(.vectors)
 .vectors       0x08000000      0x1c0 build/obj/vectors.o
                0x08000000                _vectors

constructors    0x080001c0        0x0
                0x080001c0                PROVIDE (__init_array_start, .)
 *(SORT_BY_NAME(.init_array.*))
 *(.init_array)
                0x080001c0                PROVIDE (__init_array_end, .)

destructors     0x080001c0        0x0
                0x080001c0                PROVIDE (__fini_array_start, .)
 *(.fini_array)
 *(SORT_BY_NAME(.fini_array.*))
                0x080001c0                PROVIDE (__fini_array_end, .)

.text           0x080001c0     0x6900
 *(.text)
 .text          0x080001c0       0xf0 build/obj/crt0_v7m.o
                0x080001c0                Reset_Handler
 .text          0x080002b0       0x48 build/obj/chcoreasm_v7m.o
                0x080002b0                _port_switch
                0x080002c8                _port_thread_start
                0x080002e0                _port_switch_from_isr
                0x080002f4                _port_exit_from_isr
 *fill*         0x080002f8        0x8 
 .text          0x08000300      0x378 c:/users/moi/documents/_microinfo/epuck-eclipse/tools/gcc-arm-none-eabi-7-2017-q4-major-win32/bin/../lib/gcc/arm-none-eabi/7.2.1/thumb/v7e-m/fpv4-sp/hard\libgcc.a(_arm_addsubdf3.o)
                0x08000300                __aeabi_drsub
                0x08000308                __aeabi_dsub
                0x08000308                __subdf3
                0x0800030c                __aeabi_dadd
                0x0800030c                __adddf3
                0x08000584                __floatunsidf
                0x08000584                __aeabi_ui2d
                0x080005a4                __floatsidf
                0x080005a4                __aeabi_i2d
                0x080005c8                __aeabi_f2d
                0x080005c8                __extendsfdf2
                0x0800060c                __floatundidf
                0x0800060c                __aeabi_ul2d
                0x0800061c                __floatdidf
                0x0800061c                __aeabi_l2d
 *fill*         0x08000678        0x8 
 .text          0x08000680      0x424 c:/users/moi/documents/_microinfo/epuck-eclipse/tools/gcc-arm-none-eabi-7-2017-q4-major-win32/bin/../lib/gcc/arm-none-eabi/7.2.1/thumb/v7e-m/fpv4-sp/hard\libgcc.a(_arm_muldivdf3.o)
                0x08000680                __aeabi_dmul
                0x08000680                __muldf3
                0x080008d4                __divdf3
                0x080008d4                __aeabi_ddiv
 *fill*         0x08000aa4        0xc 
 .text          0x08000ab0      0x110 c:/users/moi/documents/_microinfo/epuck-eclipse/tools/gcc-arm-none-eabi-7-2017-q4-major-win32/bin/../lib/gcc/arm-none-eabi/7.2.1/thumb/v7e-m/fpv4-sp/hard\libgcc.a(_arm_cmpdf2.o)
                0x08000ab0                __gtdf2
                0x08000ab0                __gedf2
                0x08000ab8                __ltdf2
                0x08000ab8                __ledf2
                0x08000ac0                __nedf2
                0x08000ac0                __eqdf2
                0x08000ac0                __cmpdf2
                0x08000b3c                __aeabi_cdrcmple
                0x08000b4c                __aeabi_cdcmpeq
                0x08000b4c                __aeabi_cdcmple
                0x08000b5c                __aeabi_dcmpeq
                0x08000b70                __aeabi_dcmplt
                0x08000b84                __aeabi_dcmple
                0x08000b98                __aeabi_dcmpge
                0x08000bac                __aeabi_dcmpgt
 .text          0x08000bc0       0x50 c:/users/moi/documents/_microinfo/epuck-eclipse/tools/gcc-arm-none-eabi-7-2017-q4-major-win32/bin/../lib/gcc/arm-none-eabi/7.2.1/thumb/v7e-m/fpv4-sp/hard\libgcc.a(_arm_fixdfsi.o)
                0x08000bc0                __aeabi_d2iz
                0x08000bc0                __fixdfsi
 .text          0x08000c10       0xa0 c:/users/moi/documents/_microinfo/epuck-eclipse/tools/gcc-arm-none-eabi-7-2017-q4-major-win32/bin/../lib/gcc/arm-none-eabi/7.2.1/thumb/v7e-m/fpv4-sp/hard\libgcc.a(_arm_truncdfsf2.o)
                0x08000c10                __truncdfsf2
                0x08000c10                __aeabi_d2f
 .text          0x08000cb0      0x134 c:/users/moi/documents/_microinfo/epuck-eclipse/tools/gcc-arm-none-eabi-7-2017-q4-major-win32/bin/../lib/gcc/arm-none-eabi/7.2.1/../../../../arm-none-eabi/lib/thumb/v7e-m/fpv4-sp/hard\libg.a(lib_a-memcpy.o)
                0x08000cb0                memcpy
 *fill*         0x08000de4        0xc 
 .text          0x08000df0      0x2dc c:/users/moi/documents/_microinfo/epuck-eclipse/tools/gcc-arm-none-eabi-7-2017-q4-major-win32/bin/../lib/gcc/arm-none-eabi/7.2.1/../../../../arm-none-eabi/lib/thumb/v7e-m/fpv4-sp/hard\libg.a(lib_a-strcmp.o)
                0x08000df8                strcmp
 *(.text.*)
 *fill*         0x080010cc        0x4 
 .text.__late_init
                0x080010d0        0x4 build/obj/crt1.o
                0x080010d0                __late_init
 *fill*         0x080010d4        0xc 
 .text.__default_exit
                0x080010e0        0x4 build/obj/crt1.o
                0x080010e0                __default_exit
 *fill*         0x080010e4        0xc 
 .text._unhandled_exception
                0x080010f0       0x10 build/obj/vectors.o
                0x080010f0                Vector58
                0x080010f0                Vector9C
                0x080010f0                VectorE8
                0x080010f0                VectorAC
                0x080010f0                DebugMon_Handler
                0x080010f0                Vector1A0
                0x080010f0                Vector5C
                0x080010f0                Vector11C
                0x080010f0                HardFault_Handler
                0x080010f0                Vector1B8
                0x080010f0                Vector19C
                0x080010f0                Vector8C
                0x080010f0                PendSV_Handler
                0x080010f0                Vector168
                0x080010f0                NMI_Handler
                0x080010f0                Vector110
                0x080010f0                VectorC8
                0x080010f0                Vector94
                0x080010f0                VectorB4
                0x080010f0                Vector160
                0x080010f0                Vector1B0
                0x080010f0                UsageFault_Handler
                0x080010f0                VectorEC
                0x080010f0                Vector40
                0x080010f0                VectorF8
                0x080010f0                Vector108
                0x080010f0                Vector190
                0x080010f0                Vector148
                0x080010f0                Vector188
                0x080010f0                Vector198
                0x080010f0                Vector118
                0x080010f0                Vector64
                0x080010f0                VectorCC
                0x080010f0                Vector54
                0x080010f0                Vector98
                0x080010f0                VectorD8
                0x080010f0                Vector138
                0x080010f0                Vector24
                0x080010f0                Vector1AC
                0x080010f0                Vector178
                0x080010f0                Vector1A4
                0x080010f0                VectorD0
                0x080010f0                Vector1B4
                0x080010f0                Vector140
                0x080010f0                VectorE4
                0x080010f0                Vector134
                0x080010f0                VectorF0
                0x080010f0                Vector13C
                0x080010f0                Vector100
                0x080010f0                VectorE0
                0x080010f0                VectorF4
                0x080010f0                MemManage_Handler
                0x080010f0                VectorA0
                0x080010f0                VectorC4
                0x080010f0                Vector180
                0x080010f0                VectorB0
                0x080010f0                Vector90
                0x080010f0                Vector114
                0x080010f0                Vector60
                0x080010f0                Vector164
                0x080010f0                Vector1C
                0x080010f0                Vector1BC
                0x080010f0                Vector17C
                0x080010f0                Vector48
                0x080010f0                Vector1A8
                0x080010f0                Vector16C
                0x080010f0                VectorD4
                0x080010f0                Vector4C
                0x080010f0                Vector144
                0x080010f0                Vector15C
                0x080010f0                Vector68
                0x080010f0                _unhandled_exception
                0x080010f0                Vector170
                0x080010f0                Vector88
                0x080010f0                Vector104
                0x080010f0                Vector184
                0x080010f0                Vector10C
                0x080010f0                BusFault_Handler
                0x080010f0                Vector50
                0x080010f0                Vector194
                0x080010f0                Vector44
                0x080010f0                Vector28
                0x080010f0                VectorB8
                0x080010f0                Vector34
                0x080010f0                VectorA4
                0x080010f0                Vector20
                0x080010f0                Vector18C
                0x080010f0                Vector174
 .text._idle_thread
                0x08001100        0x4 build/obj/chsys.o
 *fill*         0x08001104        0xc 
 .text.chSysInit
                0x08001110       0xbc build/obj/chsys.o
                0x08001110                chSysInit
 *fill*         0x080011cc        0x4 
 .text.chSysHalt
                0x080011d0       0x14 build/obj/chsys.o
                0x080011d0                chSysHalt
 *fill*         0x080011e4        0xc 
 .text.chSysTimerHandlerI
                0x080011f0       0x78 build/obj/chsys.o
                0x080011f0                chSysTimerHandlerI
 *fill*         0x08001268        0x8 
 .text.chSysPolledDelayX
                0x08001270       0x14 build/obj/chsys.o
                0x08001270                chSysPolledDelayX
 *fill*         0x08001284        0xc 
 .text._dbg_check_enable
                0x08001290       0x1c build/obj/chdebug.o
                0x08001290                _dbg_check_enable
 *fill*         0x080012ac        0x4 
 .text._dbg_check_lock
                0x080012b0       0x20 build/obj/chdebug.o
                0x080012b0                _dbg_check_lock
 .text._dbg_check_unlock
                0x080012d0       0x28 build/obj/chdebug.o
                0x080012d0                _dbg_check_unlock
 *fill*         0x080012f8        0x8 
 .text._dbg_check_lock_from_isr
                0x08001300       0x24 build/obj/chdebug.o
                0x08001300                _dbg_check_lock_from_isr
 *fill*         0x08001324        0xc 
 .text._dbg_check_unlock_from_isr
                0x08001330       0x2c build/obj/chdebug.o
                0x08001330                _dbg_check_unlock_from_isr
 *fill*         0x0800135c        0x4 
 .text._dbg_check_enter_isr
                0x08001360       0x30 build/obj/chdebug.o
                0x08001360                _dbg_check_enter_isr
 .text._dbg_check_leave_isr
                0x08001390       0x30 build/obj/chdebug.o
                0x08001390                _dbg_check_leave_isr
 .text.chDbgCheckClassI
                0x080013c0       0x20 build/obj/chdebug.o
                0x080013c0                chDbgCheckClassI
 .text.chDbgCheckClassS
                0x080013e0       0x1c build/obj/chdebug.o
                0x080013e0                chDbgCheckClassS
 *fill*         0x080013fc        0x4 
 .text._dbg_trace_init
                0x08001400       0x10 build/obj/chdebug.o
                0x08001400                _dbg_trace_init
 .text._dbg_trace
                0x08001410       0x30 build/obj/chdebug.o
                0x08001410                _dbg_trace
 .text._vt_init
                0x08001440       0x1c build/obj/chvt.o
                0x08001440                _vt_init
 *fill*         0x0800145c        0x4 
 .text.chVTDoSetI
                0x08001460       0x58 build/obj/chvt.o
                0x08001460                chVTDoSetI
 *fill*         0x080014b8        0x8 
 .text.chVTDoResetI
                0x080014c0       0x48 build/obj/chvt.o
                0x080014c0                chVTDoResetI
 *fill*         0x08001508        0x8 
 .text._scheduler_init
                0x08001510       0x14 build/obj/chschd.o
                0x08001510                _scheduler_init
 *fill*         0x08001524        0xc 
 .text.chSchReadyI
                0x08001530       0x4c build/obj/chschd.o
                0x08001530                chSchReadyI
 *fill*         0x0800157c        0x4 
 .text.wakeup   0x08001580       0x6c build/obj/chschd.o
 *fill*         0x080015ec        0x4 
 .text.chSchGoSleepS
                0x080015f0       0x5c build/obj/chschd.o
                0x080015f0                chSchGoSleepS
 *fill*         0x0800164c        0x4 
 .text.chSchGoSleepTimeoutS
                0x08001650       0x54 build/obj/chschd.o
                0x08001650                chSchGoSleepTimeoutS
 *fill*         0x080016a4        0xc 
 .text.chSchWakeupS
                0x080016b0       0x70 build/obj/chschd.o
                0x080016b0                chSchWakeupS
 .text.chSchIsPreemptionRequired
                0x08001720       0x28 build/obj/chschd.o
                0x08001720                chSchIsPreemptionRequired
 *fill*         0x08001748        0x8 
 .text.chSchDoRescheduleBehind
                0x08001750       0x58 build/obj/chschd.o
                0x08001750                chSchDoRescheduleBehind
 *fill*         0x080017a8        0x8 
 .text.chSchDoRescheduleAhead
                0x080017b0       0x68 build/obj/chschd.o
                0x080017b0                chSchDoRescheduleAhead
 *fill*         0x08001818        0x8 
 .text.chSchRescheduleS
                0x08001820       0x28 build/obj/chschd.o
                0x08001820                chSchRescheduleS
 *fill*         0x08001848        0x8 
 .text.chSchDoReschedule
                0x08001850       0x18 build/obj/chschd.o
                0x08001850                chSchDoReschedule
 *fill*         0x08001868        0x8 
 .text._thread_init
                0x08001870       0x5c build/obj/chthreads.o
                0x08001870                _thread_init
 *fill*         0x080018cc        0x4 
 .text._thread_memfill
                0x080018d0       0x10 build/obj/chthreads.o
                0x080018d0                _thread_memfill
 .text.chThdCreateI
                0x080018e0       0x50 build/obj/chthreads.o
                0x080018e0                chThdCreateI
 .text.chThdCreateStatic
                0x08001930       0x90 build/obj/chthreads.o
                0x08001930                chThdCreateStatic
 .text.chThdSleep
                0x080019c0       0x60 build/obj/chthreads.o
                0x080019c0                chThdSleep
 .text.chThdSleepUntilWindowed
                0x08001a20       0x74 build/obj/chthreads.o
                0x08001a20                chThdSleepUntilWindowed
 *fill*         0x08001a94        0xc 
 .text.chThdExitS
                0x08001aa0       0x4c build/obj/chthreads.o
                0x08001aa0                chThdExitS
 *fill*         0x08001aec        0x4 
 .text.chThdExit
                0x08001af0       0x1c build/obj/chthreads.o
                0x08001af0                chThdExit
 *fill*         0x08001b0c        0x4 
 .text.chThdSuspendTimeoutS
                0x08001b10       0x34 build/obj/chthreads.o
                0x08001b10                chThdSuspendTimeoutS
 *fill*         0x08001b44        0xc 
 .text.chThdResumeI
                0x08001b50       0x30 build/obj/chthreads.o
                0x08001b50                chThdResumeI
 .text.chThdEnqueueTimeoutS
                0x08001b80       0x28 build/obj/chthreads.o
                0x08001b80                chThdEnqueueTimeoutS
 *fill*         0x08001ba8        0x8 
 .text.chThdDequeueNextI
                0x08001bb0       0x30 build/obj/chthreads.o
                0x08001bb0                chThdDequeueNextI
 .text.chTMObjectInit
                0x08001be0       0x18 build/obj/chtm.o
                0x08001be0                chTMObjectInit
 *fill*         0x08001bf8        0x8 
 .text.chTMStartMeasurementX
                0x08001c00        0xc build/obj/chtm.o
                0x08001c00                chTMStartMeasurementX
 *fill*         0x08001c0c        0x4 
 .text.chTMStopMeasurementX
                0x08001c10       0x48 build/obj/chtm.o
                0x08001c10                chTMStopMeasurementX
 *fill*         0x08001c58        0x8 
 .text._tm_init
                0x08001c60       0x3c build/obj/chtm.o
                0x08001c60                _tm_init
 *fill*         0x08001c9c        0x4 
 .text.chTMChainMeasurementToX
                0x08001ca0       0x40 build/obj/chtm.o
                0x08001ca0                chTMChainMeasurementToX
 .text._stats_init
                0x08001ce0       0x28 build/obj/chstats.o
                0x08001ce0                _stats_init
 *fill*         0x08001d08        0x8 
 .text._stats_increase_irq
                0x08001d10       0x14 build/obj/chstats.o
                0x08001d10                _stats_increase_irq
 *fill*         0x08001d24        0xc 
 .text._stats_ctxswc
                0x08001d30       0x24 build/obj/chstats.o
                0x08001d30                _stats_ctxswc
 *fill*         0x08001d54        0xc 
 .text._stats_start_measure_crit_thd
                0x08001d60        0xc build/obj/chstats.o
                0x08001d60                _stats_start_measure_crit_thd
 *fill*         0x08001d6c        0x4 
 .text._stats_stop_measure_crit_thd
                0x08001d70        0xc build/obj/chstats.o
                0x08001d70                _stats_stop_measure_crit_thd
 *fill*         0x08001d7c        0x4 
 .text._stats_start_measure_crit_isr
                0x08001d80        0xc build/obj/chstats.o
                0x08001d80                _stats_start_measure_crit_isr
 *fill*         0x08001d8c        0x4 
 .text._stats_stop_measure_crit_isr
                0x08001d90        0xc build/obj/chstats.o
                0x08001d90                _stats_stop_measure_crit_isr
 *fill*         0x08001d9c        0x4 
 .text.chMtxObjectInit
                0x08001da0       0x20 build/obj/chmtx.o
                0x08001da0                chMtxObjectInit
 .text.chMtxLockS
                0x08001dc0      0x154 build/obj/chmtx.o
                0x08001dc0                chMtxLockS
 *fill*         0x08001f14        0xc 
 .text.chMtxLock
                0x08001f20       0x50 build/obj/chmtx.o
                0x08001f20                chMtxLock
 .text.chMtxUnlock
                0x08001f70       0xf4 build/obj/chmtx.o
                0x08001f70                chMtxUnlock
 *fill*         0x08002064        0xc 
 .text.chMtxUnlockS
                0x08002070       0xb4 build/obj/chmtx.o
                0x08002070                chMtxUnlockS
 *fill*         0x08002124        0xc 
 .text.chCondBroadcastI
                0x08002130       0x38 build/obj/chcond.o
                0x08002130                chCondBroadcastI
 *fill*         0x08002168        0x8 
 .text.chCondBroadcast
                0x08002170       0x54 build/obj/chcond.o
                0x08002170                chCondBroadcast
 *fill*         0x080021c4        0xc 
 .text.chCondWaitS
                0x080021d0       0x6c build/obj/chcond.o
                0x080021d0                chCondWaitS
 *fill*         0x0800223c        0x4 
 .text.chCondWait
                0x08002240       0x58 build/obj/chcond.o
                0x08002240                chCondWait
 *fill*         0x08002298        0x8 
 .text.chEvtSignalI
                0x080022a0       0x48 build/obj/chevents.o
                0x080022a0                chEvtSignalI
 *fill*         0x080022e8        0x8 
 .text.chEvtBroadcastFlagsI
                0x080022f0       0x3c build/obj/chevents.o
                0x080022f0                chEvtBroadcastFlagsI
 *fill*         0x0800232c        0x4 
 .text.chIQObjectInit
                0x08002330       0x20 build/obj/chqueues.o
                0x08002330                chIQObjectInit
 .text.chIQPutI
                0x08002350       0x44 build/obj/chqueues.o
                0x08002350                chIQPutI
 *fill*         0x08002394        0xc 
 .text.chIQGetTimeout
                0x080023a0       0x88 build/obj/chqueues.o
                0x080023a0                chIQGetTimeout
 *fill*         0x08002428        0x8 
 .text.chIQReadTimeout
                0x08002430       0xdc build/obj/chqueues.o
                0x08002430                chIQReadTimeout
 *fill*         0x0800250c        0x4 
 .text.chOQObjectInit
                0x08002510       0x1c build/obj/chqueues.o
                0x08002510                chOQObjectInit
 *fill*         0x0800252c        0x4 
 .text.chOQPutTimeout
                0x08002530       0xac build/obj/chqueues.o
                0x08002530                chOQPutTimeout
 *fill*         0x080025dc        0x4 
 .text.chOQGetI
                0x080025e0       0x40 build/obj/chqueues.o
                0x080025e0                chOQGetI
 .text.chOQWriteTimeout
                0x08002620       0xec build/obj/chqueues.o
                0x08002620                chOQWriteTimeout
 *fill*         0x0800270c        0x4 
 .text._core_init
                0x08002710       0x28 build/obj/chmemcore.o
                0x08002710                _core_init
 *fill*         0x08002738        0x8 
 .text.chCoreAlloc
                0x08002740       0x74 build/obj/chmemcore.o
                0x08002740                chCoreAlloc
 *fill*         0x080027b4        0xc 
 .text._heap_init
                0x080027c0       0x1c build/obj/chheap.o
                0x080027c0                _heap_init
 *fill*         0x080027dc        0x4 
 .text.SVC_Handler
                0x080027e0       0x2c build/obj/chcore_v7m.o
                0x080027e0                SVC_Handler
 *fill*         0x0800280c        0x4 
 .text._port_irq_epilogue
                0x08002810       0x60 build/obj/chcore_v7m.o
                0x08002810                _port_irq_epilogue
 .text.halInit  0x08002870       0x30 build/obj/hal.o
                0x08002870                halInit
 .text.gptInit  0x080028a0        0x4 build/obj/gpt.o
                0x080028a0                gptInit
 *fill*         0x080028a4        0xc 
 .text.gptObjectInit
                0x080028b0        0xc build/obj/gpt.o
                0x080028b0                gptObjectInit
 *fill*         0x080028bc        0x4 
 .text.i2cInit  0x080028c0        0x4 build/obj/i2c.o
                0x080028c0                i2cInit
 *fill*         0x080028c4        0xc 
 .text.i2cObjectInit
                0x080028d0       0x10 build/obj/i2c.o
                0x080028d0                i2cObjectInit
 .text.i2cStart
                0x080028e0       0x7c build/obj/i2c.o
                0x080028e0                i2cStart
 *fill*         0x0800295c        0x4 
 .text.i2cStop  0x08002960       0x74 build/obj/i2c.o
                0x08002960                i2cStop
 *fill*         0x080029d4        0xc 
 .text.i2cGetErrors
                0x080029e0       0x18 build/obj/i2c.o
                0x080029e0                i2cGetErrors
 *fill*         0x080029f8        0x8 
 .text.i2cMasterTransmitTimeout
                0x08002a00       0xb4 build/obj/i2c.o
                0x08002a00                i2cMasterTransmitTimeout
 *fill*         0x08002ab4        0xc 
 .text.i2cAcquireBus
                0x08002ac0       0x28 build/obj/i2c.o
                0x08002ac0                i2cAcquireBus
 *fill*         0x08002ae8        0x8 
 .text.i2cReleaseBus
                0x08002af0       0x28 build/obj/i2c.o
                0x08002af0                i2cReleaseBus
 *fill*         0x08002b18        0x8 
 .text.readt    0x08002b20        0x8 build/obj/serial.o
 *fill*         0x08002b28        0x8 
 .text.read     0x08002b30        0xc build/obj/serial.o
 *fill*         0x08002b3c        0x4 
 .text.writet   0x08002b40        0x8 build/obj/serial.o
 *fill*         0x08002b48        0x8 
 .text.write    0x08002b50        0xc build/obj/serial.o
 *fill*         0x08002b5c        0x4 
 .text.gett     0x08002b60        0x8 build/obj/serial.o
 *fill*         0x08002b68        0x8 
 .text.get      0x08002b70        0xc build/obj/serial.o
 *fill*         0x08002b7c        0x4 
 .text.putt     0x08002b80        0x8 build/obj/serial.o
 *fill*         0x08002b88        0x8 
 .text.put      0x08002b90        0xc build/obj/serial.o
 *fill*         0x08002b9c        0x4 
 .text.sdInit   0x08002ba0        0x4 build/obj/serial.o
                0x08002ba0                sdInit
 *fill*         0x08002ba4        0xc 
 .text.sdObjectInit
                0x08002bb0       0x40 build/obj/serial.o
                0x08002bb0                sdObjectInit
 .text.sdStart  0x08002bf0       0x74 build/obj/serial.o
                0x08002bf0                sdStart
 *fill*         0x08002c64        0xc 
 .text.sdIncomingDataI
                0x08002c70       0x54 build/obj/serial.o
                0x08002c70                sdIncomingDataI
 *fill*         0x08002cc4        0xc 
 .text.sduInit  0x08002cd0        0x4 build/obj/serial_usb.o
                0x08002cd0                sduInit
 *fill*         0x08002cd4        0xc 
 .text.stInit   0x08002ce0        0x4 build/obj/st.o
                0x08002ce0                stInit
 *fill*         0x08002ce4        0xc 
 .text.usbInit  0x08002cf0        0x4 build/obj/usb.o
                0x08002cf0                usbInit
 *fill*         0x08002cf4        0xc 
 .text.usbObjectInit
                0x08002d00       0x18 build/obj/usb.o
                0x08002d00                usbObjectInit
 *fill*         0x08002d18        0x8 
 .text.usbStartReceiveI
                0x08002d20       0x3c build/obj/usb.o
                0x08002d20                usbStartReceiveI
 *fill*         0x08002d5c        0x4 
 .text.usbStartTransmitI
                0x08002d60       0x3c build/obj/usb.o
                0x08002d60                usbStartTransmitI
 *fill*         0x08002d9c        0x4 
 .text._usb_reset
                0x08002da0       0x1c build/obj/usb.o
                0x08002da0                _usb_reset
 *fill*         0x08002dbc        0x4 
 .text._usb_ep0setup
                0x08002dc0      0x32c build/obj/usb.o
                0x08002dc0                _usb_ep0setup
 *fill*         0x080030ec        0x4 
 .text._usb_ep0in
                0x080030f0       0xfc build/obj/usb.o
                0x080030f0                _usb_ep0in
 *fill*         0x080031ec        0x4 
 .text._usb_ep0out
                0x080031f0       0xa8 build/obj/usb.o
                0x080031f0                _usb_ep0out
 *fill*         0x08003298        0x8 
 .text.nvicEnableVector
                0x080032a0       0x34 build/obj/nvic.o
                0x080032a0                nvicEnableVector
 *fill*         0x080032d4        0xc 
 .text.nvicDisableVector
                0x080032e0       0x28 build/obj/nvic.o
                0x080032e0                nvicDisableVector
 *fill*         0x08003308        0x8 
 .text.nvicSetSystemHandlerPriority
                0x08003310       0x24 build/obj/nvic.o
                0x08003310                nvicSetSystemHandlerPriority
 *fill*         0x08003334        0xc 
 .text.Vector6C
                0x08003340       0x34 build/obj/stm32_dma.o
                0x08003340                Vector6C
 *fill*         0x08003374        0xc 
 .text.Vector70
                0x08003380       0x38 build/obj/stm32_dma.o
                0x08003380                Vector70
 *fill*         0x080033b8        0x8 
 .text.Vector74
                0x080033c0       0x38 build/obj/stm32_dma.o
                0x080033c0                Vector74
 *fill*         0x080033f8        0x8 
 .text.Vector78
                0x08003400       0x38 build/obj/stm32_dma.o
                0x08003400                Vector78
 *fill*         0x08003438        0x8 
 .text.Vector7C
                0x08003440       0x34 build/obj/stm32_dma.o
                0x08003440                Vector7C
 *fill*         0x08003474        0xc 
 .text.Vector80
                0x08003480       0x38 build/obj/stm32_dma.o
                0x08003480                Vector80
 *fill*         0x080034b8        0x8 
 .text.Vector84
                0x080034c0       0x38 build/obj/stm32_dma.o
                0x080034c0                Vector84
 *fill*         0x080034f8        0x8 
 .text.VectorFC
                0x08003500       0x38 build/obj/stm32_dma.o
                0x08003500                VectorFC
 *fill*         0x08003538        0x8 
 .text.Vector120
                0x08003540       0x34 build/obj/stm32_dma.o
                0x08003540                Vector120
 *fill*         0x08003574        0xc 
 .text.Vector124
                0x08003580       0x38 build/obj/stm32_dma.o
                0x08003580                Vector124
 *fill*         0x080035b8        0x8 
 .text.Vector128
                0x080035c0       0x38 build/obj/stm32_dma.o
                0x080035c0                Vector128
 *fill*         0x080035f8        0x8 
 .text.Vector12C
                0x08003600       0x38 build/obj/stm32_dma.o
                0x08003600                Vector12C
 *fill*         0x08003638        0x8 
 .text.Vector130
                0x08003640       0x34 build/obj/stm32_dma.o
                0x08003640                Vector130
 *fill*         0x08003674        0xc 
 .text.Vector150
                0x08003680       0x38 build/obj/stm32_dma.o
                0x08003680                Vector150
 *fill*         0x080036b8        0x8 
 .text.Vector154
                0x080036c0       0x38 build/obj/stm32_dma.o
                0x080036c0                Vector154
 *fill*         0x080036f8        0x8 
 .text.Vector158
                0x08003700       0x38 build/obj/stm32_dma.o
                0x08003700                Vector158
 *fill*         0x08003738        0x8 
 .text.dmaInit  0x08003740       0x54 build/obj/stm32_dma.o
                0x08003740                dmaInit
 *fill*         0x08003794        0xc 
 .text.dmaStreamAllocate
                0x080037a0       0xb0 build/obj/stm32_dma.o
                0x080037a0                dmaStreamAllocate
 .text.dmaStreamRelease
                0x08003850       0x68 build/obj/stm32_dma.o
                0x08003850                dmaStreamRelease
 *fill*         0x080038b8        0x8 
 .text.hal_lld_init
                0x080038c0       0x68 build/obj/hal_lld.o
                0x080038c0                hal_lld_init
 *fill*         0x08003928        0x8 
 .text.stm32_clock_init
                0x08003930       0xdc build/obj/hal_lld.o
                0x08003930                stm32_clock_init
 *fill*         0x08003a0c        0x4 
 .text._pal_lld_init
                0x08003a10      0x1b0 build/obj/pal_lld.o
                0x08003a10                _pal_lld_init
 .text._pal_lld_setgroupmode
                0x08003bc0       0xbc build/obj/pal_lld.o
                0x08003bc0                _pal_lld_setgroupmode
 *fill*         0x08003c7c        0x4 
 .text.i2c_lld_serve_tx_end_irq
                0x08003c80       0x40 build/obj/i2c_lld.o
 .text.i2c_lld_serve_rx_end_irq
                0x08003cc0       0x74 build/obj/i2c_lld.o
 *fill*         0x08003d34        0xc 
 .text.VectorBC
                0x08003d40      0x118 build/obj/i2c_lld.o
                0x08003d40                VectorBC
 *fill*         0x08003e58        0x8 
 .text.VectorC0
                0x08003e60       0xfc build/obj/i2c_lld.o
                0x08003e60                VectorC0
 *fill*         0x08003f5c        0x4 
 .text.i2c_lld_init
                0x08003f60       0x2c build/obj/i2c_lld.o
                0x08003f60                i2c_lld_init
 *fill*         0x08003f8c        0x4 
 .text.i2c_lld_start
                0x08003f90      0x244 build/obj/i2c_lld.o
                0x08003f90                i2c_lld_start
 *fill*         0x080041d4        0xc 
 .text.i2c_lld_stop
                0x080041e0       0x88 build/obj/i2c_lld.o
                0x080041e0                i2c_lld_stop
 *fill*         0x08004268        0x8 
 .text.i2c_lld_master_transmit_timeout
                0x08004270       0xec build/obj/i2c_lld.o
                0x08004270                i2c_lld_master_transmit_timeout
 *fill*         0x0800435c        0x4 
 .text.usb_lld_init
                0x08004360       0x44 build/obj/usb_lld.o
                0x08004360                usb_lld_init
 *fill*         0x080043a4        0xc 
 .text.usb_lld_reset
                0x080043b0       0xd0 build/obj/usb_lld.o
                0x080043b0                usb_lld_reset
 .text.usb_lld_set_address
                0x08004480       0x18 build/obj/usb_lld.o
                0x08004480                usb_lld_set_address
 *fill*         0x08004498        0x8 
 .text.usb_lld_get_status_out
                0x080044a0       0x1c build/obj/usb_lld.o
                0x080044a0                usb_lld_get_status_out
 *fill*         0x080044bc        0x4 
 .text.usb_lld_get_status_in
                0x080044c0       0x1c build/obj/usb_lld.o
                0x080044c0                usb_lld_get_status_in
 *fill*         0x080044dc        0x4 
 .text.usb_lld_read_setup
                0x080044e0       0x14 build/obj/usb_lld.o
                0x080044e0                usb_lld_read_setup
 *fill*         0x080044f4        0xc 
 .text.usb_lld_prepare_receive
                0x08004500       0x40 build/obj/usb_lld.o
                0x08004500                usb_lld_prepare_receive
 .text.otg_epout_handler.constprop.7
                0x08004540       0xac build/obj/usb_lld.o
 *fill*         0x080045ec        0x4 
 .text.usb_lld_prepare_transmit
                0x080045f0       0x4c build/obj/usb_lld.o
                0x080045f0                usb_lld_prepare_transmit
 *fill*         0x0800463c        0x4 
 .text.otg_epin_handler.constprop.8
                0x08004640       0xf0 build/obj/usb_lld.o
 .text.Vector14C
                0x08004730      0x114 build/obj/usb_lld.o
                0x08004730                Vector14C
 *fill*         0x08004844        0xc 
 .text.usb_lld_start_out
                0x08004850       0x14 build/obj/usb_lld.o
                0x08004850                usb_lld_start_out
 *fill*         0x08004864        0xc 
 .text.usb_lld_start_in
                0x08004870       0x2c build/obj/usb_lld.o
                0x08004870                usb_lld_start_in
 *fill*         0x0800489c        0x4 
 .text.usb_lld_stall_out
                0x080048a0       0x14 build/obj/usb_lld.o
                0x080048a0                usb_lld_stall_out
 *fill*         0x080048b4        0xc 
 .text.usb_lld_stall_in
                0x080048c0       0x14 build/obj/usb_lld.o
                0x080048c0                usb_lld_stall_in
 *fill*         0x080048d4        0xc 
 .text.usb_lld_clear_out
                0x080048e0       0x14 build/obj/usb_lld.o
                0x080048e0                usb_lld_clear_out
 *fill*         0x080048f4        0xc 
 .text.usb_lld_clear_in
                0x08004900       0x14 build/obj/usb_lld.o
                0x08004900                usb_lld_clear_in
 *fill*         0x08004914        0xc 
 .text.VectorA8
                0x08004920       0x40 build/obj/gpt_lld.o
                0x08004920                VectorA8
 .text.gpt_lld_init
                0x08004960       0x14 build/obj/gpt_lld.o
                0x08004960                gpt_lld_init
 *fill*         0x08004974        0xc 
 .text.SysTick_Handler
                0x08004980       0x38 build/obj/st_lld.o
                0x08004980                SysTick_Handler
 *fill*         0x080049b8        0x8 
 .text.st_lld_init
                0x080049c0       0x20 build/obj/st_lld.o
                0x080049c0                st_lld_init
 .text.notify3  0x080049e0       0x10 build/obj/serial_lld.o
 .text.VectorDC
                0x080049f0      0x184 build/obj/serial_lld.o
                0x080049f0                VectorDC
 *fill*         0x08004b74        0xc 
 .text.sd_lld_init
                0x08004b80       0x20 build/obj/serial_lld.o
                0x08004b80                sd_lld_init
 .text.sd_lld_start
                0x08004ba0       0x90 build/obj/serial_lld.o
                0x08004ba0                sd_lld_start
 .text.__early_init
                0x08004c30        0x4 build/obj/board.o
                0x08004c30                __early_init
 *fill*         0x08004c34        0xc 
 .text.boardInit
                0x08004c40        0x4 build/obj/board.o
                0x08004c40                boardInit
 *fill*         0x08004c44        0xc 
 .text.chvprintf
                0x08004c50      0x594 build/obj/chprintf.o
                0x08004c50                chvprintf
 *fill*         0x080051e4        0xc 
 .text.messagebus_init
                0x080051f0        0xc build/obj/messagebus.o
                0x080051f0                messagebus_init
 *fill*         0x080051fc        0x4 
 .text.messagebus_topic_init
                0x08005200       0x20 build/obj/messagebus.o
                0x08005200                messagebus_topic_init
 .text.messagebus_advertise_topic
                0x08005220       0x3c build/obj/messagebus.o
                0x08005220                messagebus_advertise_topic
 *fill*         0x0800525c        0x4 
 .text.messagebus_find_topic_blocking
                0x08005260       0x38 build/obj/messagebus.o
                0x08005260                messagebus_find_topic_blocking
 *fill*         0x08005298        0x8 
 .text.messagebus_topic_publish
                0x080052a0       0x5c build/obj/messagebus.o
                0x080052a0                messagebus_topic_publish
 *fill*         0x080052fc        0x4 
 .text.messagebus_topic_wait
                0x08005300       0x28 build/obj/messagebus.o
                0x08005300                messagebus_topic_wait
 *fill*         0x08005328        0x8 
 .text.messagebus_lock_acquire
                0x08005330        0x4 build/obj/port.o
                0x08005330                messagebus_lock_acquire
 *fill*         0x08005334        0xc 
 .text.messagebus_lock_release
                0x08005340        0x4 build/obj/port.o
                0x08005340                messagebus_lock_release
 *fill*         0x08005344        0xc 
 .text.messagebus_condvar_broadcast
                0x08005350        0x4 build/obj/port.o
                0x08005350                messagebus_condvar_broadcast
 *fill*         0x08005354        0xc 
 .text.messagebus_condvar_wait
                0x08005360        0x4 build/obj/port.o
                0x08005360                messagebus_condvar_wait
 *fill*         0x08005364        0xc 
 .text.i2c_start
                0x08005370       0x50 build/obj/i2c_bus.o
                0x08005370                i2c_start
 .text.read_reg
                0x080053c0       0x7c build/obj/i2c_bus.o
                0x080053c0                read_reg
 *fill*         0x0800543c        0x4 
 .text.write_reg
                0x08005440       0x78 build/obj/i2c_bus.o
                0x08005440                write_reg
 *fill*         0x080054b8        0x8 
 .text.read_reg_multi
                0x080054c0       0x74 build/obj/i2c_bus.o
                0x080054c0                read_reg_multi
 *fill*         0x08005534        0xc 
 .text.chprintf.constprop.0
                0x08005540       0x28 build/obj/main.o
 *fill*         0x08005568        0x8 
 .text.panic_handler
                0x08005570       0x2c build/obj/main.o
                0x08005570                panic_handler
 *fill*         0x0800559c        0x4 
 .text.show_gravity
                0x080055a0      0x208 build/obj/main.o
                0x080055a0                show_gravity
 *fill*         0x080057a8        0x8 
 .text.startup.main
                0x080057b0       0x6c build/obj/main.o
                0x080057b0                main
 *fill*         0x0800581c        0x4 
 .text.mpu9250_setup
                0x08005820      0x138 build/obj/mpu9250.o
                0x08005820                mpu9250_setup
 *fill*         0x08005958        0x8 
 .text.mpu9250_read
                0x08005960       0xa8 build/obj/mpu9250.o
                0x08005960                mpu9250_read
 *fill*         0x08005a08        0x8 
 .text.imu_compute_units
                0x08005a10       0x68 build/obj/imu.o
                0x08005a10                imu_compute_units
 *fill*         0x08005a78        0x8 
 .text.imu_reader_thd
                0x08005a80       0xe8 build/obj/imu.o
 *fill*         0x08005b68        0x8 
 .text.imu_start
                0x08005b70       0x40 build/obj/imu.o
                0x08005b70                imu_start
 .text.imu_compute_offset
                0x08005bb0       0xd0 build/obj/imu.o
                0x08005bb0                imu_compute_offset
 .text.atan2    0x08005c80        0x4 c:/users/moi/documents/_microinfo/epuck-eclipse/tools/gcc-arm-none-eabi-7-2017-q4-major-win32/bin/../lib/gcc/arm-none-eabi/7.2.1/../../../../arm-none-eabi/lib/thumb/v7e-m/fpv4-sp/hard\libm.a(lib_a-w_atan2.o)
                0x08005c80                atan2
 *fill*         0x08005c84        0xc 
 .text.__ieee754_atan2
                0x08005c90      0x1c4 c:/users/moi/documents/_microinfo/epuck-eclipse/tools/gcc-arm-none-eabi-7-2017-q4-major-win32/bin/../lib/gcc/arm-none-eabi/7.2.1/../../../../arm-none-eabi/lib/thumb/v7e-m/fpv4-sp/hard\libm.a(lib_a-e_atan2.o)
                0x08005c90                __ieee754_atan2
 *fill*         0x08005e54        0xc 
 .text.atan     0x08005e60      0x358 c:/users/moi/documents/_microinfo/epuck-eclipse/tools/gcc-arm-none-eabi-7-2017-q4-major-win32/bin/../lib/gcc/arm-none-eabi/7.2.1/../../../../arm-none-eabi/lib/thumb/v7e-m/fpv4-sp/hard\libm.a(lib_a-s_atan.o)
                0x08005e60                atan
 *fill*         0x080061b8        0x8 
 .text.fabs     0x080061c0       0x14 c:/users/moi/documents/_microinfo/epuck-eclipse/tools/gcc-arm-none-eabi-7-2017-q4-major-win32/bin/../lib/gcc/arm-none-eabi/7.2.1/../../../../arm-none-eabi/lib/thumb/v7e-m/fpv4-sp/hard\libm.a(lib_a-s_fabs.o)
                0x080061c0                fabs
 *fill*         0x080061d4        0xc 
 .text.memset   0x080061e0       0x94 c:/users/moi/documents/_microinfo/epuck-eclipse/tools/gcc-arm-none-eabi-7-2017-q4-major-win32/bin/../lib/gcc/arm-none-eabi/7.2.1/../../../../arm-none-eabi/lib/thumb/v7e-m/fpv4-sp/hard\libg.a(lib_a-memset.o)
                0x080061e0                memset
 *fill*         0x08006274        0xc 
 .text.strncpy  0x08006280       0x64 c:/users/moi/documents/_microinfo/epuck-eclipse/tools/gcc-arm-none-eabi-7-2017-q4-major-win32/bin/../lib/gcc/arm-none-eabi/7.2.1/../../../../arm-none-eabi/lib/thumb/v7e-m/fpv4-sp/hard\libg.a(lib_a-strncpy.o)
                0x08006280                strncpy
 *(.rodata)
 *(.rodata.*)
 *fill*         0x080062e4        0xc 
 .rodata._unhandled_exception.str1.4
                0x080062f0       0x14 build/obj/vectors.o
 *fill*         0x08006304        0xc 
 .rodata.chSysInit.str1.4
                0x08006310        0x5 build/obj/chsys.o
 *fill*         0x08006315        0xb 
 .rodata._dbg_check_enable.str1.4
                0x08006320        0x5 build/obj/chdebug.o
 *fill*         0x08006325        0xb 
 .rodata._dbg_check_enter_isr.str1.4
                0x08006330        0x5 build/obj/chdebug.o
 *fill*         0x08006335        0xb 
 .rodata._dbg_check_leave_isr.str1.4
                0x08006340        0x5 build/obj/chdebug.o
 *fill*         0x08006345        0xb 
 .rodata._dbg_check_lock.str1.4
                0x08006350        0x5 build/obj/chdebug.o
 *fill*         0x08006355        0xb 
 .rodata._dbg_check_lock_from_isr.str1.4
                0x08006360        0x5 build/obj/chdebug.o
 *fill*         0x08006365        0xb 
 .rodata._dbg_check_unlock.str1.4
                0x08006370        0x5 build/obj/chdebug.o
 *fill*         0x08006375        0xb 
 .rodata._dbg_check_unlock_from_isr.str1.4
                0x08006380        0x5 build/obj/chdebug.o
 *fill*         0x08006385        0xb 
 .rodata.chDbgCheckClassI.str1.4
                0x08006390        0x6 build/obj/chdebug.o
 *fill*         0x08006396        0xa 
 .rodata.chDbgCheckClassS.str1.4
                0x080063a0        0x6 build/obj/chdebug.o
 *fill*         0x080063a6        0xa 
 .rodata.__func__.7857
                0x080063b0        0xb build/obj/chvt.o
 *fill*         0x080063bb        0x5 
 .rodata.__func__.7864
                0x080063c0        0xd build/obj/chvt.o
 *fill*         0x080063cd        0x3 
 .rodata.__func__.7854
                0x080063d0        0xc build/obj/chschd.o
 *fill*         0x080063dc        0x4 
 .rodata.chSchGoSleepS.str1.4
                0x080063e0        0xf build/obj/chschd.o
 *fill*         0x080063ef        0x1 
 .rodata.__func__.7153
                0x080063f0        0xc build/obj/chthreads.o
 *fill*         0x080063fc        0x4 
 .rodata.__func__.7324
                0x08006400        0xc build/obj/chthreads.o
 *fill*         0x0800640c        0x4 
 .rodata.__func__.7336
                0x08006410       0x14 build/obj/chthreads.o
 *fill*         0x08006424        0xc 
 .rodata.__func__.7866
                0x08006430        0xd build/obj/chthreads.o
 *fill*         0x0800643d        0x3 
 .rodata.__func__.7910
                0x08006440        0xb build/obj/chthreads.o
 *fill*         0x0800644b        0x5 
 .rodata.__func__.7926
                0x08006450       0x15 build/obj/chthreads.o
 *fill*         0x08006465        0xb 
 .rodata.__func__.7932
                0x08006470        0xd build/obj/chthreads.o
 *fill*         0x0800647d        0x3 
 .rodata.ch_debug
                0x08006480       0x16 build/obj/chregistry.o
                0x08006480                ch_debug
 *fill*         0x08006496        0xa 
 .rodata.__func__.7153
                0x080064a0        0xc build/obj/chmtx.o
 *fill*         0x080064ac        0x4 
 .rodata.__func__.7849
                0x080064b0       0x10 build/obj/chmtx.o
 .rodata.__func__.7857
                0x080064c0        0xb build/obj/chmtx.o
 *fill*         0x080064cb        0x5 
 .rodata.__func__.7880
                0x080064d0        0xc build/obj/chmtx.o
 *fill*         0x080064dc        0x4 
 .rodata.__func__.7891
                0x080064e0        0xd build/obj/chmtx.o
 *fill*         0x080064ed        0x3 
 .rodata.__func__.7153
                0x080064f0        0xc build/obj/chcond.o
 *fill*         0x080064fc        0x4 
 .rodata.__func__.7865
                0x08006500       0x11 build/obj/chcond.o
 *fill*         0x08006511        0xf 
 .rodata.__func__.7879
                0x08006520        0xc build/obj/chcond.o
 *fill*         0x0800652c        0x4 
 .rodata.__func__.7874
                0x08006530       0x15 build/obj/chevents.o
 *fill*         0x08006545        0xb 
 .rodata.__func__.7891
                0x08006550        0xd build/obj/chevents.o
 *fill*         0x0800655d        0x3 
 .rodata.__func__.7153
                0x08006560        0xc build/obj/chqueues.o
 *fill*         0x0800656c        0x4 
 .rodata.__func__.7877
                0x08006570       0x10 build/obj/chqueues.o
 .rodata.__func__.7913
                0x08006580       0x11 build/obj/chqueues.o
 *fill*         0x08006591        0xf 
 .rodata.__func__.7153
                0x080065a0        0xc build/obj/chmemcore.o
 *fill*         0x080065ac        0x4 
 .rodata.__func__.7153
                0x080065b0        0xc build/obj/i2c.o
 *fill*         0x080065bc        0x4 
 .rodata.__func__.8890
                0x080065c0        0x9 build/obj/i2c.o
 *fill*         0x080065c9        0x7 
 .rodata.__func__.8894
                0x080065d0        0x8 build/obj/i2c.o
 *fill*         0x080065d8        0x8 
 .rodata.__func__.8898
                0x080065e0        0xd build/obj/i2c.o
 *fill*         0x080065ed        0x3 
 .rodata.__func__.8909
                0x080065f0       0x19 build/obj/i2c.o
 *fill*         0x08006609        0x7 
 .rodata.__func__.8922
                0x08006610        0xe build/obj/i2c.o
 *fill*         0x0800661e        0x2 
 .rodata.__func__.8926
                0x08006620        0xe build/obj/i2c.o
 *fill*         0x0800662e        0x2 
 .rodata.__func__.7153
                0x08006630        0xc build/obj/serial.o
 *fill*         0x0800663c        0x4 
 .rodata.__func__.8931
                0x08006640        0x8 build/obj/serial.o
 *fill*         0x08006648        0x8 
 .rodata.__func__.8940
                0x08006650       0x10 build/obj/serial.o
 .rodata.vmt    0x08006660       0x20 build/obj/serial.o
 .rodata.__func__.9390
                0x08006680       0x11 build/obj/usb.o
 *fill*         0x08006691        0xf 
 .rodata.__func__.9395
                0x080066a0       0x12 build/obj/usb.o
 *fill*         0x080066b2        0xe 
 .rodata.__func__.9429
                0x080066c0        0xb build/obj/usb.o
 *fill*         0x080066cb        0x5 
 .rodata.__func__.9443
                0x080066d0        0xc build/obj/usb.o
 *fill*         0x080066dc        0x4 
 .rodata.active_status
                0x080066e0        0x2 build/obj/usb.o
 *fill*         0x080066e2        0xe 
 .rodata.halted_status
                0x080066f0        0x2 build/obj/usb.o
 *fill*         0x080066f2        0xe 
 .rodata.zero_status
                0x08006700        0x2 build/obj/usb.o
 *fill*         0x08006702        0xe 
 .rodata.__func__.8891
                0x08006710       0x1d build/obj/nvic.o
 *fill*         0x0800672d        0x3 
 .rodata.__func__.8964
                0x08006730       0x12 build/obj/stm32_dma.o
 *fill*         0x08006742        0xe 
 .rodata.__func__.8971
                0x08006750       0x11 build/obj/stm32_dma.o
 *fill*         0x08006761        0xf 
 .rodata._stm32_dma_streams
                0x08006770       0xc0 build/obj/stm32_dma.o
                0x08006770                _stm32_dma_streams
 .rodata.__func__.7153
                0x08006830        0xc build/obj/i2c_lld.o
 *fill*         0x0800683c        0x4 
 .rodata.__func__.8899
                0x08006840       0x12 build/obj/i2c_lld.o
 *fill*         0x08006852        0xe 
 .rodata.__func__.8964
                0x08006860        0xe build/obj/i2c_lld.o
 *fill*         0x0800686e        0x2 
 .rodata.i2c_lld_serve_tx_end_irq.str1.4
                0x08006870        0xc build/obj/i2c_lld.o
 *fill*         0x0800687c        0x4 
 .rodata.__func__.9336
                0x08006880        0xe build/obj/usb_lld.o
 *fill*         0x0800688e        0x2 
 .rodata.ep0config
                0x08006890       0x24 build/obj/usb_lld.o
 *fill*         0x080068b4        0xc 
 .rodata.fsparams
                0x080068c0        0xc build/obj/usb_lld.o
 *fill*         0x080068cc        0x4 
 .rodata.default_config
                0x080068d0        0xc build/obj/serial_lld.o
 *fill*         0x080068dc        0x4 
 .rodata.pal_default_config
                0x080068e0       0xfc build/obj/board.o
                0x080068e0                pal_default_config
 *fill*         0x080069dc        0x4 
 .rodata.chvprintf.str1.4
                0x080069e0        0x7 build/obj/chprintf.o
 *fill*         0x080069e7        0x9 
 .rodata.pow10  0x080069f0       0x24 build/obj/chprintf.o
 *fill*         0x08006a14        0xc 
 .rodata.i2c_cfg1.8904
                0x08006a20        0xc build/obj/i2c_bus.o
 *fill*         0x08006a2c        0x4 
 .rodata.__func__.7153
                0x08006a30        0xc build/obj/main.o
 *fill*         0x08006a3c        0x4 
 .rodata.chprintf.constprop.0.str1.4
                0x08006a40        0xd build/obj/main.o
 *fill*         0x08006a4d        0x3 
 .rodata.main.str1.4
                0x08006a50        0x8 build/obj/main.o
                                  0x5 (size before relaxing)
 *fill*         0x08006a58        0x8 
 .rodata.__FUNCTION__.10133
                0x08006a60        0xf build/obj/imu.o
 *fill*         0x08006a6f        0x1 
 .rodata.__func__.7153
                0x08006a70        0xc build/obj/imu.o
 .rodata.imu_reader_thd.str1.4
                0x08006a7c        0x5 build/obj/imu.o
 *fill*         0x08006a7c        0x4 
 .rodata.atanhi
                0x08006a80       0x20 c:/users/moi/documents/_microinfo/epuck-eclipse/tools/gcc-arm-none-eabi-7-2017-q4-major-win32/bin/../lib/gcc/arm-none-eabi/7.2.1/../../../../arm-none-eabi/lib/thumb/v7e-m/fpv4-sp/hard\libm.a(lib_a-s_atan.o)
 .rodata.atanlo
                0x08006aa0       0x20 c:/users/moi/documents/_microinfo/epuck-eclipse/tools/gcc-arm-none-eabi-7-2017-q4-major-win32/bin/../lib/gcc/arm-none-eabi/7.2.1/../../../../arm-none-eabi/lib/thumb/v7e-m/fpv4-sp/hard\libm.a(lib_a-s_atan.o)
 *(.glue_7t)
 .glue_7t       0x08006ac0        0x0 linker stubs
 *(.glue_7)
 .glue_7        0x08006ac0        0x0 linker stubs
 *(.gcc*)

.vfp11_veneer   0x08006ac0        0x0
 .vfp11_veneer  0x08006ac0        0x0 linker stubs

.v4_bx          0x08006ac0        0x0
 .v4_bx         0x08006ac0        0x0 linker stubs

.iplt           0x08006ac0        0x0
 .iplt          0x08006ac0        0x0 build/obj/crt0_v7m.o

.rel.dyn        0x08006ac0        0x0
 .rel.iplt      0x08006ac0        0x0 build/obj/crt0_v7m.o

.ARM.extab
 *(.ARM.extab* .gnu.linkonce.armextab.*)

.ARM.exidx      0x08006ac0        0x0
                [!provide]                PROVIDE (__exidx_start, .)
 *(.ARM.exidx* .gnu.linkonce.armexidx.*)
                [!provide]                PROVIDE (__exidx_end, .)

.eh_frame_hdr
 *(.eh_frame_hdr)

.eh_frame
 *(.eh_frame)

.textalign      0x08006ac0        0x0
                0x08006ac0                . = ALIGN (0x8)
                0x08006ac0                . = ALIGN (0x4)
                0x08006ac0                _etext = .
                0x08006ac0                _textdata = _etext

.mstack         0x20000000      0x400
                0x20000000                . = ALIGN (0x8)
                0x20000000                __main_stack_base__ = .
                0x20000400                . = (. + __main_stack_size__)
 *fill*         0x20000000      0x400 
                0x20000400                . = ALIGN (0x8)
                0x20000400                __main_stack_end__ = .

.pstack         0x20000400      0x400
                0x20000400                __process_stack_base__ = .
                0x20000400                __main_thread_stack_base__ = .
                0x20000800                . = (. + __process_stack_size__)
 *fill*         0x20000400      0x400 
                0x20000800                . = ALIGN (0x8)
                0x20000800                __process_stack_end__ = .
                0x20000800                __main_thread_stack_end__ = .

.data           0x20000800       0x2c load address 0x08006ac0
                0x20000800                . = ALIGN (0x4)
                0x20000800                PROVIDE (_data, .)
 *(.data)
 *(.data.*)
 .data.bus_condvar
                0x20000800        0x8 build/obj/main.o
                0x20000800                bus_condvar
 .data.bus_lock
                0x20000808       0x14 build/obj/main.o
                0x20000808                bus_lock
 .data.ser_cfg.10164
                0x2000081c        0xc build/obj/main.o
 .data.imu_addr
                0x20000828        0x1 build/obj/mpu9250.o
 *(.ramtext)
                0x2000082c                . = ALIGN (0x4)
 *fill*         0x20000829        0x3 
                0x2000082c                PROVIDE (_edata, .)

.igot.plt       0x2000082c        0x0 load address 0x08006aec
 .igot.plt      0x2000082c        0x0 build/obj/crt0_v7m.o

.bss            0x20000830     0x1048 load address 0x08006aec
                0x20000830                . = ALIGN (0x4)
                0x20000830                PROVIDE (_bss_start, .)
 *(.bss)
 *(.bss.*)
 .bss.ch        0x20000830      0x670 build/obj/chschd.o
                0x20000830                ch
 .bss.endmem    0x20000ea0        0x4 build/obj/chmemcore.o
 .bss.nextmem   0x20000ea4        0x4 build/obj/chmemcore.o
 .bss.default_heap
                0x20000ea8       0x28 build/obj/chheap.o
 .bss.dma_isr_redir
                0x20000ed0       0x80 build/obj/stm32_dma.o
 .bss.dma_streams_mask
                0x20000f50        0x4 build/obj/stm32_dma.o
 .bss.I2CD1     0x20000f54       0x3c build/obj/i2c_lld.o
                0x20000f54                I2CD1
 .bss.USBD1     0x20000f90      0x260 build/obj/usb_lld.o
                0x20000f90                USBD1
 .bss.ep0_state
                0x200011f0       0x14 build/obj/usb_lld.o
 .bss.ep0setup_buffer
                0x20001204        0x8 build/obj/usb_lld.o
 .bss.GPTD11    0x2000120c       0x10 build/obj/gpt_lld.o
                0x2000120c                GPTD11
 .bss.SD3       0x2000121c       0x78 build/obj/serial_lld.o
                0x2000121c                SD3
 .bss.errors    0x20001294        0x4 build/obj/i2c_bus.o
 .bss.bus       0x20001298        0xc build/obj/main.o
                0x20001298                bus
 .bss.imuThd    0x200012a4        0x4 build/obj/imu.o
 .bss.imu_configured
                0x200012a8        0x1 build/obj/imu.o
 *fill*         0x200012a9        0x7 
 .bss.imu_reader_thd_wa.10145
                0x200012b0      0x578 build/obj/imu.o
 .bss.imu_values
                0x20001828       0x50 build/obj/imu.o
 *(COMMON)
                0x20001878                . = ALIGN (0x4)
                0x20001878                PROVIDE (_bss_end, .)
                [!provide]                PROVIDE (end, .)

.ram0           0x20001878        0x0 load address 0x08006aec
                0x20001878                . = ALIGN (0x4)
 *(.ram0)
 *(.ram0.*)
                0x20001878                . = ALIGN (0x4)
                0x20001878                __ram0_free__ = .

.ram1           0x20000000        0x0
                0x20000000                . = ALIGN (0x4)
 *(.ram1)
 *(.ram1.*)
                0x20000000                . = ALIGN (0x4)
                0x20000000                __ram1_free__ = .

.ram2           0x2001c000        0x0
                0x2001c000                . = ALIGN (0x4)
 *(.ram2)
 *(.ram2.*)
                0x2001c000                . = ALIGN (0x4)
                0x2001c000                __ram2_free__ = .

.ram3           0x00000000        0x0
                0x00000000                . = ALIGN (0x4)
 *(.ram3)
 *(.ram3.*)
                0x00000000                . = ALIGN (0x4)
                0x00000000                __ram3_free__ = .

.ram4           0x10000000        0x0
                0x10000000                . = ALIGN (0x4)
 *(.ram4)
 *(.ram4.*)
                0x10000000                . = ALIGN (0x4)
                0x10000000                __ram4_free__ = .

.ram5           0x40024000        0x0
                0x40024000                . = ALIGN (0x4)
 *(.ram5)
 *(.ram5.*)
                0x40024000                . = ALIGN (0x4)
                0x40024000                __ram5_free__ = .

.ram6           0x00000000        0x0
                0x00000000                . = ALIGN (0x4)
 *(.ram6)
 *(.ram6.*)
                0x00000000                . = ALIGN (0x4)
                0x00000000                __ram6_free__ = .

.ram7           0x00000000        0x0
                0x00000000                . = ALIGN (0x4)
 *(.ram7)
 *(.ram7.*)
                0x00000000                . = ALIGN (0x4)
                0x00000000                __ram7_free__ = .
                0x20001878                __heap_base__ = __ram0_free__
                0x20020000                __heap_end__ = __ram0_end__
                0x00000400                __process_stack_size__ = 0x400
                0x00000400                __main_stack_size__ = 0x400
START GROUP
LOAD c:/users/moi/documents/_microinfo/epuck-eclipse/tools/gcc-arm-none-eabi-7-2017-q4-major-win32/bin/../lib/gcc/arm-none-eabi/7.2.1/thumb/v7e-m/fpv4-sp/hard\libgcc.a
LOAD c:/users/moi/documents/_microinfo/epuck-eclipse/tools/gcc-arm-none-eabi-7-2017-q4-major-win32/bin/../lib/gcc/arm-none-eabi/7.2.1/../../../../arm-none-eabi/lib/thumb/v7e-m/fpv4-sp/hard\libg.a
LOAD c:/users/moi/documents/_microinfo/epuck-eclipse/tools/gcc-arm-none-eabi-7-2017-q4-major-win32/bin/../lib/gcc/arm-none-eabi/7.2.1/../../../../arm-none-eabi/lib/thumb/v7e-m/fpv4-sp/hard\libc.a
END GROUP
OUTPUT(build/bascule_hugui.elf elf32-littlearm)

.ARM.attributes
                0x00000000       0x35
 .ARM.attributes
                0x00000000       0x25 build/obj/crt0_v7m.o
 .ARM.attributes
                0x00000025       0x25 build/obj/chcoreasm_v7m.o
 .ARM.attributes
                0x0000004a       0x39 build/obj/crt1.o
 .ARM.attributes
                0x00000083       0x39 build/obj/vectors.o
 .ARM.attributes
                0x000000bc       0x39 build/obj/chsys.o
 .ARM.attributes
                0x000000f5       0x39 build/obj/chdebug.o
 .ARM.attributes
                0x0000012e       0x39 build/obj/chvt.o
 .ARM.attributes
                0x00000167       0x39 build/obj/chschd.o
 .ARM.attributes
                0x000001a0       0x39 build/obj/chthreads.o
 .ARM.attributes
                0x000001d9       0x39 build/obj/chtm.o
 .ARM.attributes
                0x00000212       0x39 build/obj/chstats.o
 .ARM.attributes
                0x0000024b       0x39 build/obj/chregistry.o
 .ARM.attributes
                0x00000284       0x39 build/obj/chmtx.o
 .ARM.attributes
                0x000002bd       0x39 build/obj/chcond.o
 .ARM.attributes
                0x000002f6       0x39 build/obj/chevents.o
 .ARM.attributes
                0x0000032f       0x39 build/obj/chqueues.o
 .ARM.attributes
                0x00000368       0x39 build/obj/chmemcore.o
 .ARM.attributes
                0x000003a1       0x39 build/obj/chheap.o
 .ARM.attributes
                0x000003da       0x39 build/obj/chcore_v7m.o
 .ARM.attributes
                0x00000413       0x39 build/obj/hal.o
 .ARM.attributes
                0x0000044c       0x39 build/obj/gpt.o
 .ARM.attributes
                0x00000485       0x39 build/obj/i2c.o
 .ARM.attributes
                0x000004be       0x39 build/obj/serial.o
 .ARM.attributes
                0x000004f7       0x39 build/obj/serial_usb.o
 .ARM.attributes
                0x00000530       0x39 build/obj/st.o
 .ARM.attributes
                0x00000569       0x39 build/obj/usb.o
 .ARM.attributes
                0x000005a2       0x39 build/obj/nvic.o
 .ARM.attributes
                0x000005db       0x39 build/obj/stm32_dma.o
 .ARM.attributes
                0x00000614       0x39 build/obj/hal_lld.o
 .ARM.attributes
                0x0000064d       0x39 build/obj/pal_lld.o
 .ARM.attributes
                0x00000686       0x39 build/obj/i2c_lld.o
 .ARM.attributes
                0x000006bf       0x39 build/obj/usb_lld.o
 .ARM.attributes
                0x000006f8       0x39 build/obj/gpt_lld.o
 .ARM.attributes
                0x00000731       0x39 build/obj/st_lld.o
 .ARM.attributes
                0x0000076a       0x39 build/obj/serial_lld.o
 .ARM.attributes
                0x000007a3       0x39 build/obj/board.o
 .ARM.attributes
                0x000007dc       0x39 build/obj/chprintf.o
 .ARM.attributes
                0x00000815       0x39 build/obj/messagebus.o
 .ARM.attributes
                0x0000084e       0x39 build/obj/port.o
 .ARM.attributes
                0x00000887       0x39 build/obj/i2c_bus.o
 .ARM.attributes
                0x000008c0       0x39 build/obj/main.o
 .ARM.attributes
                0x000008f9       0x39 build/obj/mpu9250.o
 .ARM.attributes
                0x00000932       0x39 build/obj/imu.o
 .ARM.attributes
                0x0000096b       0x34 c:/users/moi/documents/_microinfo/epuck-eclipse/tools/gcc-arm-none-eabi-7-2017-q4-major-win32/bin/../lib/gcc/arm-none-eabi/7.2.1/../../../../arm-none-eabi/lib/thumb/v7e-m/fpv4-sp/hard\libm.a(lib_a-w_atan2.o)
 .ARM.attributes
                0x0000099f       0x34 c:/users/moi/documents/_microinfo/epuck-eclipse/tools/gcc-arm-none-eabi-7-2017-q4-major-win32/bin/../lib/gcc/arm-none-eabi/7.2.1/../../../../arm-none-eabi/lib/thumb/v7e-m/fpv4-sp/hard\libm.a(lib_a-e_atan2.o)
 .ARM.attributes
                0x000009d3       0x34 c:/users/moi/documents/_microinfo/epuck-eclipse/tools/gcc-arm-none-eabi-7-2017-q4-major-win32/bin/../lib/gcc/arm-none-eabi/7.2.1/../../../../arm-none-eabi/lib/thumb/v7e-m/fpv4-sp/hard\libm.a(lib_a-s_atan.o)
 .ARM.attributes
                0x00000a07       0x34 c:/users/moi/documents/_microinfo/epuck-eclipse/tools/gcc-arm-none-eabi-7-2017-q4-major-win32/bin/../lib/gcc/arm-none-eabi/7.2.1/../../../../arm-none-eabi/lib/thumb/v7e-m/fpv4-sp/hard\libm.a(lib_a-s_fabs.o)
 .ARM.attributes
                0x00000a3b       0x22 c:/users/moi/documents/_microinfo/epuck-eclipse/tools/gcc-arm-none-eabi-7-2017-q4-major-win32/bin/../lib/gcc/arm-none-eabi/7.2.1/thumb/v7e-m/fpv4-sp/hard\libgcc.a(_arm_addsubdf3.o)
 .ARM.attributes
                0x00000a5d       0x22 c:/users/moi/documents/_microinfo/epuck-eclipse/tools/gcc-arm-none-eabi-7-2017-q4-major-win32/bin/../lib/gcc/arm-none-eabi/7.2.1/thumb/v7e-m/fpv4-sp/hard\libgcc.a(_arm_muldivdf3.o)
 .ARM.attributes
                0x00000a7f       0x22 c:/users/moi/documents/_microinfo/epuck-eclipse/tools/gcc-arm-none-eabi-7-2017-q4-major-win32/bin/../lib/gcc/arm-none-eabi/7.2.1/thumb/v7e-m/fpv4-sp/hard\libgcc.a(_arm_cmpdf2.o)
 .ARM.attributes
                0x00000aa1       0x22 c:/users/moi/documents/_microinfo/epuck-eclipse/tools/gcc-arm-none-eabi-7-2017-q4-major-win32/bin/../lib/gcc/arm-none-eabi/7.2.1/thumb/v7e-m/fpv4-sp/hard\libgcc.a(_arm_fixdfsi.o)
 .ARM.attributes
                0x00000ac3       0x22 c:/users/moi/documents/_microinfo/epuck-eclipse/tools/gcc-arm-none-eabi-7-2017-q4-major-win32/bin/../lib/gcc/arm-none-eabi/7.2.1/thumb/v7e-m/fpv4-sp/hard\libgcc.a(_arm_truncdfsf2.o)
 .ARM.attributes
                0x00000ae5       0x20 c:/users/moi/documents/_microinfo/epuck-eclipse/tools/gcc-arm-none-eabi-7-2017-q4-major-win32/bin/../lib/gcc/arm-none-eabi/7.2.1/../../../../arm-none-eabi/lib/thumb/v7e-m/fpv4-sp/hard\libg.a(lib_a-memcpy.o)
 .ARM.attributes
                0x00000b05       0x34 c:/users/moi/documents/_microinfo/epuck-eclipse/tools/gcc-arm-none-eabi-7-2017-q4-major-win32/bin/../lib/gcc/arm-none-eabi/7.2.1/../../../../arm-none-eabi/lib/thumb/v7e-m/fpv4-sp/hard\libg.a(lib_a-memset.o)
 .ARM.attributes
                0x00000b39       0x20 c:/users/moi/documents/_microinfo/epuck-eclipse/tools/gcc-arm-none-eabi-7-2017-q4-major-win32/bin/../lib/gcc/arm-none-eabi/7.2.1/../../../../arm-none-eabi/lib/thumb/v7e-m/fpv4-sp/hard\libg.a(lib_a-strcmp.o)
 .ARM.attributes
                0x00000b59       0x34 c:/users/moi/documents/_microinfo/epuck-eclipse/tools/gcc-arm-none-eabi-7-2017-q4-major-win32/bin/../lib/gcc/arm-none-eabi/7.2.1/../../../../arm-none-eabi/lib/thumb/v7e-m/fpv4-sp/hard\libg.a(lib_a-strncpy.o)

.comment        0x00000000       0x7e
 .comment       0x00000000       0x7e build/obj/crt1.o
                                 0x7f (size before relaxing)
 .comment       0x0000007e       0x7f build/obj/vectors.o
 .comment       0x0000007e       0x7f build/obj/chsys.o
 .comment       0x0000007e       0x7f build/obj/chdebug.o
 .comment       0x0000007e       0x7f build/obj/chvt.o
 .comment       0x0000007e       0x7f build/obj/chschd.o
 .comment       0x0000007e       0x7f build/obj/chthreads.o
 .comment       0x0000007e       0x7f build/obj/chtm.o
 .comment       0x0000007e       0x7f build/obj/chstats.o
 .comment       0x0000007e       0x7f build/obj/chregistry.o
 .comment       0x0000007e       0x7f build/obj/chmtx.o
 .comment       0x0000007e       0x7f build/obj/chcond.o
 .comment       0x0000007e       0x7f build/obj/chevents.o
 .comment       0x0000007e       0x7f build/obj/chqueues.o
 .comment       0x0000007e       0x7f build/obj/chmemcore.o
 .comment       0x0000007e       0x7f build/obj/chheap.o
 .comment       0x0000007e       0x7f build/obj/chcore_v7m.o
 .comment       0x0000007e       0x7f build/obj/hal.o
 .comment       0x0000007e       0x7f build/obj/gpt.o
 .comment       0x0000007e       0x7f build/obj/i2c.o
 .comment       0x0000007e       0x7f build/obj/serial.o
 .comment       0x0000007e       0x7f build/obj/serial_usb.o
 .comment       0x0000007e       0x7f build/obj/st.o
 .comment       0x0000007e       0x7f build/obj/usb.o
 .comment       0x0000007e       0x7f build/obj/nvic.o
 .comment       0x0000007e       0x7f build/obj/stm32_dma.o
 .comment       0x0000007e       0x7f build/obj/hal_lld.o
 .comment       0x0000007e       0x7f build/obj/pal_lld.o
 .comment       0x0000007e       0x7f build/obj/i2c_lld.o
 .comment       0x0000007e       0x7f build/obj/usb_lld.o
 .comment       0x0000007e       0x7f build/obj/gpt_lld.o
 .comment       0x0000007e       0x7f build/obj/st_lld.o
 .comment       0x0000007e       0x7f build/obj/serial_lld.o
 .comment       0x0000007e       0x7f build/obj/board.o
 .comment       0x0000007e       0x7f build/obj/chprintf.o
 .comment       0x0000007e       0x7f build/obj/messagebus.o
 .comment       0x0000007e       0x7f build/obj/port.o
 .comment       0x0000007e       0x7f build/obj/i2c_bus.o
 .comment       0x0000007e       0x7f build/obj/main.o
 .comment       0x0000007e       0x7f build/obj/mpu9250.o
 .comment       0x0000007e       0x7f build/obj/imu.o

.debug_info     0x00000000    0x4e48e
 .debug_info    0x00000000       0x55 build/obj/crt1.o
 .debug_info    0x00000055      0x20e build/obj/vectors.o
 .debug_info    0x00000263     0x1b48 build/obj/chsys.o
 .debug_info    0x00001dab      0xd49 build/obj/chdebug.o
 .debug_info    0x00002af4      0xb3f build/obj/chvt.o
 .debug_info    0x00003633     0x133e build/obj/chschd.o
 .debug_info    0x00004971     0x2217 build/obj/chthreads.o
 .debug_info    0x00006b88      0xd13 build/obj/chtm.o
 .debug_info    0x0000789b      0xb2a build/obj/chstats.o
 .debug_info    0x000083c5      0xce3 build/obj/chregistry.o
 .debug_info    0x000090a8     0x16cb build/obj/chmtx.o
 .debug_info    0x0000a773     0x14b5 build/obj/chcond.o
 .debug_info    0x0000bc28     0x1cbd build/obj/chevents.o
 .debug_info    0x0000d8e5     0x173d build/obj/chqueues.o
 .debug_info    0x0000f022      0xc97 build/obj/chmemcore.o
 .debug_info    0x0000fcb9      0xdbf build/obj/chheap.o
 .debug_info    0x00010a78      0xf9b build/obj/chcore_v7m.o
 .debug_info    0x00011a13     0x2051 build/obj/hal.o
 .debug_info    0x00013a64     0x2b28 build/obj/gpt.o
 .debug_info    0x0001658c     0x29a1 build/obj/i2c.o
 .debug_info    0x00018f2d     0x2afd build/obj/serial.o
 .debug_info    0x0001ba2a     0x352d build/obj/serial_usb.o
 .debug_info    0x0001ef57     0x218e build/obj/st.o
 .debug_info    0x000210e5     0x3eba build/obj/usb.o
 .debug_info    0x00024f9f     0x232f build/obj/nvic.o
 .debug_info    0x000272ce     0x2a4b build/obj/stm32_dma.o
 .debug_info    0x00029d19     0x2222 build/obj/hal_lld.o
 .debug_info    0x0002bf3b     0x24a0 build/obj/pal_lld.o
 .debug_info    0x0002e3db     0x3570 build/obj/i2c_lld.o
 .debug_info    0x0003194b     0x4979 build/obj/usb_lld.o
 .debug_info    0x000362c4     0x23bd build/obj/gpt_lld.o
 .debug_info    0x00038681     0x2212 build/obj/st_lld.o
 .debug_info    0x0003a893     0x2aaf build/obj/serial_lld.o
 .debug_info    0x0003d342     0x1fc2 build/obj/board.o
 .debug_info    0x0003f304     0x2641 build/obj/chprintf.o
 .debug_info    0x00041945     0x1011 build/obj/messagebus.o
 .debug_info    0x00042956      0xba4 build/obj/port.o
 .debug_info    0x000434fa     0x2561 build/obj/i2c_bus.o
 .debug_info    0x00045a5b     0x31a2 build/obj/main.o
 .debug_info    0x00048bfd     0x26ff build/obj/mpu9250.o
 .debug_info    0x0004b2fc     0x3192 build/obj/imu.o

.debug_abbrev   0x00000000     0x8680
 .debug_abbrev  0x00000000       0x5f build/obj/crt1.o
 .debug_abbrev  0x0000005f       0xf1 build/obj/vectors.o
 .debug_abbrev  0x00000150      0x4bd build/obj/chsys.o
 .debug_abbrev  0x0000060d      0x26c build/obj/chdebug.o
 .debug_abbrev  0x00000879      0x231 build/obj/chvt.o
 .debug_abbrev  0x00000aaa      0x3f6 build/obj/chschd.o
 .debug_abbrev  0x00000ea0      0x44b build/obj/chthreads.o
 .debug_abbrev  0x000012eb      0x2af build/obj/chtm.o
 .debug_abbrev  0x0000159a      0x1ec build/obj/chstats.o
 .debug_abbrev  0x00001786      0x2bb build/obj/chregistry.o
 .debug_abbrev  0x00001a41      0x3e1 build/obj/chmtx.o
 .debug_abbrev  0x00001e22      0x38d build/obj/chcond.o
 .debug_abbrev  0x000021af      0x39c build/obj/chevents.o
 .debug_abbrev  0x0000254b      0x3f9 build/obj/chqueues.o
 .debug_abbrev  0x00002944      0x320 build/obj/chmemcore.o
 .debug_abbrev  0x00002c64      0x2ce build/obj/chheap.o
 .debug_abbrev  0x00002f32      0x282 build/obj/chcore_v7m.o
 .debug_abbrev  0x000031b4      0x267 build/obj/hal.o
 .debug_abbrev  0x0000341b      0x36a build/obj/gpt.o
 .debug_abbrev  0x00003785      0x3d9 build/obj/i2c.o
 .debug_abbrev  0x00003b5e      0x414 build/obj/serial.o
 .debug_abbrev  0x00003f72      0x517 build/obj/serial_usb.o
 .debug_abbrev  0x00004489      0x312 build/obj/st.o
 .debug_abbrev  0x0000479b      0x4bf build/obj/usb.o
 .debug_abbrev  0x00004c5a      0x27d build/obj/nvic.o
 .debug_abbrev  0x00004ed7      0x33a build/obj/stm32_dma.o
 .debug_abbrev  0x00005211      0x27f build/obj/hal_lld.o
 .debug_abbrev  0x00005490      0x2d4 build/obj/pal_lld.o
 .debug_abbrev  0x00005764      0x460 build/obj/i2c_lld.o
 .debug_abbrev  0x00005bc4      0x57a build/obj/usb_lld.o
 .debug_abbrev  0x0000613e      0x34f build/obj/gpt_lld.o
 .debug_abbrev  0x0000648d      0x2d9 build/obj/st_lld.o
 .debug_abbrev  0x00006766      0x404 build/obj/serial_lld.o
 .debug_abbrev  0x00006b6a      0x261 build/obj/board.o
 .debug_abbrev  0x00006dcb      0x3e3 build/obj/chprintf.o
 .debug_abbrev  0x000071ae      0x305 build/obj/messagebus.o
 .debug_abbrev  0x000074b3      0x1c8 build/obj/port.o
 .debug_abbrev  0x0000767b      0x362 build/obj/i2c_bus.o
 .debug_abbrev  0x000079dd      0x477 build/obj/main.o
 .debug_abbrev  0x00007e54      0x38c build/obj/mpu9250.o
 .debug_abbrev  0x000081e0      0x4a0 build/obj/imu.o

.debug_aranges  0x00000000      0xe28
 .debug_aranges
                0x00000000       0x28 build/obj/crt1.o
 .debug_aranges
                0x00000028       0x20 build/obj/vectors.o
 .debug_aranges
                0x00000048       0x60 build/obj/chsys.o
 .debug_aranges
                0x000000a8       0x80 build/obj/chdebug.o
 .debug_aranges
                0x00000128       0x30 build/obj/chvt.o
 .debug_aranges
                0x00000158       0x70 build/obj/chschd.o
 .debug_aranges
                0x000001c8       0xc8 build/obj/chthreads.o
 .debug_aranges
                0x00000290       0x40 build/obj/chtm.o
 .debug_aranges
                0x000002d0       0x50 build/obj/chstats.o
 .debug_aranges
                0x00000320       0x28 build/obj/chregistry.o
 .debug_aranges
                0x00000348       0x58 build/obj/chmtx.o
 .debug_aranges
                0x000003a0       0x60 build/obj/chcond.o
 .debug_aranges
                0x00000400       0xa0 build/obj/chevents.o
 .debug_aranges
                0x000004a0       0x68 build/obj/chqueues.o
 .debug_aranges
                0x00000508       0x38 build/obj/chmemcore.o
 .debug_aranges
                0x00000540       0x40 build/obj/chheap.o
 .debug_aranges
                0x00000580       0x28 build/obj/chcore_v7m.o
 .debug_aranges
                0x000005a8       0x20 build/obj/hal.o
 .debug_aranges
                0x000005c8       0x78 build/obj/gpt.o
 .debug_aranges
                0x00000640       0x60 build/obj/i2c.o
 .debug_aranges
                0x000006a0       0x88 build/obj/serial.o
 .debug_aranges
                0x00000728       0xb0 build/obj/serial_usb.o
 .debug_aranges
                0x000007d8       0x40 build/obj/st.o
 .debug_aranges
                0x00000818       0xa8 build/obj/usb.o
 .debug_aranges
                0x000008c0       0x38 build/obj/nvic.o
 .debug_aranges
                0x000008f8       0xb0 build/obj/stm32_dma.o
 .debug_aranges
                0x000009a8       0x28 build/obj/hal_lld.o
 .debug_aranges
                0x000009d0       0x28 build/obj/pal_lld.o
 .debug_aranges
                0x000009f8       0x60 build/obj/i2c_lld.o
 .debug_aranges
                0x00000a58       0xd0 build/obj/usb_lld.o
 .debug_aranges
                0x00000b28       0x50 build/obj/gpt_lld.o
 .debug_aranges
                0x00000b78       0x28 build/obj/st_lld.o
 .debug_aranges
                0x00000ba0       0x40 build/obj/serial_lld.o
 .debug_aranges
                0x00000be0       0x28 build/obj/board.o
 .debug_aranges
                0x00000c08       0x28 build/obj/chprintf.o
 .debug_aranges
                0x00000c30       0x70 build/obj/messagebus.o
 .debug_aranges
                0x00000ca0       0x38 build/obj/port.o
 .debug_aranges
                0x00000cd8       0x48 build/obj/i2c_bus.o
 .debug_aranges
                0x00000d20       0x38 build/obj/main.o
 .debug_aranges
                0x00000d58       0x48 build/obj/mpu9250.o
 .debug_aranges
                0x00000da0       0x88 build/obj/imu.o

.debug_ranges   0x00000000     0x2ba0
 .debug_ranges  0x00000000       0x18 build/obj/crt1.o
 .debug_ranges  0x00000018       0x10 build/obj/vectors.o
 .debug_ranges  0x00000028      0x170 build/obj/chsys.o
 .debug_ranges  0x00000198       0x70 build/obj/chdebug.o
 .debug_ranges  0x00000208       0x20 build/obj/chvt.o
 .debug_ranges  0x00000228      0x178 build/obj/chschd.o
 .debug_ranges  0x000003a0      0x4f8 build/obj/chthreads.o
 .debug_ranges  0x00000898       0xc0 build/obj/chtm.o
 .debug_ranges  0x00000958       0x40 build/obj/chstats.o
 .debug_ranges  0x00000998       0xb0 build/obj/chregistry.o
 .debug_ranges  0x00000a48      0x330 build/obj/chmtx.o
 .debug_ranges  0x00000d78      0x248 build/obj/chcond.o
 .debug_ranges  0x00000fc0      0x348 build/obj/chevents.o
 .debug_ranges  0x00001308      0x1b0 build/obj/chqueues.o
 .debug_ranges  0x000014b8       0x58 build/obj/chmemcore.o
 .debug_ranges  0x00001510       0x30 build/obj/chheap.o
 .debug_ranges  0x00001540       0x48 build/obj/chcore_v7m.o
 .debug_ranges  0x00001588       0x10 build/obj/hal.o
 .debug_ranges  0x00001598      0x1b8 build/obj/gpt.o
 .debug_ranges  0x00001750      0x148 build/obj/i2c.o
 .debug_ranges  0x00001898       0xf0 build/obj/serial.o
 .debug_ranges  0x00001988      0x130 build/obj/serial_usb.o
 .debug_ranges  0x00001ab8       0x60 build/obj/st.o
 .debug_ranges  0x00001b18      0x1c8 build/obj/usb.o
 .debug_ranges  0x00001ce0       0x28 build/obj/nvic.o
 .debug_ranges  0x00001d08       0xa0 build/obj/stm32_dma.o
 .debug_ranges  0x00001da8       0x38 build/obj/hal_lld.o
 .debug_ranges  0x00001de0       0x70 build/obj/pal_lld.o
 .debug_ranges  0x00001e50      0x268 build/obj/i2c_lld.o
 .debug_ranges  0x000020b8      0x3e8 build/obj/usb_lld.o
 .debug_ranges  0x000024a0       0x40 build/obj/gpt_lld.o
 .debug_ranges  0x000024e0       0x18 build/obj/st_lld.o
 .debug_ranges  0x000024f8      0x100 build/obj/serial_lld.o
 .debug_ranges  0x000025f8       0x18 build/obj/board.o
 .debug_ranges  0x00002610       0x88 build/obj/chprintf.o
 .debug_ranges  0x00002698       0x60 build/obj/messagebus.o
 .debug_ranges  0x000026f8       0x28 build/obj/port.o
 .debug_ranges  0x00002720       0xb0 build/obj/i2c_bus.o
 .debug_ranges  0x000027d0       0x88 build/obj/main.o
 .debug_ranges  0x00002858      0x240 build/obj/mpu9250.o
 .debug_ranges  0x00002a98      0x108 build/obj/imu.o

.debug_line     0x00000000     0xfb74
 .debug_line    0x00000000       0x7b build/obj/crt1.o
 .debug_line    0x0000007b      0x1eb build/obj/vectors.o
 .debug_line    0x00000266      0x58b build/obj/chsys.o
 .debug_line    0x000007f1      0x46e build/obj/chdebug.o
 .debug_line    0x00000c5f      0x353 build/obj/chvt.o
 .debug_line    0x00000fb2      0x645 build/obj/chschd.o
 .debug_line    0x000015f7      0x970 build/obj/chthreads.o
 .debug_line    0x00001f67      0x3a6 build/obj/chtm.o
 .debug_line    0x0000230d      0x342 build/obj/chstats.o
 .debug_line    0x0000264f      0x430 build/obj/chregistry.o
 .debug_line    0x00002a7f      0x721 build/obj/chmtx.o
 .debug_line    0x000031a0      0x5e9 build/obj/chcond.o
 .debug_line    0x00003789      0x7bb build/obj/chevents.o
 .debug_line    0x00003f44      0x651 build/obj/chqueues.o
 .debug_line    0x00004595      0x3fd build/obj/chmemcore.o
 .debug_line    0x00004992      0x46b build/obj/chheap.o
 .debug_line    0x00004dfd      0x346 build/obj/chcore_v7m.o
 .debug_line    0x00005143      0x5c5 build/obj/hal.o
 .debug_line    0x00005708      0x848 build/obj/gpt.o
 .debug_line    0x00005f50      0x824 build/obj/i2c.o
 .debug_line    0x00006774      0x767 build/obj/serial.o
 .debug_line    0x00006edb      0x915 build/obj/serial_usb.o
 .debug_line    0x000077f0      0x620 build/obj/st.o
 .debug_line    0x00007e10      0xa80 build/obj/usb.o
 .debug_line    0x00008890      0x5b2 build/obj/nvic.o
 .debug_line    0x00008e42      0x7cc build/obj/stm32_dma.o
 .debug_line    0x0000960e      0x5ba build/obj/hal_lld.o
 .debug_line    0x00009bc8      0x5c7 build/obj/pal_lld.o
 .debug_line    0x0000a18f      0x9c7 build/obj/i2c_lld.o
 .debug_line    0x0000ab56      0xc63 build/obj/usb_lld.o
 .debug_line    0x0000b7b9      0x64f build/obj/gpt_lld.o
 .debug_line    0x0000be08      0x5e9 build/obj/st_lld.o
 .debug_line    0x0000c3f1      0x72b build/obj/serial_lld.o
 .debug_line    0x0000cb1c      0x561 build/obj/board.o
 .debug_line    0x0000d07d      0x711 build/obj/chprintf.o
 .debug_line    0x0000d78e      0x354 build/obj/messagebus.o
 .debug_line    0x0000dae2      0x321 build/obj/port.o
 .debug_line    0x0000de03      0x610 build/obj/i2c_bus.o
 .debug_line    0x0000e413      0x7f8 build/obj/main.o
 .debug_line    0x0000ec0b      0x708 build/obj/mpu9250.o
 .debug_line    0x0000f313      0x861 build/obj/imu.o

.debug_str      0x00000000     0x4861
 .debug_str     0x00000000      0x1b4 build/obj/crt1.o
 .debug_str     0x000001b4      0x1ec build/obj/vectors.o
                                0x38a (size before relaxing)
 .debug_str     0x000003a0     0x1011 build/obj/chsys.o
                               0x12b7 (size before relaxing)
 .debug_str     0x000013b1       0xa2 build/obj/chdebug.o
                                0x931 (size before relaxing)
 .debug_str     0x00001453       0x3f build/obj/chvt.o
                                0x822 (size before relaxing)
 .debug_str     0x00001492      0x15f build/obj/chschd.o
                                0xa79 (size before relaxing)
 .debug_str     0x000015f1      0x24e build/obj/chthreads.o
                                0xbba (size before relaxing)
 .debug_str     0x0000183f       0x5f build/obj/chtm.o
                                0x907 (size before relaxing)
 .debug_str     0x0000189e       0x37 build/obj/chstats.o
                                0x8c3 (size before relaxing)
 .debug_str     0x000018d5       0x47 build/obj/chregistry.o
                                0x8b5 (size before relaxing)
 .debug_str     0x0000191c       0xaf build/obj/chmtx.o
                                0x99a (size before relaxing)
 .debug_str     0x000019cb       0xee build/obj/chcond.o
                                0xa26 (size before relaxing)
 .debug_str     0x00001ab9      0x1f6 build/obj/chevents.o
                                0xaba (size before relaxing)
 .debug_str     0x00001caf      0x178 build/obj/chqueues.o
                                0xa45 (size before relaxing)
 .debug_str     0x00001e27       0x79 build/obj/chmemcore.o
                                0x8fb (size before relaxing)
 .debug_str     0x00001ea0       0xbb build/obj/chheap.o
                                0x8c5 (size before relaxing)
 .debug_str     0x00001f5b       0xc7 build/obj/chcore_v7m.o
                                0x94c (size before relaxing)
 .debug_str     0x00002022      0xa48 build/obj/hal.o
                               0x1368 (size before relaxing)
 .debug_str     0x00002a6a      0x158 build/obj/gpt.o
                               0x1505 (size before relaxing)
 .debug_str     0x00002bc2      0x147 build/obj/i2c.o
                               0x152b (size before relaxing)
 .debug_str     0x00002d09       0xef build/obj/serial.o
                               0x1581 (size before relaxing)
 .debug_str     0x00002df8      0x200 build/obj/serial_usb.o
                               0x1790 (size before relaxing)
 .debug_str     0x00002ff8       0xc0 build/obj/st.o
                               0x13c3 (size before relaxing)
 .debug_str     0x000030b8      0x650 build/obj/usb.o
                               0x1b99 (size before relaxing)
 .debug_str     0x00003708       0x82 build/obj/nvic.o
                               0x143d (size before relaxing)
 .debug_str     0x0000378a      0x230 build/obj/stm32_dma.o
                               0x1ae9 (size before relaxing)
 .debug_str     0x000039ba       0x91 build/obj/hal_lld.o
                               0x148b (size before relaxing)
 .debug_str     0x00003a4b       0xd2 build/obj/pal_lld.o
                               0x14c5 (size before relaxing)
 .debug_str     0x00003b1d      0x178 build/obj/i2c_lld.o
                               0x1d96 (size before relaxing)
 .debug_str     0x00003c95      0x238 build/obj/usb_lld.o
                               0x1e94 (size before relaxing)
 .debug_str     0x00003ecd       0x57 build/obj/gpt_lld.o
                               0x1547 (size before relaxing)
 .debug_str     0x00003f24       0x71 build/obj/st_lld.o
                               0x14f4 (size before relaxing)
 .debug_str     0x00003f95       0x6e build/obj/serial_lld.o
                               0x169e (size before relaxing)
 .debug_str     0x00004003       0x1c build/obj/board.o
                               0x1328 (size before relaxing)
 .debug_str     0x0000401f      0x143 build/obj/chprintf.o
                               0x144a (size before relaxing)
 .debug_str     0x00004162      0x2d9 build/obj/messagebus.o
                                0x8f8 (size before relaxing)
 .debug_str     0x0000443b       0x36 build/obj/port.o
                                0x8de (size before relaxing)
 .debug_str     0x00004471       0x64 build/obj/i2c_bus.o
                               0x1420 (size before relaxing)
 .debug_str     0x000044d5      0x19e build/obj/main.o
                               0x1bc8 (size before relaxing)
 .debug_str     0x00004673       0x97 build/obj/mpu9250.o
                               0x13db (size before relaxing)
 .debug_str     0x0000470a      0x157 build/obj/imu.o
                               0x1c4b (size before relaxing)

.debug_frame    0x00000000     0x2f1c
 .debug_frame   0x00000000       0x40 build/obj/crt1.o
 .debug_frame   0x00000040       0x2c build/obj/vectors.o
 .debug_frame   0x0000006c      0x114 build/obj/chsys.o
 .debug_frame   0x00000180      0x138 build/obj/chdebug.o
 .debug_frame   0x000002b8       0x68 build/obj/chvt.o
 .debug_frame   0x00000320      0x194 build/obj/chschd.o
 .debug_frame   0x000004b4      0x330 build/obj/chthreads.o
 .debug_frame   0x000007e4       0xc8 build/obj/chtm.o
 .debug_frame   0x000008ac       0x9c build/obj/chstats.o
 .debug_frame   0x00000948       0x50 build/obj/chregistry.o
 .debug_frame   0x00000998      0x148 build/obj/chmtx.o
 .debug_frame   0x00000ae0      0x134 build/obj/chcond.o
 .debug_frame   0x00000c14      0x268 build/obj/chevents.o
 .debug_frame   0x00000e7c      0x188 build/obj/chqueues.o
 .debug_frame   0x00001004       0x6c build/obj/chmemcore.o
 .debug_frame   0x00001070       0xf0 build/obj/chheap.o
 .debug_frame   0x00001160       0x58 build/obj/chcore_v7m.o
 .debug_frame   0x000011b8       0x30 build/obj/hal.o
 .debug_frame   0x000011e8      0x18c build/obj/gpt.o
 .debug_frame   0x00001374      0x144 build/obj/i2c.o
 .debug_frame   0x000014b8      0x154 build/obj/serial.o
 .debug_frame   0x0000160c      0x1f8 build/obj/serial_usb.o
 .debug_frame   0x00001804       0x84 build/obj/st.o
 .debug_frame   0x00001888      0x238 build/obj/usb.o
 .debug_frame   0x00001ac0       0x78 build/obj/nvic.o
 .debug_frame   0x00001b38      0x280 build/obj/stm32_dma.o
 .debug_frame   0x00001db8       0x3c build/obj/hal_lld.o
 .debug_frame   0x00001df4       0x68 build/obj/pal_lld.o
 .debug_frame   0x00001e5c      0x1e4 build/obj/i2c_lld.o
 .debug_frame   0x00002040      0x2f0 build/obj/usb_lld.o
 .debug_frame   0x00002330       0xac build/obj/gpt_lld.o
 .debug_frame   0x000023dc       0x40 build/obj/st_lld.o
 .debug_frame   0x0000241c       0xc8 build/obj/serial_lld.o
 .debug_frame   0x000024e4       0x30 build/obj/board.o
 .debug_frame   0x00002514       0xb0 build/obj/chprintf.o
 .debug_frame   0x000025c4      0x184 build/obj/messagebus.o
 .debug_frame   0x00002748       0x50 build/obj/port.o
 .debug_frame   0x00002798       0xf0 build/obj/i2c_bus.o
 .debug_frame   0x00002888       0xb0 build/obj/main.o
 .debug_frame   0x00002938       0xe4 build/obj/mpu9250.o