Archive member included to satisfy reference by file (symbol)

c:/users/moi/documents/_microinfo/epuck-eclipse/tools/gcc-arm-none-eabi-7-2017-q4-major-win32/bin/../lib/gcc/arm-none-eabi/7.2.1/../../../../arm-none-eabi/lib/thumb/v7e-m/fpv4-sp/hard\libm.a(lib_a-wf_atan2.o)
                              build/obj/cmd.o (atan2f)
c:/users/moi/documents/_microinfo/epuck-eclipse/tools/gcc-arm-none-eabi-7-2017-q4-major-win32/bin/../lib/gcc/arm-none-eabi/7.2.1/../../../../arm-none-eabi/lib/thumb/v7e-m/fpv4-sp/hard\libm.a(lib_a-wf_sqrt.o)
                              build/obj/cmd.o (sqrtf)
c:/users/moi/documents/_microinfo/epuck-eclipse/tools/gcc-arm-none-eabi-7-2017-q4-major-win32/bin/../lib/gcc/arm-none-eabi/7.2.1/../../../../arm-none-eabi/lib/thumb/v7e-m/fpv4-sp/hard\libm.a(lib_a-ef_atan2.o)
                              c:/users/moi/documents/_microinfo/epuck-eclipse/tools/gcc-arm-none-eabi-7-2017-q4-major-win32/bin/../lib/gcc/arm-none-eabi/7.2.1/../../../../arm-none-eabi/lib/thumb/v7e-m/fpv4-sp/hard\libm.a(lib_a-wf_atan2.o) (__ieee754_atan2f)
c:/users/moi/documents/_microinfo/epuck-eclipse/tools/gcc-arm-none-eabi-7-2017-q4-major-win32/bin/../lib/gcc/arm-none-eabi/7.2.1/../../../../arm-none-eabi/lib/thumb/v7e-m/fpv4-sp/hard\libm.a(lib_a-ef_sqrt.o)
                              c:/users/moi/documents/_microinfo/epuck-eclipse/tools/gcc-arm-none-eabi-7-2017-q4-major-win32/bin/../lib/gcc/arm-none-eabi/7.2.1/../../../../arm-none-eabi/lib/thumb/v7e-m/fpv4-sp/hard\libm.a(lib_a-wf_sqrt.o) (__ieee754_sqrtf)
c:/users/moi/documents/_microinfo/epuck-eclipse/tools/gcc-arm-none-eabi-7-2017-q4-major-win32/bin/../lib/gcc/arm-none-eabi/7.2.1/../../../../arm-none-eabi/lib/thumb/v7e-m/fpv4-sp/hard\libm.a(lib_a-s_lib_ver.o)
                              c:/users/moi/documents/_microinfo/epuck-eclipse/tools/gcc-arm-none-eabi-7-2017-q4-major-win32/bin/../lib/gcc/arm-none-eabi/7.2.1/../../../../arm-none-eabi/lib/thumb/v7e-m/fpv4-sp/hard\libm.a(lib_a-wf_sqrt.o) (__fdlib_version)
c:/users/moi/documents/_microinfo/epuck-eclipse/tools/gcc-arm-none-eabi-7-2017-q4-major-win32/bin/../lib/gcc/arm-none-eabi/7.2.1/../../../../arm-none-eabi/lib/thumb/v7e-m/fpv4-sp/hard\libm.a(lib_a-s_matherr.o)
                              c:/users/moi/documents/_microinfo/epuck-eclipse/tools/gcc-arm-none-eabi-7-2017-q4-major-win32/bin/../lib/gcc/arm-none-eabi/7.2.1/../../../../arm-none-eabi/lib/thumb/v7e-m/fpv4-sp/hard\libm.a(lib_a-wf_sqrt.o) (matherr)
c:/users/moi/documents/_microinfo/epuck-eclipse/tools/gcc-arm-none-eabi-7-2017-q4-major-win32/bin/../lib/gcc/arm-none-eabi/7.2.1/../../../../arm-none-eabi/lib/thumb/v7e-m/fpv4-sp/hard\libm.a(lib_a-sf_atan.o)
                              c:/users/moi/documents/_microinfo/epuck-eclipse/tools/gcc-arm-none-eabi-7-2017-q4-major-win32/bin/../lib/gcc/arm-none-eabi/7.2.1/../../../../arm-none-eabi/lib/thumb/v7e-m/fpv4-sp/hard\libm.a(lib_a-ef_atan2.o) (atanf)
c:/users/moi/documents/_microinfo/epuck-eclipse/tools/gcc-arm-none-eabi-7-2017-q4-major-win32/bin/../lib/gcc/arm-none-eabi/7.2.1/../../../../arm-none-eabi/lib/thumb/v7e-m/fpv4-sp/hard\libm.a(lib_a-sf_fabs.o)
                              c:/users/moi/documents/_microinfo/epuck-eclipse/tools/gcc-arm-none-eabi-7-2017-q4-major-win32/bin/../lib/gcc/arm-none-eabi/7.2.1/../../../../arm-none-eabi/lib/thumb/v7e-m/fpv4-sp/hard\libm.a(lib_a-ef_atan2.o) (fabsf)
..//libPDMFilter_CM4F_GCC.a(pdm_filter.o)
                              build/obj/mp45dt02_processing.o (PDM_Filter_Init)
c:/users/moi/documents/_microinfo/epuck-eclipse/tools/gcc-arm-none-eabi-7-2017-q4-major-win32/bin/../lib/gcc/arm-none-eabi/7.2.1/thumb/v7e-m/fpv4-sp/hard\libgcc.a(_arm_addsubdf3.o)
                              build/obj/chprintf.o (__aeabi_dsub)
c:/users/moi/documents/_microinfo/epuck-eclipse/tools/gcc-arm-none-eabi-7-2017-q4-major-win32/bin/../lib/gcc/arm-none-eabi/7.2.1/thumb/v7e-m/fpv4-sp/hard\libgcc.a(_arm_muldivdf3.o)
                              build/obj/chprintf.o (__aeabi_dmul)
c:/users/moi/documents/_microinfo/epuck-eclipse/tools/gcc-arm-none-eabi-7-2017-q4-major-win32/bin/../lib/gcc/arm-none-eabi/7.2.1/thumb/v7e-m/fpv4-sp/hard\libgcc.a(_arm_fixdfsi.o)
                              build/obj/chprintf.o (__aeabi_d2iz)
c:/users/moi/documents/_microinfo/epuck-eclipse/tools/gcc-arm-none-eabi-7-2017-q4-major-win32/bin/../lib/gcc/arm-none-eabi/7.2.1/thumb/v7e-m/fpv4-sp/hard\libgcc.a(_arm_fixunsdfsi.o)
                              ..//libPDMFilter_CM4F_GCC.a(pdm_filter.o) (__aeabi_d2uiz)
c:/users/moi/documents/_microinfo/epuck-eclipse/tools/gcc-arm-none-eabi-7-2017-q4-major-win32/bin/../lib/gcc/arm-none-eabi/7.2.1/thumb/v7e-m/fpv4-sp/hard\libgcc.a(_arm_truncdfsf2.o)
                              build/obj/cmp.o (__aeabi_d2f)
c:/users/moi/documents/_microinfo/epuck-eclipse/tools/gcc-arm-none-eabi-7-2017-q4-major-win32/bin/../lib/gcc/arm-none-eabi/7.2.1/thumb/v7e-m/fpv4-sp/hard\libgcc.a(_arm_addsubsf3.o)
                              build/obj/parameter_msgpack.o (__aeabi_l2f)
[...]
Memory Configuration

Name             Origin             Length             Attributes
flash            0x08000000         0x000c0000
aseba_bytecode   0x080c0000         0x00020000
config           0x080e0000         0x00020000
ram              0x20000000         0x0001c000
ethram           0x2001c000         0x00004000
ccmram           0x10000000         0x00010000
ram0             0x20000000         0x00020000
ram1             0x20000000         0x0001c000
ram2             0x2001c000         0x00004000
ram3             0x00000000         0x00000000
ram4             0x10000000         0x00010000
ram5             0x40024000         0x00001000
ram6             0x00000000         0x00000000
ram7             0x00000000         0x00000000
*default*        0x00000000         0xffffffff

Linker script and memory map

LOAD build/obj/crt0_v7m.o
LOAD build/obj/chcoreasm_v7m.o
LOAD build/obj/main.o
LOAD build/obj/spi3_slave_lld.o
LOAD build/obj/dcmi_lld.o
LOAD build/obj/dcmi.o
LOAD build/obj/spi3_slave.o
LOAD build/obj/audio_thread.o
LOAD build/obj/microphone.o
LOAD build/obj/mp45dt02_processing.o
LOAD build/obj/play_melody.o
LOAD build/obj/button.o
LOAD build/obj/dcmi_camera.o
LOAD build/obj/po8030.o
LOAD build/obj/cmd.o
LOAD build/obj/Asercom.o
LOAD build/obj/Asercom2.o
LOAD build/obj/DataEEPROM.o
LOAD build/obj/e_I2C_protocol.o
LOAD build/obj/e_acc.o
LOAD build/obj/e_ad_conv.o
LOAD build/obj/e_micro.o
LOAD build/obj/e_prox.o
LOAD build/obj/e_lsm330.o
LOAD build/obj/e_common.o
LOAD build/obj/e_sound.o
LOAD build/obj/e_agenda.o
LOAD build/obj/e_led.o
LOAD build/obj/e_motors.o
LOAD build/obj/e_remote_control.o
LOAD build/obj/e_init_port.o
LOAD build/obj/e_uart_char.o
LOAD build/obj/utility.o
LOAD build/obj/exti.o
LOAD build/obj/flash.o
LOAD build/obj/i2c_bus.o
LOAD build/obj/ir_remote.o
LOAD build/obj/leds.o
LOAD build/obj/memory_protection.o
LOAD build/obj/motors.o
LOAD build/obj/panic.o
LOAD build/obj/selector.o
LOAD build/obj/battery_level.o
LOAD build/obj/imu.o
LOAD build/obj/mpu9250.o
LOAD build/obj/proximity.o
LOAD build/obj/spi_comm.o
LOAD build/obj/sdio.o
LOAD build/obj/usbcfg.o
LOAD build/obj/uc_usage.o
LOAD build/obj/malloc_lock.o
LOAD build/obj/newlib_syscalls.o
LOAD build/obj/port.o
LOAD build/obj/communication.o
LOAD build/obj/config_flash_storage.o
LOAD build/obj/vl53l0x_api.o
LOAD build/obj/vl53l0x_api_calibration.o
LOAD build/obj/vl53l0x_api_core.o
LOAD build/obj/vl53l0x_api_ranging.o
LOAD build/obj/vl53l0x_api_strings.o
LOAD build/obj/vl53l0x_i2c_platform.o
LOAD build/obj/vl53l0x_platform.o
LOAD build/obj/VL53L0X.o
LOAD build/obj/serial_datagram.o
LOAD build/obj/cmp.o
LOAD build/obj/cmp_mem_access.o
LOAD build/obj/crc16.o
LOAD build/obj/crc32.o
LOAD build/obj/messagebus.o
LOAD build/obj/parameter.o
LOAD build/obj/parameter_msgpack.o
LOAD build/obj/parameter_print.o
LOAD build/obj/fat.o
LOAD build/obj/play_sound_file.o
LOAD build/obj/crt1.o
LOAD build/obj/vectors.o
LOAD build/obj/chsys.o
LOAD build/obj/chdebug.o
LOAD build/obj/chvt.o
LOAD build/obj/chschd.o
LOAD build/obj/chthreads.o
LOAD build/obj/chtm.o
LOAD build/obj/chstats.o
LOAD build/obj/chdynamic.o
LOAD build/obj/chregistry.o
LOAD build/obj/chsem.o
LOAD build/obj/chmtx.o
LOAD build/obj/chcond.o
LOAD build/obj/chevents.o
LOAD build/obj/chmsg.o
LOAD build/obj/chmboxes.o
LOAD build/obj/chqueues.o
LOAD build/obj/chmemcore.o
LOAD build/obj/chheap.o
LOAD build/obj/chmempools.o
LOAD build/obj/chcore.o
LOAD build/obj/chcore_v7m.o
LOAD build/obj/osal.o
LOAD build/obj/hal.o
LOAD build/obj/hal_queues.o
LOAD build/obj/hal_mmcsd.o
LOAD build/obj/adc.o
LOAD build/obj/can.o
LOAD build/obj/dac.o
LOAD build/obj/ext.o
LOAD build/obj/gpt.o
LOAD build/obj/i2c.o
LOAD build/obj/i2s.o
LOAD build/obj/icu.o
LOAD build/obj/mac.o
LOAD build/obj/mmc_spi.o
LOAD build/obj/pal.o
LOAD build/obj/pwm.o
LOAD build/obj/rtc.o
LOAD build/obj/sdc.o
LOAD build/obj/serial.o
LOAD build/obj/serial_usb.o
LOAD build/obj/spi.o
LOAD build/obj/st.o
LOAD build/obj/uart.o
LOAD build/obj/usb.o
LOAD build/obj/nvic.o
LOAD build/obj/stm32_dma.o
LOAD build/obj/hal_lld.o
LOAD build/obj/adc_lld.o
LOAD build/obj/ext_lld_isr.o
LOAD build/obj/can_lld.o
LOAD build/obj/ext_lld.o
LOAD build/obj/mac_lld.o
LOAD build/obj/sdc_lld.o
LOAD build/obj/dac_lld.o
LOAD build/obj/pal_lld.o
LOAD build/obj/i2c_lld.o
LOAD build/obj/usb_lld.o
LOAD build/obj/rtc_lld.o
LOAD build/obj/i2s_lld.o
LOAD build/obj/spi_lld.o
LOAD build/obj/gpt_lld.o
LOAD build/obj/icu_lld.o
LOAD build/obj/pwm_lld.o
LOAD build/obj/st_lld.o
LOAD build/obj/serial_lld.o
LOAD build/obj/uart_lld.o
LOAD build/obj/board.o
LOAD build/obj/test.o
LOAD build/obj/testthd.o
LOAD build/obj/testsem.o
LOAD build/obj/testmtx.o
LOAD build/obj/testmsg.o
LOAD build/obj/testmbox.o
LOAD build/obj/testevt.o
LOAD build/obj/testheap.o
LOAD build/obj/testpools.o
LOAD build/obj/testdyn.o
LOAD build/obj/testqueues.o
LOAD build/obj/testsys.o
LOAD build/obj/testbmk.o
LOAD build/obj/shell.o
LOAD build/obj/memstreams.o
LOAD build/obj/chprintf.o
LOAD build/obj/fatfs_diskio.o
LOAD build/obj/fatfs_syscall.o
LOAD build/obj/ff.o
LOAD build/obj/unicode.o
                0x080c0000                _aseba_bytecode_start = ORIGIN (aseba_bytecode)
                0x080e0000                _aseba_bytecode_end = (ORIGIN (aseba_bytecode) + LENGTH (aseba_bytecode))
                0x080e0000                _config_start = ORIGIN (config)
                0x08100000                _config_end = (ORIGIN (config) + LENGTH (config))
                0x20000000                __ram0_start__ = ORIGIN (ram0)
                0x00020000                __ram0_size__ = LENGTH (ram0)
                0x20020000                __ram0_end__ = (__ram0_start__ + __ram0_size__)
                0x20000000                __ram1_start__ = ORIGIN (ram1)
                0x0001c000                __ram1_size__ = LENGTH (ram1)
                0x2001c000                __ram1_end__ = (__ram1_start__ + __ram1_size__)
                0x2001c000                __ram2_start__ = ORIGIN (ram2)
                0x00004000                __ram2_size__ = LENGTH (ram2)
                0x20020000                __ram2_end__ = (__ram2_start__ + __ram2_size__)
                0x00000000                __ram3_start__ = ORIGIN (ram3)
                0x00000000                __ram3_size__ = LENGTH (ram3)
                0x00000000                __ram3_end__ = (__ram3_start__ + __ram3_size__)
                0x10000000                __ram4_start__ = ORIGIN (ram4)
                0x00010000                __ram4_size__ = LENGTH (ram4)
                0x10010000                __ram4_end__ = (__ram4_start__ + __ram4_size__)
                0x40024000                __ram5_start__ = ORIGIN (ram5)
                0x00001000                __ram5_size__ = LENGTH (ram5)
                0x40025000                __ram5_end__ = (__ram5_start__ + __ram5_size__)
                0x00000000                __ram6_start__ = ORIGIN (ram6)
                0x00000000                __ram6_size__ = LENGTH (ram6)
                0x00000000                __ram6_end__ = (__ram6_start__ + __ram6_size__)
                0x00000000                __ram7_start__ = ORIGIN (ram7)
                0x00000000                __ram7_size__ = LENGTH (ram7)
                0x00000000                __ram7_end__ = (__ram7_start__ + __ram7_size__)
                0x00000000                . = 0x0
                0x00000000                _text = .

startup         0x08000000      0x1c0
 *(.vectors)
 .vectors       0x08000000      0x1c0 build/obj/vectors.o
                0x08000000                _vectors

constructors    0x080001c0        0x0
                0x080001c0                PROVIDE (__init_array_start, .)
 *(SORT_BY_NAME(.init_array.*))
 *(.init_array)
                0x080001c0                PROVIDE (__init_array_end, .)

destructors     0x080001c0        0x0
                0x080001c0                PROVIDE (__fini_array_start, .)
 *(.fini_array)
 *(SORT_BY_NAME(.fini_array.*))
                0x080001c0                PROVIDE (__fini_array_end, .)

.text           0x080001c0     0xbb6c
 *(.text)
 .text          0x080001c0       0xf0 build/obj/crt0_v7m.o
                0x080001c0                Reset_Handler
 .text          0x080002b0       0x48 build/obj/chcoreasm_v7m.o
                0x080002b0                _port_switch
                0x080002c8                _port_thread_start
                0x080002e0                _port_switch_from_isr
                0x080002f4                _port_exit_from_isr
 *fill*         0x080002f8        0x8 
 .text          0x08000300      0x378 c:/users/moi/documents/_microinfo/epuck-eclipse/tools/gcc-arm-none-eabi-7-2017-q4-major-win32/bin/../lib/gcc/arm-none-eabi/7.2.1/thumb/v7e-m/fpv4-sp/hard\libgcc.a(_arm_addsubdf3.o)
                0x08000300                __aeabi_drsub
                0x08000308                __aeabi_dsub
                0x08000308                __subdf3
                0x0800030c                __aeabi_dadd
                0x0800030c                __adddf3
                0x08000584                __floatunsidf
                0x08000584                __aeabi_ui2d
                0x080005a4                __floatsidf
                0x080005a4                __aeabi_i2d
                0x080005c8                __aeabi_f2d
                0x080005c8                __extendsfdf2
                0x0800060c                __floatundidf
                0x0800060c                __aeabi_ul2d
                0x0800061c                __floatdidf
                0x0800061c                __aeabi_l2d
 *fill*         0x08000678        0x8 
 .text          0x08000680      0x424 c:/users/moi/documents/_microinfo/epuck-eclipse/tools/gcc-arm-none-eabi-7-2017-q4-major-win32/bin/../lib/gcc/arm-none-eabi/7.2.1/thumb/v7e-m/fpv4-sp/hard\libgcc.a(_arm_muldivdf3.o)
                0x08000680                __aeabi_dmul
                0x08000680                __muldf3
                0x080008d4                __divdf3
                0x080008d4                __aeabi_ddiv
 *fill*         0x08000aa4        0xc 
 .text          0x08000ab0       0x50 c:/users/moi/documents/_microinfo/epuck-eclipse/tools/gcc-arm-none-eabi-7-2017-q4-major-win32/bin/../lib/gcc/arm-none-eabi/7.2.1/thumb/v7e-m/fpv4-sp/hard\libgcc.a(_arm_fixdfsi.o)
                0x08000ab0                __aeabi_d2iz
                0x08000ab0                __fixdfsi
 .text          0x08000b00       0x30 c:/users/moi/documents/_microinfo/epuck-eclipse/tools/gcc-arm-none-eabi-7-2017-q4-major-win32/bin/../lib/gcc/arm-none-eabi/7.2.1/thumb/v7e-m/fpv4-sp/hard\libgcc.a(_aeabi_uldivmod.o)
                0x08000b00                __aeabi_uldivmod
 .text          0x08000b30      0x2cc c:/users/moi/documents/_microinfo/epuck-eclipse/tools/gcc-arm-none-eabi-7-2017-q4-major-win32/bin/../lib/gcc/arm-none-eabi/7.2.1/thumb/v7e-m/fpv4-sp/hard\libgcc.a(_udivmoddi4.o)
                0x08000b30                __udivmoddi4
 *fill*         0x08000dfc        0x4 
 .text          0x08000e00        0x4 c:/users/moi/documents/_microinfo/epuck-eclipse/tools/gcc-arm-none-eabi-7-2017-q4-major-win32/bin/../lib/gcc/arm-none-eabi/7.2.1/thumb/v7e-m/fpv4-sp/hard\libgcc.a(_dvmd_tls.o)
                0x08000e00                __aeabi_idiv0
                0x08000e00                __aeabi_ldiv0
 *fill*         0x08000e04        0xc 
 .text          0x08000e10      0x134 c:/users/moi/documents/_microinfo/epuck-eclipse/tools/gcc-arm-none-eabi-7-2017-q4-major-win32/bin/../lib/gcc/arm-none-eabi/7.2.1/../../../../arm-none-eabi/lib/thumb/v7e-m/fpv4-sp/hard\libg.a(lib_a-memcpy.o)
                0x08000e10                memcpy
 *fill*         0x08000f44        0xc 
 .text          0x08000f50       0xdc c:/users/moi/documents/_microinfo/epuck-eclipse/tools/gcc-arm-none-eabi-7-2017-q4-major-win32/bin/../lib/gcc/arm-none-eabi/7.2.1/../../../../arm-none-eabi/lib/thumb/v7e-m/fpv4-sp/hard\libg.a(lib_a-strlen.o)
                0x08000f50                strlen
 *fill*         0x0800102c        0x4 
 .text          0x08001030       0xa0 c:/users/moi/documents/_microinfo/epuck-eclipse/tools/gcc-arm-none-eabi-7-2017-q4-major-win32/bin/../lib/gcc/arm-none-eabi/7.2.1/../../../../arm-none-eabi/lib/thumb/v7e-m/fpv4-sp/hard\libg.a(lib_a-memchr.o)
                0x08001030                memchr
 .text          0x080010d0      0x110 c:/users/moi/documents/_microinfo/epuck-eclipse/tools/gcc-arm-none-eabi-7-2017-q4-major-win32/bin/../lib/gcc/arm-none-eabi/7.2.1/thumb/v7e-m/fpv4-sp/hard\libgcc.a(_arm_cmpdf2.o)
                0x080010d0                __gtdf2
                0x080010d0                __gedf2
                0x080010d8                __ltdf2
                0x080010d8                __ledf2
                0x080010e0                __nedf2
                0x080010e0                __eqdf2
                0x080010e0                __cmpdf2
                0x0800115c                __aeabi_cdrcmple
                0x0800116c                __aeabi_cdcmpeq
                0x0800116c                __aeabi_cdcmple
                0x0800117c                __aeabi_dcmpeq
                0x08001190                __aeabi_dcmplt
                0x080011a4                __aeabi_dcmple
                0x080011b8                __aeabi_dcmpge
                0x080011cc                __aeabi_dcmpgt
 .text          0x080011e0       0x2c c:/users/moi/documents/_microinfo/epuck-eclipse/tools/gcc-arm-none-eabi-7-2017-q4-major-win32/bin/../lib/gcc/arm-none-eabi/7.2.1/thumb/v7e-m/fpv4-sp/hard\libgcc.a(_arm_unorddf2.o)
                0x080011e0                __unorddf2
                0x080011e0                __aeabi_dcmpun
 *(.text.*)
 *fill*         0x0800120c        0x4 
 .text.ThdFrontLed
                0x08001210       0x78 build/obj/main.o
 *fill*         0x08001288        0x8 
 .text.startup.main
                0x08001290       0x40 build/obj/main.o
                0x08001290                main
 .text.__stack_chk_fail
                0x080012d0       0x2c build/obj/main.o
                0x080012d0                __stack_chk_fail
 *fill*         0x080012fc        0x4 
 .text.dcmi_lld_stop_stream.part.0
                0x08001300       0x48 build/obj/dcmi_lld.o
 *fill*         0x08001348        0x8 
 .text.Vector178
                0x08001350       0xb0 build/obj/dcmi_lld.o
                0x08001350                Vector178
 .text.mpu_configure_region
                0x08001400       0xb0 build/obj/memory_protection.o
                0x08001400                mpu_configure_region
 .text.mpu_init
                0x080014b0       0xa4 build/obj/memory_protection.o
                0x080014b0                mpu_init
 *fill*         0x08001554        0xc 
 .text.MemManage_Handler
                0x08001560       0x84 build/obj/memory_protection.o
                0x08001560                MemManage_Handler
 *fill*         0x080015e4        0xc 
 .text.panic_handler
                0x080015f0       0x38 build/obj/panic.o
                0x080015f0                panic_handler
 *fill*         0x08001628        0x8 
 .text.__malloc_lock
                0x08001630       0x2c build/obj/malloc_lock.o
                0x08001630                __malloc_lock
 *fill*         0x0800165c        0x4 
 .text.__malloc_unlock
                0x08001660       0x2c build/obj/malloc_lock.o
                0x08001660                __malloc_unlock
 *fill*         0x0800168c        0x4 
 .text._sbrk_r  0x08001690       0x40 build/obj/newlib_syscalls.o
                0x08001690                _sbrk_r
 .text._fini    0x080016d0       0x20 build/obj/newlib_syscalls.o
                0x080016d0                _fini
 .text.__late_init
                0x080016f0       0x20 build/obj/crt1.o
                0x080016f0                __late_init
 .text.__default_exit
                0x08001710       0x10 build/obj/crt1.o
                0x08001710                __default_exit
 .text._unhandled_exception
                0x08001720       0x1c build/obj/vectors.o
                0x08001720                VectorAC
                0x08001720                DebugMon_Handler
                0x08001720                Vector1A0
                0x08001720                Vector11C
                0x08001720                HardFault_Handler
                0x08001720                Vector1B8
                0x08001720                Vector19C
                0x08001720                PendSV_Handler
                0x08001720                Vector168
                0x08001720                NMI_Handler
                0x08001720                Vector110
                0x08001720                VectorC8
                0x08001720                Vector160
                0x08001720                Vector1B0
                0x08001720                UsageFault_Handler
                0x08001720                VectorEC
                0x08001720                Vector40
                0x08001720                VectorF8
                0x08001720                Vector190
                0x08001720                Vector148
                0x08001720                Vector188
                0x08001720                Vector198
                0x08001720                VectorCC
                0x08001720                Vector54
                0x08001720                VectorD8
                0x08001720                Vector24
                0x08001720                Vector1AC
                0x08001720                Vector1A4
                0x08001720                VectorD0
                0x08001720                Vector1B4
                0x08001720                Vector140
                0x08001720                Vector134
                0x08001720                VectorF0
                0x08001720                Vector13C
                0x08001720                Vector100
                0x08001720                VectorF4
                0x08001720                VectorA0
                0x08001720                VectorC4
                0x08001720                Vector180
                0x08001720                Vector114
                0x08001720                Vector164
                0x08001720                Vector1C
                0x08001720                Vector1BC
                0x08001720                Vector17C
                0x08001720                Vector1A8
                0x08001720                Vector16C
                0x08001720                VectorD4
                0x08001720                Vector144
                0x08001720                Vector15C
                0x08001720                _unhandled_exception
                0x08001720                Vector184
                0x08001720                Vector10C
                0x08001720                BusFault_Handler
                0x08001720                Vector50
                0x08001720                Vector194
                0x08001720                Vector28
                0x08001720                Vector34
                0x08001720                VectorA4
                0x08001720                Vector20
                0x08001720                Vector18C
                0x08001720                Vector174
 *fill*         0x0800173c        0x4 
 .text._idle_thread
                0x08001740       0x10 build/obj/chsys.o
 .text.chSysInit
                0x08001750       0xd0 build/obj/chsys.o
                0x08001750                chSysInit
 .text.chSysHalt
                0x08001820       0x20 build/obj/chsys.o
                0x08001820                chSysHalt
 .text.chSysTimerHandlerI
                0x08001840       0x98 build/obj/chsys.o
                0x08001840                chSysTimerHandlerI
 *fill*         0x080018d8        0x8 
 .text.chSysPolledDelayX
                0x080018e0       0x30 build/obj/chsys.o
                0x080018e0                chSysPolledDelayX
 .text._dbg_check_enable
                0x08001910       0x48 build/obj/chdebug.o
                0x08001910                _dbg_check_enable
 *fill*         0x08001958        0x8 
 .text._dbg_check_lock
                0x08001960       0x3c build/obj/chdebug.o
                0x08001960                _dbg_check_lock
 *fill*         0x0800199c        0x4 
 .text._dbg_check_unlock
                0x080019a0       0x40 build/obj/chdebug.o
                0x080019a0                _dbg_check_unlock
 .text._dbg_check_lock_from_isr
                0x080019e0       0x3c build/obj/chdebug.o
                0x080019e0                _dbg_check_lock_from_isr
 *fill*         0x08001a1c        0x4 
 .text._dbg_check_unlock_from_isr
                0x08001a20       0x40 build/obj/chdebug.o
                0x08001a20                _dbg_check_unlock_from_isr
 .text._dbg_check_enter_isr
                0x08001a60       0x4c build/obj/chdebug.o
                0x08001a60                _dbg_check_enter_isr
 *fill*         0x08001aac        0x4 
 .text._dbg_check_leave_isr
                0x08001ab0       0x4c build/obj/chdebug.o
                0x08001ab0                _dbg_check_leave_isr
 *fill*         0x08001afc        0x4 
 .text.chDbgCheckClassI
                0x08001b00       0x4c build/obj/chdebug.o
                0x08001b00                chDbgCheckClassI
 *fill*         0x08001b4c        0x4 
 .text.chDbgCheckClassS
                0x08001b50       0x48 build/obj/chdebug.o
                0x08001b50                chDbgCheckClassS
 *fill*         0x08001b98        0x8 
 .text._dbg_trace_init
                0x08001ba0       0x2c build/obj/chdebug.o
                0x08001ba0                _dbg_trace_init
 *fill*         0x08001bcc        0x4 
 .text._dbg_trace
                0x08001bd0       0x48 build/obj/chdebug.o
                0x08001bd0                _dbg_trace
 *fill*         0x08001c18        0x8 
 .text._vt_init
                0x08001c20       0x38 build/obj/chvt.o
                0x08001c20                _vt_init
 *fill*         0x08001c58        0x8 
 .text.chVTDoSetI
                0x08001c60       0x78 build/obj/chvt.o
                0x08001c60                chVTDoSetI
 *fill*         0x08001cd8        0x8 
 .text.chVTDoResetI
                0x08001ce0       0x60 build/obj/chvt.o
                0x08001ce0                chVTDoResetI
 .text._scheduler_init
                0x08001d40       0x34 build/obj/chschd.o
                0x08001d40                _scheduler_init
 *fill*         0x08001d74        0xc 
 .text.chSchReadyI
                0x08001d80       0x68 build/obj/chschd.o
                0x08001d80                chSchReadyI
 *fill*         0x08001de8        0x8 
 .text.wakeup   0x08001df0       0x88 build/obj/chschd.o
 *fill*         0x08001e78        0x8 
 .text.chSchGoSleepS
                0x08001e80       0x74 build/obj/chschd.o
                0x08001e80                chSchGoSleepS
 *fill*         0x08001ef4        0xc 
 .text.chSchGoSleepTimeoutS
                0x08001f00       0x64 build/obj/chschd.o
                0x08001f00                chSchGoSleepTimeoutS
 *fill*         0x08001f64        0xc 
 .text.chSchWakeupS
                0x08001f70       0x88 build/obj/chschd.o
                0x08001f70                chSchWakeupS
 *fill*         0x08001ff8        0x8 
 .text.chSchIsPreemptionRequired
                0x08002000       0x44 build/obj/chschd.o
                0x08002000                chSchIsPreemptionRequired
 *fill*         0x08002044        0xc 
 .text.chSchDoRescheduleBehind
                0x08002050       0x70 build/obj/chschd.o
                0x08002050                chSchDoRescheduleBehind
 .text.chSchDoRescheduleAhead
                0x080020c0       0x84 build/obj/chschd.o
                0x080020c0                chSchDoRescheduleAhead
 *fill*         0x08002144        0xc 
 .text.chSchDoReschedule
                0x08002150       0x44 build/obj/chschd.o
                0x08002150                chSchDoReschedule
 *fill*         0x08002194        0xc 
 .text._thread_init
                0x080021a0       0x74 build/obj/chthreads.o
                0x080021a0                _thread_init
 *fill*         0x08002214        0xc 
 .text._thread_memfill
                0x08002220       0x2c build/obj/chthreads.o
                0x08002220                _thread_memfill
 *fill*         0x0800224c        0x4 
 .text.chThdCreateI
                0x08002250       0x70 build/obj/chthreads.o
                0x08002250                chThdCreateI
 .text.chThdCreateStatic
                0x080022c0       0xb0 build/obj/chthreads.o
                0x080022c0                chThdCreateStatic
 .text.chThdSleep
                0x08002370       0x74 build/obj/chthreads.o
                0x08002370                chThdSleep
 *fill*         0x080023e4        0xc 
 .text.chThdSleepUntilWindowed
                0x080023f0       0x84 build/obj/chthreads.o
                0x080023f0                chThdSleepUntilWindowed
 *fill*         0x08002474        0xc 
 .text.chThdExitS
                0x08002480       0x68 build/obj/chthreads.o
                0x08002480                chThdExitS
 *fill*         0x080024e8        0x8 
 .text.chThdExit
                0x080024f0       0x38 build/obj/chthreads.o
                0x080024f0                chThdExit
 *fill*         0x08002528        0x8 
 .text.chThdSuspendS
                0x08002530       0x44 build/obj/chthreads.o
                0x08002530                chThdSuspendS
 *fill*         0x08002574        0xc 
 .text.chThdResumeI
                0x08002580       0x54 build/obj/chthreads.o
                0x08002580                chThdResumeI
 *fill*         0x080025d4        0xc 
 .text.chThdEnqueueTimeoutS
                0x080025e0       0x4c build/obj/chthreads.o
                0x080025e0                chThdEnqueueTimeoutS
 *fill*         0x0800262c        0x4 
 .text.chThdDequeueNextI
                0x08002630       0x54 build/obj/chthreads.o
                0x08002630                chThdDequeueNextI
 *fill*         0x08002684        0xc 
 .text.chThdDequeueAllI
                0x08002690       0x5c build/obj/chthreads.o
                0x08002690                chThdDequeueAllI
 *fill*         0x080026ec        0x4 
 .text.chTMObjectInit
                0x080026f0       0x38 build/obj/chtm.o
                0x080026f0                chTMObjectInit
 *fill*         0x08002728        0x8 
 .text.chTMStartMeasurementX
                0x08002730       0x2c build/obj/chtm.o
                0x08002730                chTMStartMeasurementX
 *fill*         0x0800275c        0x4 
 .text.chTMStopMeasurementX
                0x08002760       0x60 build/obj/chtm.o
                0x08002760                chTMStopMeasurementX
 .text._tm_init
                0x080027c0       0x50 build/obj/chtm.o
                0x080027c0                _tm_init
 .text.chTMChainMeasurementToX
                0x08002810       0x5c build/obj/chtm.o
                0x08002810                chTMChainMeasurementToX
 *fill*         0x0800286c        0x4 
 .text._stats_init
                0x08002870       0x40 build/obj/chstats.o
                0x08002870                _stats_init
 .text._stats_increase_irq
                0x080028b0       0x30 build/obj/chstats.o
                0x080028b0                _stats_increase_irq
 .text._stats_ctxswc
                0x080028e0       0x40 build/obj/chstats.o
                0x080028e0                _stats_ctxswc
 .text._stats_start_measure_crit_thd
                0x08002920       0x2c build/obj/chstats.o
                0x08002920                _stats_start_measure_crit_thd
 *fill*         0x0800294c        0x4 
 .text._stats_stop_measure_crit_thd
                0x08002950       0x2c build/obj/chstats.o
                0x08002950                _stats_stop_measure_crit_thd
 *fill*         0x0800297c        0x4 
 .text._stats_start_measure_crit_isr
                0x08002980       0x2c build/obj/chstats.o
                0x08002980                _stats_start_measure_crit_isr
 *fill*         0x080029ac        0x4 
 .text._stats_stop_measure_crit_isr
                0x080029b0       0x2c build/obj/chstats.o
                0x080029b0                _stats_stop_measure_crit_isr
 *fill*         0x080029dc        0x4 
 .text.chMtxObjectInit
                0x080029e0       0x38 build/obj/chmtx.o
                0x080029e0                chMtxObjectInit
 *fill*         0x08002a18        0x8 
 .text.chMtxLockS
                0x08002a20      0x17c build/obj/chmtx.o
                0x08002a20                chMtxLockS
 *fill*         0x08002b9c        0x4 
 .text.chMtxLock
                0x08002ba0       0x64 build/obj/chmtx.o
                0x08002ba0                chMtxLock
 *fill*         0x08002c04        0xc 
 .text.chMtxUnlock
                0x08002c10      0x10c build/obj/chmtx.o
                0x08002c10                chMtxUnlock
 *fill*         0x08002d1c        0x4 
 .text.chEvtSignalI
                0x08002d20       0x6c build/obj/chevents.o
                0x08002d20                chEvtSignalI
 *fill*         0x08002d8c        0x4 
 .text.chEvtBroadcastFlagsI
                0x08002d90       0x58 build/obj/chevents.o
                0x08002d90                chEvtBroadcastFlagsI
 *fill*         0x08002de8        0x8 
 .text.chIQObjectInit
                0x08002df0       0x38 build/obj/chqueues.o
                0x08002df0                chIQObjectInit
 *fill*         0x08002e28        0x8 
 .text.chIQPutI
                0x08002e30       0x60 build/obj/chqueues.o
                0x08002e30                chIQPutI
 .text.chIQGetTimeout
                0x08002e90       0x9c build/obj/chqueues.o
                0x08002e90                chIQGetTimeout
 *fill*         0x08002f2c        0x4 
 .text.chIQReadTimeout
                0x08002f30      0x100 build/obj/chqueues.o
                0x08002f30                chIQReadTimeout
 .text.chOQObjectInit
                0x08003030       0x34 build/obj/chqueues.o
                0x08003030                chOQObjectInit
 *fill*         0x08003064        0xc 
 .text.chOQPutTimeout
                0x08003070       0xcc build/obj/chqueues.o
                0x08003070                chOQPutTimeout
 *fill*         0x0800313c        0x4 
 .text.chOQGetI
                0x08003140       0x5c build/obj/chqueues.o
                0x08003140                chOQGetI
 *fill*         0x0800319c        0x4 
 .text.chOQWriteTimeout
                0x080031a0      0x104 build/obj/chqueues.o
                0x080031a0                chOQWriteTimeout
 *fill*         0x080032a4        0xc 
 .text._core_init
                0x080032b0       0x44 build/obj/chmemcore.o
                0x080032b0                _core_init
 *fill*         0x080032f4        0xc 
 .text.chCoreAlloc
                0x08003300       0x88 build/obj/chmemcore.o
                0x08003300                chCoreAlloc
 *fill*         0x08003388        0x8 
 .text._heap_init
                0x08003390       0x3c build/obj/chheap.o
                0x08003390                _heap_init
 *fill*         0x080033cc        0x4 
 .text.SVC_Handler
                0x080033d0       0x40 build/obj/chcore_v7m.o
                0x080033d0                SVC_Handler
 .text._port_irq_epilogue
                0x08003410       0x7c build/obj/chcore_v7m.o
                0x08003410                _port_irq_epilogue
 *fill*         0x0800348c        0x4 
 .text.halInit  0x08003490       0x6c build/obj/hal.o
                0x08003490                halInit
 *fill*         0x080034fc        0x4 
 .text._mmcsd_get_slice
                0x08003500       0x74 build/obj/hal_mmcsd.o
                0x08003500                _mmcsd_get_slice
 *fill*         0x08003574        0xc 
 .text._mmcsd_get_capacity
                0x08003580       0x80 build/obj/hal_mmcsd.o
                0x08003580                _mmcsd_get_capacity
 .text._mmcsd_get_capacity_ext
                0x08003600       0x4c build/obj/hal_mmcsd.o
                0x08003600                _mmcsd_get_capacity_ext
 *fill*         0x0800364c        0x4 
 .text.adcInit  0x08003650       0x24 build/obj/adc.o
                0x08003650                adcInit
 *fill*         0x08003674        0xc 
 .text.adcObjectInit
                0x08003680       0x38 build/obj/adc.o
                0x08003680                adcObjectInit
 *fill*         0x080036b8        0x8 
 .text.canInit  0x080036c0       0x24 build/obj/can.o
                0x080036c0                canInit
 *fill*         0x080036e4        0xc 
 .text.canObjectInit
                0x080036f0       0x54 build/obj/can.o
                0x080036f0                canObjectInit
 *fill*         0x08003744        0xc 
 .text.dacInit  0x08003750       0x24 build/obj/dac.o
                0x08003750                dacInit
 *fill*         0x08003774        0xc 
 .text.dacObjectInit
                0x08003780       0x30 build/obj/dac.o
                0x08003780                dacObjectInit
 .text.extInit  0x080037b0       0x24 build/obj/ext.o
                0x080037b0                extInit
 *fill*         0x080037d4        0xc 
 .text.extObjectInit
                0x080037e0       0x28 build/obj/ext.o
                0x080037e0                extObjectInit
 *fill*         0x08003808        0x8 
 .text.gptInit  0x08003810       0x24 build/obj/gpt.o
                0x08003810                gptInit
 *fill*         0x08003834        0xc 
 .text.gptObjectInit
                0x08003840       0x28 build/obj/gpt.o
                0x08003840                gptObjectInit
 *fill*         0x08003868        0x8 
 .text.i2cInit  0x08003870       0x24 build/obj/i2c.o
                0x08003870                i2cInit
 *fill*         0x08003894        0xc 
 .text.i2cObjectInit
                0x080038a0       0x30 build/obj/i2c.o
                0x080038a0                i2cObjectInit
 .text.i2sInit  0x080038d0       0x24 build/obj/i2s.o
                0x080038d0                i2sInit
 *fill*         0x080038f4        0xc 
 .text.i2sObjectInit
                0x08003900       0x28 build/obj/i2s.o
                0x08003900                i2sObjectInit
 *fill*         0x08003928        0x8 
 .text.pwmInit  0x08003930       0x24 build/obj/pwm.o
                0x08003930                pwmInit
 *fill*         0x08003954        0xc 
 .text.pwmObjectInit
                0x08003960       0x2c build/obj/pwm.o
                0x08003960                pwmObjectInit
 *fill*         0x0800398c        0x4 
 .text.sdcGetInfo
                0x08003990       0x4c build/obj/sdc.o
                0x08003990                sdcGetInfo
 *fill*         0x080039dc        0x4 
 .text.sdcConnect
                0x080039e0      0x3bc build/obj/sdc.o
                0x080039e0                sdcConnect
 *fill*         0x08003d9c        0x4 
 .text.sdcRead  0x08003da0       0x74 build/obj/sdc.o
                0x08003da0                sdcRead
 *fill*         0x08003e14        0xc 
 .text.sdcWrite
                0x08003e20       0x74 build/obj/sdc.o
                0x08003e20                sdcWrite
 *fill*         0x08003e94        0xc 
 .text.sdcSync  0x08003ea0       0x44 build/obj/sdc.o
                0x08003ea0                sdcSync
 *fill*         0x08003ee4        0xc 
 .text._sdc_wait_for_transfer_state
                0x08003ef0       0x54 build/obj/sdc.o
                0x08003ef0                _sdc_wait_for_transfer_state
 *fill*         0x08003f44        0xc 
 .text.sdcDisconnect
                0x08003f50       0xc8 build/obj/sdc.o
                0x08003f50                sdcDisconnect
 *fill*         0x08004018        0x8 
 .text.sdcInit  0x08004020       0x24 build/obj/sdc.o
                0x08004020                sdcInit
 *fill*         0x08004044        0xc 
 .text.sdcObjectInit
                0x08004050       0x34 build/obj/sdc.o
                0x08004050                sdcObjectInit
 *fill*         0x08004084        0xc 
 .text.readt    0x08004090       0x28 build/obj/serial.o
 *fill*         0x080040b8        0x8 
 .text.read     0x080040c0       0x2c build/obj/serial.o
 *fill*         0x080040ec        0x4 
 .text.writet   0x080040f0       0x28 build/obj/serial.o
 *fill*         0x08004118        0x8 
 .text.write    0x08004120       0x2c build/obj/serial.o
 *fill*         0x0800414c        0x4 
 .text.gett     0x08004150       0x28 build/obj/serial.o
 *fill*         0x08004178        0x8 
 .text.get      0x08004180       0x2c build/obj/serial.o
 *fill*         0x080041ac        0x4 
 .text.putt     0x080041b0       0x28 build/obj/serial.o
 *fill*         0x080041d8        0x8 
 .text.put      0x080041e0       0x2c build/obj/serial.o
 *fill*         0x0800420c        0x4 
 .text.sdInit   0x08004210       0x24 build/obj/serial.o
                0x08004210                sdInit
 *fill*         0x08004234        0xc 
 .text.sdObjectInit
                0x08004240       0x5c build/obj/serial.o
                0x08004240                sdObjectInit
 *fill*         0x0800429c        0x4 
 .text.sdIncomingDataI
                0x080042a0       0x68 build/obj/serial.o
                0x080042a0                sdIncomingDataI
 *fill*         0x08004308        0x8 
 .text.sduInit  0x08004310       0x20 build/obj/serial_usb.o
                0x08004310                sduInit
 .text.spiInit  0x08004330       0x24 build/obj/spi.o
                0x08004330                spiInit
 *fill*         0x08004354        0xc 
 .text.spiObjectInit
                0x08004360       0x30 build/obj/spi.o
                0x08004360                spiObjectInit
 .text.stInit   0x08004390       0x24 build/obj/st.o
                0x08004390                stInit
 *fill*         0x080043b4        0xc 
 .text.usbInit  0x080043c0       0x24 build/obj/usb.o
                0x080043c0                usbInit
 *fill*         0x080043e4        0xc 
 .text.usbObjectInit
                0x080043f0       0x34 build/obj/usb.o
                0x080043f0                usbObjectInit
 *fill*         0x08004424        0xc 
 .text.usbStartReceiveI
                0x08004430       0x54 build/obj/usb.o
                0x08004430                usbStartReceiveI
 *fill*         0x08004484        0xc 
 .text.usbStartTransmitI
                0x08004490       0x54 build/obj/usb.o
                0x08004490                usbStartTransmitI
 *fill*         0x080044e4        0xc 
 .text._usb_reset
                0x080044f0       0x3c build/obj/usb.o
                0x080044f0                _usb_reset
 *fill*         0x0800452c        0x4 
 .text._usb_ep0setup
                0x08004530      0x34c build/obj/usb.o
                0x08004530                _usb_ep0setup
 *fill*         0x0800487c        0x4 
 .text._usb_ep0in
                0x08004880      0x120 build/obj/usb.o
                0x08004880                _usb_ep0in
 .text._usb_ep0out
                0x080049a0       0xcc build/obj/usb.o
                0x080049a0                _usb_ep0out
 *fill*         0x08004a6c        0x4 
 .text.nvicEnableVector
                0x08004a70       0x4c build/obj/nvic.o
                0x08004a70                nvicEnableVector
 *fill*         0x08004abc        0x4 
 .text.nvicSetSystemHandlerPriority
                0x08004ac0       0x40 build/obj/nvic.o
                0x08004ac0                nvicSetSystemHandlerPriority
 .text.Vector6C
                0x08004b00       0x4c build/obj/stm32_dma.o
                0x08004b00                Vector6C
 *fill*         0x08004b4c        0x4 
 .text.Vector70
                0x08004b50       0x50 build/obj/stm32_dma.o
                0x08004b50                Vector70
 .text.Vector74
                0x08004ba0       0x50 build/obj/stm32_dma.o
                0x08004ba0                Vector74
 .text.Vector78
                0x08004bf0       0x50 build/obj/stm32_dma.o
                0x08004bf0                Vector78
 .text.Vector7C
                0x08004c40       0x4c build/obj/stm32_dma.o
                0x08004c40                Vector7C
 *fill*         0x08004c8c        0x4 
 .text.Vector80
                0x08004c90       0x50 build/obj/stm32_dma.o
                0x08004c90                Vector80
 .text.Vector84
                0x08004ce0       0x50 build/obj/stm32_dma.o
                0x08004ce0                Vector84
 .text.VectorFC
                0x08004d30       0x50 build/obj/stm32_dma.o
                0x08004d30                VectorFC
 .text.Vector120
                0x08004d80       0x4c build/obj/stm32_dma.o
                0x08004d80                Vector120
 *fill*         0x08004dcc        0x4 
 .text.Vector124
                0x08004dd0       0x50 build/obj/stm32_dma.o
                0x08004dd0                Vector124
 .text.Vector128
                0x08004e20       0x50 build/obj/stm32_dma.o
                0x08004e20                Vector128
 .text.Vector12C
                0x08004e70       0x50 build/obj/stm32_dma.o
                0x08004e70                Vector12C
 .text.Vector130
                0x08004ec0       0x4c build/obj/stm32_dma.o
                0x08004ec0                Vector130
 *fill*         0x08004f0c        0x4 
 .text.Vector150
                0x08004f10       0x50 build/obj/stm32_dma.o
                0x08004f10                Vector150
 .text.Vector154
                0x08004f60       0x50 build/obj/stm32_dma.o
                0x08004f60                Vector154
 .text.Vector158
                0x08004fb0       0x50 build/obj/stm32_dma.o
                0x08004fb0                Vector158
 .text.dmaInit  0x08005000       0x6c build/obj/stm32_dma.o
                0x08005000                dmaInit
 *fill*         0x0800506c        0x4 
 .text.hal_lld_init
                0x08005070       0x80 build/obj/hal_lld.o
                0x08005070                hal_lld_init
 .text.stm32_clock_init
                0x080050f0       0xf8 build/obj/hal_lld.o
                0x080050f0                stm32_clock_init
 *fill*         0x080051e8        0x8 
 .text.Vector88
                0x080051f0      0x1e8 build/obj/adc_lld.o
                0x080051f0                Vector88
 *fill*         0x080053d8        0x8 
 .text.adc_lld_init
                0x080053e0       0x98 build/obj/adc_lld.o
                0x080053e0                adc_lld_init
 *fill*         0x08005478        0x8 
 .text.Vector58
                0x08005480       0x48 build/obj/ext_lld_isr.o
                0x08005480                Vector58
 *fill*         0x080054c8        0x8 
 .text.Vector5C
                0x080054d0       0x48 build/obj/ext_lld_isr.o
                0x080054d0                Vector5C
 *fill*         0x08005518        0x8 
 .text.Vector60
                0x08005520       0x48 build/obj/ext_lld_isr.o
                0x08005520                Vector60
 *fill*         0x08005568        0x8 
 .text.Vector64
                0x08005570       0x48 build/obj/ext_lld_isr.o
                0x08005570                Vector64
 *fill*         0x080055b8        0x8 
 .text.Vector68
                0x080055c0       0x48 build/obj/ext_lld_isr.o
                0x080055c0                Vector68
 *fill*         0x08005608        0x8 
 .text.Vector9C
                0x08005610       0x88 build/obj/ext_lld_isr.o
                0x08005610                Vector9C
 *fill*         0x08005698        0x8 
 .text.VectorE0
                0x080056a0       0x98 build/obj/ext_lld_isr.o
                0x080056a0                VectorE0
 *fill*         0x08005738        0x8 
 .text.Vector44
                0x08005740       0x4c build/obj/ext_lld_isr.o
                0x08005740                Vector44
 *fill*         0x0800578c        0x4 
 .text.VectorE4
                0x08005790       0x4c build/obj/ext_lld_isr.o
                0x08005790                VectorE4
 *fill*         0x080057dc        0x4 
 .text.VectorE8
                0x080057e0       0x4c build/obj/ext_lld_isr.o
                0x080057e0                VectorE8
 *fill*         0x0800582c        0x4 
 .text.Vector138
                0x08005830       0x4c build/obj/ext_lld_isr.o
                0x08005830                Vector138
 *fill*         0x0800587c        0x4 
 .text.Vector170
                0x08005880       0x4c build/obj/ext_lld_isr.o
                0x08005880                Vector170
 *fill*         0x080058cc        0x4 
 .text.Vector48
                0x080058d0       0x4c build/obj/ext_lld_isr.o
                0x080058d0                Vector48
 *fill*         0x0800591c        0x4 
 .text.Vector4C
                0x08005920       0x4c build/obj/ext_lld_isr.o
                0x08005920                Vector4C
 *fill*         0x0800596c        0x4 
 .text.can_lld_set_filters
                0x08005970      0x134 build/obj/can_lld.o
 *fill*         0x08005aa4        0xc 
 .text.Vector8C
                0x08005ab0       0x70 build/obj/can_lld.o
                0x08005ab0                Vector8C
 .text.Vector90
                0x08005b20       0xac build/obj/can_lld.o
                0x08005b20                Vector90
 *fill*         0x08005bcc        0x4 
 .text.Vector94
                0x08005bd0       0xac build/obj/can_lld.o
                0x08005bd0                Vector94
 *fill*         0x08005c7c        0x4 
 .text.Vector98
                0x08005c80       0xc0 build/obj/can_lld.o
                0x08005c80                Vector98
 .text.can_lld_init
                0x08005d40       0x40 build/obj/can_lld.o
                0x08005d40                can_lld_init
 .text.ext_lld_init
                0x08005d80       0x2c build/obj/ext_lld.o
                0x08005d80                ext_lld_init
 *fill*         0x08005dac        0x4 
 .text.sdc_lld_collect_errors.isra.0
                0x08005db0       0x58 build/obj/sdc_lld.o
 *fill*         0x08005e08        0x8 
 .text.Vector104
                0x08005e10       0x60 build/obj/sdc_lld.o
                0x08005e10                Vector104
 .text.sdc_lld_init
                0x08005e70       0x40 build/obj/sdc_lld.o
                0x08005e70                sdc_lld_init
 .text.sdc_lld_start_clk
                0x08005eb0       0x3c build/obj/sdc_lld.o
                0x08005eb0                sdc_lld_start_clk
 *fill*         0x08005eec        0x4 
 .text.sdc_lld_set_data_clk
                0x08005ef0       0x2c build/obj/sdc_lld.o
                0x08005ef0                sdc_lld_set_data_clk
 *fill*         0x08005f1c        0x4 
 .text.sdc_lld_stop_clk
                0x08005f20       0x28 build/obj/sdc_lld.o
                0x08005f20                sdc_lld_stop_clk
 *fill*         0x08005f48        0x8 
 .text.sdc_lld_set_bus_mode
                0x08005f50       0x44 build/obj/sdc_lld.o
                0x08005f50                sdc_lld_set_bus_mode
 *fill*         0x08005f94        0xc 
 .text.sdc_lld_send_cmd_none
                0x08005fa0       0x34 build/obj/sdc_lld.o
                0x08005fa0                sdc_lld_send_cmd_none
 *fill*         0x08005fd4        0xc 
 .text.sdc_lld_send_cmd_short
                0x08005fe0       0x48 build/obj/sdc_lld.o
                0x08005fe0                sdc_lld_send_cmd_short
 *fill*         0x08006028        0x8 
 .text.sdc_lld_send_cmd_short_crc
                0x08006030       0x48 build/obj/sdc_lld.o
                0x08006030                sdc_lld_send_cmd_short_crc
 *fill*         0x08006078        0x8 
 .text.sdc_lld_wait_transaction_end
                0x08006080       0xfc build/obj/sdc_lld.o
 *fill*         0x0800617c        0x4 
 .text.sdc_lld_error_cleanup
                0x08006180       0x88 build/obj/sdc_lld.o
 *fill*         0x08006208        0x8 
 .text.sdc_lld_send_cmd_long_crc
                0x08006210       0x54 build/obj/sdc_lld.o
                0x08006210                sdc_lld_send_cmd_long_crc
 *fill*         0x08006264        0xc 
 .text.sdc_lld_read_special
                0x08006270       0xc4 build/obj/sdc_lld.o
                0x08006270                sdc_lld_read_special
 *fill*         0x08006334        0xc 
 .text.sdc_lld_read_aligned
                0x08006340       0xd4 build/obj/sdc_lld.o
                0x08006340                sdc_lld_read_aligned
 *fill*         0x08006414        0xc 
 .text.sdc_lld_write_aligned
                0x08006420       0xdc build/obj/sdc_lld.o
                0x08006420                sdc_lld_write_aligned
 *fill*         0x080064fc        0x4 
 .text.sdc_lld_read
                0x08006500       0x80 build/obj/sdc_lld.o
                0x08006500                sdc_lld_read
 .text.sdc_lld_write
                0x08006580       0x80 build/obj/sdc_lld.o
                0x08006580                sdc_lld_write
 .text.sdc_lld_sync
                0x08006600       0x24 build/obj/sdc_lld.o
                0x08006600                sdc_lld_sync
 *fill*         0x08006624        0xc 
 .text.dac_lld_init
                0x08006630       0x34 build/obj/dac_lld.o
                0x08006630                dac_lld_init
 *fill*         0x08006664        0xc 
 .text._pal_lld_init
                0x08006670      0x1d0 build/obj/pal_lld.o
                0x08006670                _pal_lld_init
 .text.VectorBC
                0x08006840      0x130 build/obj/i2c_lld.o
                0x08006840                VectorBC
 .text.VectorC0
                0x08006970      0x118 build/obj/i2c_lld.o
                0x08006970                VectorC0
 *fill*         0x08006a88        0x8 
 .text.i2c_lld_init
                0x08006a90       0x44 build/obj/i2c_lld.o
                0x08006a90                i2c_lld_init
 *fill*         0x08006ad4        0xc 
 .text.usb_lld_init
                0x08006ae0       0x5c build/obj/usb_lld.o
                0x08006ae0                usb_lld_init
 *fill*         0x08006b3c        0x4 
 .text.usb_lld_reset
                0x08006b40       0xf0 build/obj/usb_lld.o
                0x08006b40                usb_lld_reset
 .text.usb_lld_set_address
                0x08006c30       0x38 build/obj/usb_lld.o
                0x08006c30                usb_lld_set_address
 *fill*         0x08006c68        0x8 
 .text.usb_lld_get_status_out
                0x08006c70       0x38 build/obj/usb_lld.o
                0x08006c70                usb_lld_get_status_out
 *fill*         0x08006ca8        0x8 
 .text.usb_lld_get_status_in
                0x08006cb0       0x38 build/obj/usb_lld.o
                0x08006cb0                usb_lld_get_status_in
 *fill*         0x08006ce8        0x8 
 .text.usb_lld_read_setup
                0x08006cf0       0x30 build/obj/usb_lld.o
                0x08006cf0                usb_lld_read_setup
 .text.usb_lld_prepare_receive
                0x08006d20       0x58 build/obj/usb_lld.o
                0x08006d20                usb_lld_prepare_receive
 *fill*         0x08006d78        0x8 
 .text.otg_epout_handler.constprop.7
                0x08006d80       0xd4 build/obj/usb_lld.o
 *fill*         0x08006e54        0xc 
 .text.usb_lld_prepare_transmit
                0x08006e60       0x60 build/obj/usb_lld.o
                0x08006e60                usb_lld_prepare_transmit
 .text.otg_epin_handler.constprop.8
                0x08006ec0      0x10c build/obj/usb_lld.o
 *fill*         0x08006fcc        0x4 
 .text.Vector14C
                0x08006fd0      0x124 build/obj/usb_lld.o
                0x08006fd0                Vector14C
 *fill*         0x080070f4        0xc 
 .text.usb_lld_start_out
                0x08007100       0x34 build/obj/usb_lld.o
                0x08007100                usb_lld_start_out
 *fill*         0x08007134        0xc 
 .text.usb_lld_start_in
                0x08007140       0x40 build/obj/usb_lld.o
                0x08007140                usb_lld_start_in
 .text.usb_lld_stall_out
                0x08007180       0x34 build/obj/usb_lld.o
                0x08007180                usb_lld_stall_out
 *fill*         0x080071b4        0xc 
 .text.usb_lld_stall_in
                0x080071c0       0x34 build/obj/usb_lld.o
                0x080071c0                usb_lld_stall_in
 *fill*         0x080071f4        0xc 
 .text.usb_lld_clear_out
                0x08007200       0x34 build/obj/usb_lld.o
                0x08007200                usb_lld_clear_out
 *fill*         0x08007234        0xc 
 .text.usb_lld_clear_in
                0x08007240       0x34 build/obj/usb_lld.o
                0x08007240                usb_lld_clear_in
 *fill*         0x08007274        0xc 
 .text.i2s_lld_init
                0x08007280       0x50 build/obj/i2s_lld.o
                0x08007280                i2s_lld_init
 .text.spi_lld_init
                0x080072d0       0x5c build/obj/spi_lld.o
                0x080072d0                spi_lld_init
 *fill*         0x0800732c        0x4 
 .text.Vector118
                0x08007330       0x5c build/obj/gpt_lld.o
                0x08007330                Vector118
 *fill*         0x0800738c        0x4 
 .text.VectorA8
                0x08007390       0x5c build/obj/gpt_lld.o
                0x08007390                VectorA8
 *fill*         0x080073ec        0x4 
 .text.gpt_lld_init
                0x080073f0       0x48 build/obj/gpt_lld.o
                0x080073f0                gpt_lld_init
 *fill*         0x08007438        0x8 
 .text.pwm_lld_serve_interrupt
                0x08007440       0x80 build/obj/pwm_lld.o
 .text.VectorB0
                0x080074c0       0x3c build/obj/pwm_lld.o
                0x080074c0                VectorB0
 *fill*         0x080074fc        0x4 
 .text.VectorB4
                0x08007500       0x3c build/obj/pwm_lld.o
                0x08007500                VectorB4
 *fill*         0x0800753c        0x4 
 .text.VectorB8
                0x08007540       0x3c build/obj/pwm_lld.o
                0x08007540                VectorB8
 *fill*         0x0800757c        0x4 
 .text.Vector108
                0x08007580       0x3c build/obj/pwm_lld.o
                0x08007580                Vector108
 *fill*         0x080075bc        0x4 
 .text.pwm_lld_init
                0x080075c0       0x80 build/obj/pwm_lld.o
                0x080075c0                pwm_lld_init
 .text.SysTick_Handler
                0x08007640       0x50 build/obj/st_lld.o
                0x08007640                SysTick_Handler
 .text.st_lld_init
                0x08007690       0x40 build/obj/st_lld.o
                0x08007690                st_lld_init
 .text.notify3  0x080076d0       0x30 build/obj/serial_lld.o
 .text.VectorDC
                0x08007700      0x19c build/obj/serial_lld.o
                0x08007700                VectorDC
 *fill*         0x0800789c        0x4 
 .text.sd_lld_init
                0x080078a0       0x3c build/obj/serial_lld.o
                0x080078a0                sd_lld_init
 *fill*         0x080078dc        0x4 
 .text.__early_init
                0x080078e0       0x24 build/obj/board.o
                0x080078e0                __early_init
 *fill*         0x08007904        0xc 
 .text.sdc_lld_is_card_inserted
                0x08007910       0x30 build/obj/board.o
                0x08007910                sdc_lld_is_card_inserted
 .text.sdc_lld_is_write_protected
                0x08007940       0x24 build/obj/board.o
                0x08007940                sdc_lld_is_write_protected
 *fill*         0x08007964        0xc 
 .text.boardInit
                0x08007970       0x20 build/obj/board.o
                0x08007970                boardInit
 .text._malloc_r
                0x08007990      0x548 c:/users/moi/documents/_microinfo/epuck-eclipse/tools/gcc-arm-none-eabi-7-2017-q4-major-win32/bin/../lib/gcc/arm-none-eabi/7.2.1/../../../../arm-none-eabi/lib/thumb/v7e-m/fpv4-sp/hard\libg.a(lib_a-mallocr.o)
                0x08007990                _malloc_r
 *fill*         0x08007ed8        0x8 
 .text.__ascii_mbtowc
                0x08007ee0       0x2c c:/users/moi/documents/_microinfo/epuck-eclipse/tools/gcc-arm-none-eabi-7-2017-q4-major-win32/bin/../lib/gcc/arm-none-eabi/7.2.1/../../../../arm-none-eabi/lib/thumb/v7e-m/fpv4-sp/hard\libg.a(lib_a-mbtowc_r.o)
                0x08007ee0                __ascii_mbtowc
 *fill*         0x08007f0c        0x4 
 .text.memset   0x08007f10       0x94 c:/users/moi/documents/_microinfo/epuck-eclipse/tools/gcc-arm-none-eabi-7-2017-q4-major-win32/bin/../lib/gcc/arm-none-eabi/7.2.1/../../../../arm-none-eabi/lib/thumb/v7e-m/fpv4-sp/hard\libg.a(lib_a-memset.o)
                0x08007f10                memset
 *fill*         0x08007fa4        0xc 
 .text.snprintf
                0x08007fb0       0x90 c:/users/moi/documents/_microinfo/epuck-eclipse/tools/gcc-arm-none-eabi-7-2017-q4-major-win32/bin/../lib/gcc/arm-none-eabi/7.2.1/../../../../arm-none-eabi/lib/thumb/v7e-m/fpv4-sp/hard\libg.a(lib_a-snprintf.o)
                0x08007fb0                snprintf
 .text._svfprintf_r
                0x08008040     0x144c c:/users/moi/documents/_microinfo/epuck-eclipse/tools/gcc-arm-none-eabi-7-2017-q4-major-win32/bin/../lib/gcc/arm-none-eabi/7.2.1/../../../../arm-none-eabi/lib/thumb/v7e-m/fpv4-sp/hard\libg.a(lib_a-svfprintf.o)
                0x08008040                _svfprintf_r
 *fill*         0x0800948c        0x4 
 .text.__ascii_wctomb
                0x08009490       0x1c c:/users/moi/documents/_microinfo/epuck-eclipse/tools/gcc-arm-none-eabi-7-2017-q4-major-win32/bin/../lib/gcc/arm-none-eabi/7.2.1/../../../../arm-none-eabi/lib/thumb/v7e-m/fpv4-sp/hard\libg.a(lib_a-wctomb_r.o)
                0x08009490                __ascii_wctomb
 *fill*         0x080094ac        0x4 
 .text.quorem   0x080094b0      0x124 c:/users/moi/documents/_microinfo/epuck-eclipse/tools/gcc-arm-none-eabi-7-2017-q4-major-win32/bin/../lib/gcc/arm-none-eabi/7.2.1/../../../../arm-none-eabi/lib/thumb/v7e-m/fpv4-sp/hard\libg.a(lib_a-dtoa.o)
 *fill*         0x080095d4        0xc 
 .text._dtoa_r  0x080095e0      0xe28 c:/users/moi/documents/_microinfo/epuck-eclipse/tools/gcc-arm-none-eabi-7-2017-q4-major-win32/bin/../lib/gcc/arm-none-eabi/7.2.1/../../../../arm-none-eabi/lib/thumb/v7e-m/fpv4-sp/hard\libg.a(lib_a-dtoa.o)
                0x080095e0                _dtoa_r
 *fill*         0x0800a408        0x8 
 .text._malloc_trim_r
                0x0800a410       0xa0 c:/users/moi/documents/_microinfo/epuck-eclipse/tools/gcc-arm-none-eabi-7-2017-q4-major-win32/bin/../lib/gcc/arm-none-eabi/7.2.1/../../../../arm-none-eabi/lib/thumb/v7e-m/fpv4-sp/hard\libg.a(lib_a-freer.o)
                0x0800a410                _malloc_trim_r
 .text._free_r  0x0800a4b0      0x1e8 c:/users/moi/documents/_microinfo/epuck-eclipse/tools/gcc-arm-none-eabi-7-2017-q4-major-win32/bin/../lib/gcc/arm-none-eabi/7.2.1/../../../../arm-none-eabi/lib/thumb/v7e-m/fpv4-sp/hard\libg.a(lib_a-freer.o)
                0x0800a4b0                _free_r
 *fill*         0x0800a698        0x8 
 .text._localeconv_r
                0x0800a6a0       0x1c c:/users/moi/documents/_microinfo/epuck-eclipse/tools/gcc-arm-none-eabi-7-2017-q4-major-win32/bin/../lib/gcc/arm-none-eabi/7.2.1/../../../../arm-none-eabi/lib/thumb/v7e-m/fpv4-sp/hard\libg.a(lib_a-localeconv.o)
                0x0800a6a0                _localeconv_r
 *fill*         0x0800a6bc        0x4 
 .text._Balloc  0x0800a6c0       0x4c c:/users/moi/documents/_microinfo/epuck-eclipse/tools/gcc-arm-none-eabi-7-2017-q4-major-win32/bin/../lib/gcc/arm-none-eabi/7.2.1/../../../../arm-none-eabi/lib/thumb/v7e-m/fpv4-sp/hard\libg.a(lib_a-mprec.o)
                0x0800a6c0                _Balloc
 *fill*         0x0800a70c        0x4 
 .text._Bfree   0x0800a710       0x14 c:/users/moi/documents/_microinfo/epuck-eclipse/tools/gcc-arm-none-eabi-7-2017-q4-major-win32/bin/../lib/gcc/arm-none-eabi/7.2.1/../../../../arm-none-eabi/lib/thumb/v7e-m/fpv4-sp/hard\libg.a(lib_a-mprec.o)
                0x0800a710                _Bfree
 *fill*         0x0800a724        0xc 
 .text.__multadd
                0x0800a730       0x80 c:/users/moi/documents/_microinfo/epuck-eclipse/tools/gcc-arm-none-eabi-7-2017-q4-major-win32/bin/../lib/gcc/arm-none-eabi/7.2.1/../../../../arm-none-eabi/lib/thumb/v7e-m/fpv4-sp/hard\libg.a(lib_a-mprec.o)
                0x0800a730                __multadd
 .text.__hi0bits
                0x0800a7b0       0x40 c:/users/moi/documents/_microinfo/epuck-eclipse/tools/gcc-arm-none-eabi-7-2017-q4-major-win32/bin/../lib/gcc/arm-none-eabi/7.2.1/../../../../arm-none-eabi/lib/thumb/v7e-m/fpv4-sp/hard\libg.a(lib_a-mprec.o)
                0x0800a7b0                __hi0bits
 .text.__lo0bits
                0x0800a7f0       0x60 c:/users/moi/documents/_microinfo/epuck-eclipse/tools/gcc-arm-none-eabi-7-2017-q4-major-win32/bin/../lib/gcc/arm-none-eabi/7.2.1/../../../../arm-none-eabi/lib/thumb/v7e-m/fpv4-sp/hard\libg.a(lib_a-mprec.o)
                0x0800a7f0                __lo0bits
 .text.__i2b    0x0800a850       0x14 c:/users/moi/documents/_microinfo/epuck-eclipse/tools/gcc-arm-none-eabi-7-2017-q4-major-win32/bin/../lib/gcc/arm-none-eabi/7.2.1/../../../../arm-none-eabi/lib/thumb/v7e-m/fpv4-sp/hard\libg.a(lib_a-mprec.o)
                0x0800a850                __i2b
 *fill*         0x0800a864        0xc 
 .text.__multiply
                0x0800a870      0x14c c:/users/moi/documents/_microinfo/epuck-eclipse/tools/gcc-arm-none-eabi-7-2017-q4-major-win32/bin/../lib/gcc/arm-none-eabi/7.2.1/../../../../arm-none-eabi/lib/thumb/v7e-m/fpv4-sp/hard\libg.a(lib_a-mprec.o)
                0x0800a870                __multiply
 *fill*         0x0800a9bc        0x4 
 .text.__pow5mult
                0x0800a9c0       0xa0 c:/users/moi/documents/_microinfo/epuck-eclipse/tools/gcc-arm-none-eabi-7-2017-q4-major-win32/bin/../lib/gcc/arm-none-eabi/7.2.1/../../../../arm-none-eabi/lib/thumb/v7e-m/fpv4-sp/hard\libg.a(lib_a-mprec.o)
                0x0800a9c0                __pow5mult
 .text.__lshift
                0x0800aa60       0xac c:/users/moi/documents/_microinfo/epuck-eclipse/tools/gcc-arm-none-eabi-7-2017-q4-major-win32/bin/../lib/gcc/arm-none-eabi/7.2.1/../../../../arm-none-eabi/lib/thumb/v7e-m/fpv4-sp/hard\libg.a(lib_a-mprec.o)
                0x0800aa60                __lshift
 *fill*         0x0800ab0c        0x4 
 .text.__mcmp   0x0800ab10       0x38 c:/users/moi/documents/_microinfo/epuck-eclipse/tools/gcc-arm-none-eabi-7-2017-q4-major-win32/bin/../lib/gcc/arm-none-eabi/7.2.1/../../../../arm-none-eabi/lib/thumb/v7e-m/fpv4-sp/hard\libg.a(lib_a-mprec.o)
                0x0800ab10                __mcmp
 *fill*         0x0800ab48        0x8 
 .text.__mdiff  0x0800ab50       0xec c:/users/moi/documents/_microinfo/epuck-eclipse/tools/gcc-arm-none-eabi-7-2017-q4-major-win32/bin/../lib/gcc/arm-none-eabi/7.2.1/../../../../arm-none-eabi/lib/thumb/v7e-m/fpv4-sp/hard\libg.a(lib_a-mprec.o)
                0x0800ab50                __mdiff
 *fill*         0x0800ac3c        0x4 
 .text.__d2b    0x0800ac40       0xc4 c:/users/moi/documents/_microinfo/epuck-eclipse/tools/gcc-arm-none-eabi-7-2017-q4-major-win32/bin/../lib/gcc/arm-none-eabi/7.2.1/../../../../arm-none-eabi/lib/thumb/v7e-m/fpv4-sp/hard\libg.a(lib_a-mprec.o)
                0x0800ac40                __d2b
 *fill*         0x0800ad04        0xc 
 .text.__ssprint_r
                0x0800ad10       0xf4 c:/users/moi/documents/_microinfo/epuck-eclipse/tools/gcc-arm-none-eabi-7-2017-q4-major-win32/bin/../lib/gcc/arm-none-eabi/7.2.1/../../../../arm-none-eabi/lib/thumb/v7e-m/fpv4-sp/hard\libg.a(lib_a-svfiprintf.o)
                0x0800ad10                __ssprint_r
 *fill*         0x0800ae04        0xc 
 .text._calloc_r
                0x0800ae10       0x68 c:/users/moi/documents/_microinfo/epuck-eclipse/tools/gcc-arm-none-eabi-7-2017-q4-major-win32/bin/../lib/gcc/arm-none-eabi/7.2.1/../../../../arm-none-eabi/lib/thumb/v7e-m/fpv4-sp/hard\libg.a(lib_a-callocr.o)
                0x0800ae10                _calloc_r
 *fill*         0x0800ae78        0x8 
 .text.memmove  0x0800ae80       0xc8 c:/users/moi/documents/_microinfo/epuck-eclipse/tools/gcc-arm-none-eabi-7-2017-q4-major-win32/bin/../lib/gcc/arm-none-eabi/7.2.1/../../../../arm-none-eabi/lib/thumb/v7e-m/fpv4-sp/hard\libg.a(lib_a-memmove.o)
                0x0800ae80                memmove
 *fill*         0x0800af48        0x8 
 .text._realloc_r
                0x0800af50      0x35c c:/users/moi/documents/_microinfo/epuck-eclipse/tools/gcc-arm-none-eabi-7-2017-q4-major-win32/bin/../lib/gcc/arm-none-eabi/7.2.1/../../../../arm-none-eabi/lib/thumb/v7e-m/fpv4-sp/hard\libg.a(lib_a-reallocr.o)
                0x0800af50                _realloc_r
 *(.rodata)
 *(.rodata.*)
 *fill*         0x0800b2ac        0x4 
 .rodata.__FUNCTION__.12753
                0x0800b2b0        0xc build/obj/main.o
 *fill*         0x0800b2bc        0x4 
 .rodata.__func__.9289
                0x0800b2c0        0xc build/obj/main.o
 *fill*         0x0800b2cc        0x4 
 .rodata.__stack_chk_fail.str1.4
                0x0800b2d0       0x18 build/obj/main.o
 *fill*         0x0800b2e8        0x8 
 .rodata.MemManage_Handler.str1.4
                0x0800b2f0       0x56 build/obj/memory_protection.o
 *fill*         0x0800b346        0xa 
 .rodata.__func__.11595
                0x0800b350       0x15 build/obj/memory_protection.o
 *fill*         0x0800b365        0xb 
 .rodata.__func__.8875
                0x0800b370        0xc build/obj/memory_protection.o
 *fill*         0x0800b37c        0x4 
 .rodata.__func__.10923
                0x0800b380        0x8 build/obj/newlib_syscalls.o
 *fill*         0x0800b388        0x8 
 .rodata._unhandled_exception.str1.4
                0x0800b390       0x14 build/obj/vectors.o
 *fill*         0x0800b3a4        0xc 
 .rodata.chSysInit.str1.4
                0x0800b3b0        0x5 build/obj/chsys.o
 *fill*         0x0800b3b5        0xb 
 .rodata._dbg_check_enable.str1.4
                0x0800b3c0        0x5 build/obj/chdebug.o
 *fill*         0x0800b3c5        0xb 
 .rodata._dbg_check_enter_isr.str1.4
                0x0800b3d0        0x5 build/obj/chdebug.o
 *fill*         0x0800b3d5        0xb 
 .rodata._dbg_check_leave_isr.str1.4
                0x0800b3e0        0x5 build/obj/chdebug.o
 *fill*         0x0800b3e5        0xb 
 .rodata._dbg_check_lock.str1.4
                0x0800b3f0        0x5 build/obj/chdebug.o
 *fill*         0x0800b3f5        0xb 
 .rodata._dbg_check_lock_from_isr.str1.4
                0x0800b400        0x5 build/obj/chdebug.o
 *fill*         0x0800b405        0xb 
 .rodata._dbg_check_unlock.str1.4
                0x0800b410        0x5 build/obj/chdebug.o
 *fill*         0x0800b415        0xb 
 .rodata._dbg_check_unlock_from_isr.str1.4
                0x0800b420        0x5 build/obj/chdebug.o
 *fill*         0x0800b425        0xb 
 .rodata.chDbgCheckClassI.str1.4
                0x0800b430        0x6 build/obj/chdebug.o
 *fill*         0x0800b436        0xa 
 .rodata.chDbgCheckClassS.str1.4
                0x0800b440        0x6 build/obj/chdebug.o
 *fill*         0x0800b446        0xa 
 .rodata.__func__.7857
                0x0800b450        0xb build/obj/chvt.o
 *fill*         0x0800b45b        0x5 
 .rodata.__func__.7864
                0x0800b460        0xd build/obj/chvt.o
 *fill*         0x0800b46d        0x3 
 .rodata.__func__.7854
                0x0800b470        0xc build/obj/chschd.o
 *fill*         0x0800b47c        0x4 
 .rodata.chSchGoSleepS.str1.4
                0x0800b480        0xf build/obj/chschd.o
 *fill*         0x0800b48f        0x1 
 .rodata.__func__.7153
                0x0800b490        0xc build/obj/chthreads.o
 *fill*         0x0800b49c        0x4 
 .rodata.__func__.7324
                0x0800b4a0        0xc build/obj/chthreads.o
 *fill*         0x0800b4ac        0x4 
 .rodata.__func__.7336
                0x0800b4b0       0x14 build/obj/chthreads.o
 *fill*         0x0800b4c4        0xc 
 .rodata.__func__.7866
                0x0800b4d0        0xd build/obj/chthreads.o
 *fill*         0x0800b4dd        0x3 
 .rodata.__func__.7910
                0x0800b4e0        0xb build/obj/chthreads.o
 *fill*         0x0800b4eb        0x5 
 .rodata.__func__.7920
                0x0800b4f0        0xe build/obj/chthreads.o
 *fill*         0x0800b4fe        0x2 
 .rodata.__func__.7932
                0x0800b500        0xd build/obj/chthreads.o
 *fill*         0x0800b50d        0x3 
 .rodata.ch_debug
                0x0800b510       0x16 build/obj/chregistry.o
                0x0800b510                ch_debug
 *fill*         0x0800b526        0xa 
 .rodata.__func__.7153
                0x0800b530        0xc build/obj/chmtx.o
 *fill*         0x0800b53c        0x4 
 .rodata.__func__.7849
                0x0800b540       0x10 build/obj/chmtx.o
 .rodata.__func__.7857
                0x0800b550        0xb build/obj/chmtx.o
 *fill*         0x0800b55b        0x5 
 .rodata.__func__.7880
                0x0800b560        0xc build/obj/chmtx.o
 *fill*         0x0800b56c        0x4 
 .rodata.__func__.7874
                0x0800b570       0x15 build/obj/chevents.o
 *fill*         0x0800b585        0xb 
 .rodata.__func__.7891
                0x0800b590        0xd build/obj/chevents.o
 *fill*         0x0800b59d        0x3 
 .rodata.__func__.7153
                0x0800b5a0        0xc build/obj/chqueues.o
 *fill*         0x0800b5ac        0x4 
 .rodata.__func__.7877
                0x0800b5b0       0x10 build/obj/chqueues.o
 .rodata.__func__.7913
                0x0800b5c0       0x11 build/obj/chqueues.o
 *fill*         0x0800b5d1        0xf 
 .rodata.__func__.7153
                0x0800b5e0        0xc build/obj/chmemcore.o
 *fill*         0x0800b5ec        0x4 
 .rodata.__func__.9847
                0x0800b5f0       0x11 build/obj/hal_mmcsd.o
 *fill*         0x0800b601        0xf 
 .rodata.__func__.9854
                0x0800b610       0x14 build/obj/hal_mmcsd.o
 *fill*         0x0800b624        0xc 
 .rodata.__func__.9862
                0x0800b630       0x18 build/obj/hal_mmcsd.o
 *fill*         0x0800b648        0x8 
 .rodata.__func__.10348
                0x0800b650       0x12 build/obj/sdc.o
 *fill*         0x0800b662        0xe 
 .rodata.__func__.10380
                0x0800b670        0xb build/obj/sdc.o
 *fill*         0x0800b67b        0x5 
 .rodata.__func__.10391
                0x0800b680        0xe build/obj/sdc.o
 *fill*         0x0800b68e        0x2 
 .rodata.__func__.10399
                0x0800b690        0x8 build/obj/sdc.o
 *fill*         0x0800b698        0x8 
 .rodata.__func__.10407
                0x0800b6a0        0x9 build/obj/sdc.o
 *fill*         0x0800b6a9        0x7 
 .rodata.__func__.10417
                0x0800b6b0        0x8 build/obj/sdc.o
 *fill*         0x0800b6b8        0x8 
 .rodata.__func__.10422
                0x0800b6c0        0xb build/obj/sdc.o
 *fill*         0x0800b6cb        0x5 
 .rodata.__func__.7554
                0x0800b6d0        0xc build/obj/sdc.o
 *fill*         0x0800b6dc        0x4 
 .rodata.sdc_vmt
                0x0800b6e0       0x20 build/obj/sdc.o
 .rodata.__func__.9898
                0x0800b700       0x10 build/obj/serial.o
 .rodata.vmt    0x0800b710       0x20 build/obj/serial.o
 .rodata.__func__.10348
                0x0800b730       0x11 build/obj/usb.o
 *fill*         0x0800b741        0xf 
 .rodata.__func__.10353
                0x0800b750       0x12 build/obj/usb.o
 *fill*         0x0800b762        0xe 
 .rodata.__func__.10387
                0x0800b770        0xb build/obj/usb.o
 *fill*         0x0800b77b        0x5 
 .rodata.__func__.10401
                0x0800b780        0xc build/obj/usb.o
 *fill*         0x0800b78c        0x4 
 .rodata.active_status
                0x0800b790        0x2 build/obj/usb.o
 *fill*         0x0800b792        0xe 
 .rodata.halted_status
                0x0800b7a0        0x2 build/obj/usb.o
 *fill*         0x0800b7a2        0xe 
 .rodata.zero_status
                0x0800b7b0        0x2 build/obj/usb.o
 *fill*         0x0800b7b2        0xe 
 .rodata.__func__.9849
                0x0800b7c0       0x1d build/obj/nvic.o
 *fill*         0x0800b7dd        0x3 
 .rodata._stm32_dma_streams
                0x0800b7e0       0xc0 build/obj/stm32_dma.o
                0x0800b7e0                _stm32_dma_streams
 .rodata.__func__.10250
                0x0800b8a0       0x1b build/obj/sdc_lld.o
 *fill*         0x0800b8bb        0x5 
 .rodata.__func__.10372
                0x0800b8c0       0x15 build/obj/sdc_lld.o
 *fill*         0x0800b8d5        0xb 
 .rodata.__func__.10381
                0x0800b8e0       0x16 build/obj/sdc_lld.o
 *fill*         0x0800b8f6        0xa 
 .rodata.__func__.7554
                0x0800b900        0xc build/obj/sdc_lld.o
 *fill*         0x0800b90c        0x4 
 .rodata.dma1_ch2_params
                0x0800b910       0x1c build/obj/dac_lld.o
 *fill*         0x0800b92c        0x4 
 .rodata.__func__.10294
                0x0800b930        0xe build/obj/usb_lld.o
 *fill*         0x0800b93e        0x2 
 .rodata.ep0config
                0x0800b940       0x24 build/obj/usb_lld.o
 *fill*         0x0800b964        0xc 
 .rodata.fsparams
                0x0800b970        0xc build/obj/usb_lld.o
 *fill*         0x0800b97c        0x4 
 .rodata.pal_default_config
                0x0800b980       0xfc build/obj/board.o
                0x0800b980                pal_default_config
 *fill*         0x0800ba7c        0x4 
 .rodata._setlocale_r.str1.4
                0x0800ba80        0xa c:/users/moi/documents/_microinfo/epuck-eclipse/tools/gcc-arm-none-eabi-7-2017-q4-major-win32/bin/../lib/gcc/arm-none-eabi/7.2.1/../../../../arm-none-eabi/lib/thumb/v7e-m/fpv4-sp/hard\libg.a(lib_a-locale.o)
                                  0xd (size before relaxing)
 *fill*         0x0800ba8a        0x6 
 .rodata.str1.4
                0x0800ba90        0x2 c:/users/moi/documents/_microinfo/epuck-eclipse/tools/gcc-arm-none-eabi-7-2017-q4-major-win32/bin/../lib/gcc/arm-none-eabi/7.2.1/../../../../arm-none-eabi/lib/thumb/v7e-m/fpv4-sp/hard\libg.a(lib_a-locale.o)
 *fill*         0x0800ba92        0xe 
 .rodata._svfprintf_r.str1.4
                0x0800baa0       0x3f c:/users/moi/documents/_microinfo/epuck-eclipse/tools/gcc-arm-none-eabi-7-2017-q4-major-win32/bin/../lib/gcc/arm-none-eabi/7.2.1/../../../../arm-none-eabi/lib/thumb/v7e-m/fpv4-sp/hard\libg.a(lib_a-svfprintf.o)
                                 0x42 (size before relaxing)
 *fill*         0x0800badf        0x1 
 .rodata.blanks.8551
                0x0800bae0       0x10 c:/users/moi/documents/_microinfo/epuck-eclipse/tools/gcc-arm-none-eabi-7-2017-q4-major-win32/bin/../lib/gcc/arm-none-eabi/7.2.1/../../../../arm-none-eabi/lib/thumb/v7e-m/fpv4-sp/hard\libg.a(lib_a-svfprintf.o)
 .rodata.zeroes.8552
                0x0800baf0       0x10 c:/users/moi/documents/_microinfo/epuck-eclipse/tools/gcc-arm-none-eabi-7-2017-q4-major-win32/bin/../lib/gcc/arm-none-eabi/7.2.1/../../../../arm-none-eabi/lib/thumb/v7e-m/fpv4-sp/hard\libg.a(lib_a-svfprintf.o)
 .rodata._ctype_
                0x0800bb00      0x101 c:/users/moi/documents/_microinfo/epuck-eclipse/tools/gcc-arm-none-eabi-7-2017-q4-major-win32/bin/../lib/gcc/arm-none-eabi/7.2.1/../../../../arm-none-eabi/lib/thumb/v7e-m/fpv4-sp/hard\libg.a(lib_a-ctype_.o)
                0x0800bb00                _ctype_
 *fill*         0x0800bc01        0xf 
 .rodata._dtoa_r.str1.4
                0x0800bc10       0x10 c:/users/moi/documents/_microinfo/epuck-eclipse/tools/gcc-arm-none-eabi-7-2017-q4-major-win32/bin/../lib/gcc/arm-none-eabi/7.2.1/../../../../arm-none-eabi/lib/thumb/v7e-m/fpv4-sp/hard\libg.a(lib_a-dtoa.o)
                                 0x12 (size before relaxing)
 .rodata.__mprec_bigtens
                0x0800bc20       0x28 c:/users/moi/documents/_microinfo/epuck-eclipse/tools/gcc-arm-none-eabi-7-2017-q4-major-win32/bin/../lib/gcc/arm-none-eabi/7.2.1/../../../../arm-none-eabi/lib/thumb/v7e-m/fpv4-sp/hard\libg.a(lib_a-mprec.o)
                0x0800bc20                __mprec_bigtens
 *fill*         0x0800bc48        0x8 
 .rodata.__mprec_tens
                0x0800bc50       0xc8 c:/users/moi/documents/_microinfo/epuck-eclipse/tools/gcc-arm-none-eabi-7-2017-q4-major-win32/bin/../lib/gcc/arm-none-eabi/7.2.1/../../../../arm-none-eabi/lib/thumb/v7e-m/fpv4-sp/hard\libg.a(lib_a-mprec.o)
                0x0800bc50                __mprec_tens
 *fill*         0x0800bd18        0x8 
 .rodata.p05.7367
                0x0800bd20        0xc c:/users/moi/documents/_microinfo/epuck-eclipse/tools/gcc-arm-none-eabi-7-2017-q4-major-win32/bin/../lib/gcc/arm-none-eabi/7.2.1/../../../../arm-none-eabi/lib/thumb/v7e-m/fpv4-sp/hard\libg.a(lib_a-mprec.o)
 *(.glue_7t)
 .glue_7t       0x0800bd2c        0x0 linker stubs
 *(.glue_7)
 .glue_7        0x0800bd2c        0x0 linker stubs
 *(.gcc*)

.vfp11_veneer   0x0800bd2c        0x0
 .vfp11_veneer  0x0800bd2c        0x0 linker stubs

.v4_bx          0x0800bd2c        0x0
 .v4_bx         0x0800bd2c        0x0 linker stubs

.iplt           0x0800bd2c        0x0
 .iplt          0x0800bd2c        0x0 build/obj/crt0_v7m.o

.ARM.extab
 *(.ARM.extab* .gnu.linkonce.armextab.*)

.ARM.exidx      0x0800bd2c        0x8
                [!provide]                PROVIDE (__exidx_start, .)
 *(.ARM.exidx* .gnu.linkonce.armexidx.*)
 .ARM.exidx     0x0800bd2c        0x8 c:/users/moi/documents/_microinfo/epuck-eclipse/tools/gcc-arm-none-eabi-7-2017-q4-major-win32/bin/../lib/gcc/arm-none-eabi/7.2.1/thumb/v7e-m/fpv4-sp/hard\libgcc.a(_udivmoddi4.o)
                [!provide]                PROVIDE (__exidx_end, .)

.rel.dyn        0x0800bd34        0x0
 .rel.iplt      0x0800bd34        0x0 build/obj/crt0_v7m.o

.eh_frame_hdr
 *(.eh_frame_hdr)

.eh_frame
 *(.eh_frame)

.textalign      0x0800bd34        0x4
                0x0800bd38                . = ALIGN (0x8)
 *fill*         0x0800bd34        0x4 
                0x0800bd38                . = ALIGN (0x4)
                0x0800bd38                _etext = .
                0x0800bd38                _textdata = _etext

.mstack         0x20000000      0x400
                0x20000000                . = ALIGN (0x8)
                0x20000000                __main_stack_base__ = .
                0x20000400                . = (. + __main_stack_size__)
 *fill*         0x20000000      0x400 
                0x20000400                . = ALIGN (0x8)
                0x20000400                __main_stack_end__ = .

.pstack         0x20000400      0x400
                0x20000400                __process_stack_base__ = .
                0x20000400                __main_thread_stack_base__ = .
                0x20000800                . = (. + __process_stack_size__)
 *fill*         0x20000400      0x400 
                0x20000800                . = ALIGN (0x8)
                0x20000800                __process_stack_end__ = .
                0x20000800                __main_thread_stack_end__ = .

.data           0x20000800      0x9c4 load address 0x0800bd38
                0x20000800                . = ALIGN (0x4)
                0x20000800                PROVIDE (_data, .)
 *(.data)
 *(.data.*)
 .data.__stack_chk_guard
                0x20000800        0x4 build/obj/main.o
                0x20000800                __stack_chk_guard
 .data.lock     0x20000804       0x14 build/obj/malloc_lock.o
 .data._impure_ptr
                0x20000818        0x4 c:/users/moi/documents/_microinfo/epuck-eclipse/tools/gcc-arm-none-eabi-7-2017-q4-major-win32/bin/../lib/gcc/arm-none-eabi/7.2.1/../../../../arm-none-eabi/lib/thumb/v7e-m/fpv4-sp/hard\libg.a(lib_a-impure.o)
                0x20000818                _impure_ptr
 *fill*         0x2000081c        0x4 
 .data.impure_data
                0x20000820      0x428 c:/users/moi/documents/_microinfo/epuck-eclipse/tools/gcc-arm-none-eabi-7-2017-q4-major-win32/bin/../lib/gcc/arm-none-eabi/7.2.1/../../../../arm-none-eabi/lib/thumb/v7e-m/fpv4-sp/hard\libg.a(lib_a-impure.o)
 .data.__global_locale
                0x20000c48      0x16c c:/users/moi/documents/_microinfo/epuck-eclipse/tools/gcc-arm-none-eabi-7-2017-q4-major-win32/bin/../lib/gcc/arm-none-eabi/7.2.1/../../../../arm-none-eabi/lib/thumb/v7e-m/fpv4-sp/hard\libg.a(lib_a-locale.o)
                0x20000c48                __global_locale
 .data.__malloc_av_
                0x20000db4      0x408 c:/users/moi/documents/_microinfo/epuck-eclipse/tools/gcc-arm-none-eabi-7-2017-q4-major-win32/bin/../lib/gcc/arm-none-eabi/7.2.1/../../../../arm-none-eabi/lib/thumb/v7e-m/fpv4-sp/hard\libg.a(lib_a-mallocr.o)
                0x20000db4                __malloc_av_
 .data.__malloc_sbrk_base
                0x200011bc        0x4 c:/users/moi/documents/_microinfo/epuck-eclipse/tools/gcc-arm-none-eabi-7-2017-q4-major-win32/bin/../lib/gcc/arm-none-eabi/7.2.1/../../../../arm-none-eabi/lib/thumb/v7e-m/fpv4-sp/hard\libg.a(lib_a-mallocr.o)
                0x200011bc                __malloc_sbrk_base
 .data.__malloc_trim_threshold
                0x200011c0        0x4 c:/users/moi/documents/_microinfo/epuck-eclipse/tools/gcc-arm-none-eabi-7-2017-q4-major-win32/bin/../lib/gcc/arm-none-eabi/7.2.1/../../../../arm-none-eabi/lib/thumb/v7e-m/fpv4-sp/hard\libg.a(lib_a-mallocr.o)
                0x200011c0                __malloc_trim_threshold
 *(.ramtext)
                0x200011c4                . = ALIGN (0x4)
                0x200011c4                PROVIDE (_edata, .)

.igot.plt       0x200011c4        0x0 load address 0x0800c6fc
 .igot.plt      0x200011c4        0x0 build/obj/crt0_v7m.o

.bss            0x200011c8     0x1160 load address 0x0800c6fc
                0x200011c8                . = ALIGN (0x4)
                0x200011c8                PROVIDE (_bss_start, .)
 *(.bss)
 *(.bss.*)
 .bss.waThdFrontLed
                0x200011c8      0x1f8 build/obj/main.o
 .bss.DCMID     0x200013c0       0x14 build/obj/dcmi_lld.o
                0x200013c0                DCMID
 .bss.msg.11604
                0x200013d4       0x80 build/obj/memory_protection.o
 *fill*         0x20001454        0x4 
 .bss.ch        0x20001458      0x670 build/obj/chschd.o
                0x20001458                ch
 .bss.endmem    0x20001ac8        0x4 build/obj/chmemcore.o
 .bss.nextmem   0x20001acc        0x4 build/obj/chmemcore.o
 .bss.default_heap
                0x20001ad0       0x28 build/obj/chheap.o
 .bss.dma_isr_redir
                0x20001af8       0x80 build/obj/stm32_dma.o
 .bss.dma_streams_mask
                0x20001b78        0x4 build/obj/stm32_dma.o
 .bss.ADCD1     0x20001b7c       0x38 build/obj/adc_lld.o
                0x20001b7c                ADCD1
 .bss.ADCD2     0x20001bb4       0x38 build/obj/adc_lld.o
                0x20001bb4                ADCD2
 .bss.ADCD3     0x20001bec       0x38 build/obj/adc_lld.o
                0x20001bec                ADCD3
 .bss.CAND1     0x20001c24       0x30 build/obj/can_lld.o
                0x20001c24                CAND1
 .bss.EXTD1     0x20001c54        0x8 build/obj/ext_lld.o
                0x20001c54                EXTD1
 .bss.SDCD1     0x20001c5c       0x4c build/obj/sdc_lld.o
                0x20001c5c                SDCD1
 .bss.u         0x20001ca8      0x200 build/obj/sdc_lld.o
 .bss.DACD2     0x20001ea8       0x30 build/obj/dac_lld.o
                0x20001ea8                DACD2
 .bss.I2CD1     0x20001ed8       0x3c build/obj/i2c_lld.o
                0x20001ed8                I2CD1
 *fill*         0x20001f14        0x4 
 .bss.USBD1     0x20001f18      0x260 build/obj/usb_lld.o
                0x20001f18                USBD1
 .bss.ep0_state
                0x20002178       0x14 build/obj/usb_lld.o
 .bss.ep0setup_buffer
                0x2000218c        0x8 build/obj/usb_lld.o
 .bss.I2SD2     0x20002194       0x20 build/obj/i2s_lld.o
                0x20002194                I2SD2
 .bss.SPID1     0x200021b4       0x34 build/obj/spi_lld.o
                0x200021b4                SPID1
 .bss.dummytx   0x200021e8        0x2 build/obj/spi_lld.o
 *fill*         0x200021ea        0x2 
 .bss.GPTD11    0x200021ec       0x10 build/obj/gpt_lld.o
                0x200021ec                GPTD11
 .bss.GPTD6     0x200021fc       0x10 build/obj/gpt_lld.o
                0x200021fc                GPTD6
 .bss.PWMD2     0x2000220c       0x1c build/obj/pwm_lld.o
                0x2000220c                PWMD2
 .bss.PWMD3     0x20002228       0x1c build/obj/pwm_lld.o
                0x20002228                PWMD3
 .bss.PWMD4     0x20002244       0x1c build/obj/pwm_lld.o
                0x20002244                PWMD4
 .bss.PWMD5     0x20002260       0x1c build/obj/pwm_lld.o
                0x20002260                PWMD5
 .bss.SD3       0x2000227c       0x78 build/obj/serial_lld.o
                0x2000227c                SD3
 .bss.__malloc_current_mallinfo
                0x200022f4       0x28 c:/users/moi/documents/_microinfo/epuck-eclipse/tools/gcc-arm-none-eabi-7-2017-q4-major-win32/bin/../lib/gcc/arm-none-eabi/7.2.1/../../../../arm-none-eabi/lib/thumb/v7e-m/fpv4-sp/hard\libg.a(lib_a-mallocr.o)
                0x200022f4                __malloc_current_mallinfo
 .bss.__malloc_max_sbrked_mem
                0x2000231c        0x4 c:/users/moi/documents/_microinfo/epuck-eclipse/tools/gcc-arm-none-eabi-7-2017-q4-major-win32/bin/../lib/gcc/arm-none-eabi/7.2.1/../../../../arm-none-eabi/lib/thumb/v7e-m/fpv4-sp/hard\libg.a(lib_a-mallocr.o)
                0x2000231c                __malloc_max_sbrked_mem
 .bss.__malloc_max_total_mem
                0x20002320        0x4 c:/users/moi/documents/_microinfo/epuck-eclipse/tools/gcc-arm-none-eabi-7-2017-q4-major-win32/bin/../lib/gcc/arm-none-eabi/7.2.1/../../../../arm-none-eabi/lib/thumb/v7e-m/fpv4-sp/hard\libg.a(lib_a-mallocr.o)
                0x20002320                __malloc_max_total_mem
 .bss.__malloc_top_pad
                0x20002324        0x4 c:/users/moi/documents/_microinfo/epuck-eclipse/tools/gcc-arm-none-eabi-7-2017-q4-major-win32/bin/../lib/gcc/arm-none-eabi/7.2.1/../../../../arm-none-eabi/lib/thumb/v7e-m/fpv4-sp/hard\libg.a(lib_a-mallocr.o)
                0x20002324                __malloc_top_pad
 *(COMMON)
                0x20002328                . = ALIGN (0x4)
                0x20002328                PROVIDE (_bss_end, .)
                [!provide]                PROVIDE (end, .)

.ram0           0x20002328        0x0 load address 0x0800c6fc
                0x20002328                . = ALIGN (0x4)
 *(.ram0)
 *(.ram0.*)
                0x20002328                . = ALIGN (0x4)
                0x20002328                __ram0_free__ = .

.ram1           0x20000000        0x0
                0x20000000                . = ALIGN (0x4)
 *(.ram1)
 *(.ram1.*)
                0x20000000                . = ALIGN (0x4)
                0x20000000                __ram1_free__ = .

.ram2           0x2001c000        0x0
                0x2001c000                . = ALIGN (0x4)
 *(.ram2)
 *(.ram2.*)
                0x2001c000                . = ALIGN (0x4)
                0x2001c000                __ram2_free__ = .

.ram3           0x00000000        0x0
                0x00000000                . = ALIGN (0x4)
 *(.ram3)
 *(.ram3.*)
                0x00000000                . = ALIGN (0x4)
                0x00000000                __ram3_free__ = .

.ram4           0x10000000        0x0
                0x10000000                . = ALIGN (0x4)
 *(.ram4)
 *(.ram4.*)
                0x10000000                . = ALIGN (0x4)
                0x10000000                __ram4_free__ = .

.ram5           0x40024000        0x0
                0x40024000                . = ALIGN (0x4)
 *(.ram5)
 *(.ram5.*)
                0x40024000                . = ALIGN (0x4)
                0x40024000                __ram5_free__ = .

.ram6           0x00000000        0x0
                0x00000000                . = ALIGN (0x4)
 *(.ram6)
 *(.ram6.*)
                0x00000000                . = ALIGN (0x4)
                0x00000000                __ram6_free__ = .

.ram7           0x00000000        0x0
                0x00000000                . = ALIGN (0x4)
 *(.ram7)
 *(.ram7.*)
                0x00000000                . = ALIGN (0x4)
                0x00000000                __ram7_free__ = .
                0x20002328                __heap_base__ = __ram0_free__
                0x20020000                __heap_end__ = __ram0_end__
LOAD c:/users/moi/documents/_microinfo/epuck-eclipse/tools/gcc-arm-none-eabi-7-2017-q4-major-win32/bin/../lib/gcc/arm-none-eabi/7.2.1/../../../../arm-none-eabi/lib/thumb/v7e-m/fpv4-sp/hard\libm.a
                0x00000400                __process_stack_size__ = 0x400
                0x00000400                __main_stack_size__ = 0x400
LOAD ..//libPDMFilter_CM4F_GCC.a
LOAD ..//libarm_cortexM4lf_math.a
LOAD .\libssp_nonshared.a
LOAD .\libssp.a
START GROUP
LOAD c:/users/moi/documents/_microinfo/epuck-eclipse/tools/gcc-arm-none-eabi-7-2017-q4-major-win32/bin/../lib/gcc/arm-none-eabi/7.2.1/thumb/v7e-m/fpv4-sp/hard\libgcc.a
LOAD c:/users/moi/documents/_microinfo/epuck-eclipse/tools/gcc-arm-none-eabi-7-2017-q4-major-win32/bin/../lib/gcc/arm-none-eabi/7.2.1/../../../../arm-none-eabi/lib/thumb/v7e-m/fpv4-sp/hard\libg.a
LOAD c:/users/moi/documents/_microinfo/epuck-eclipse/tools/gcc-arm-none-eabi-7-2017-q4-major-win32/bin/../lib/gcc/arm-none-eabi/7.2.1/../../../../arm-none-eabi/lib/thumb/v7e-m/fpv4-sp/hard\libc.a
END GROUP
OUTPUT(build/hugui.elf elf32-littlearm)

.ARM.attributes
                0x00000000       0x35
 .ARM.attributes
                0x00000000       0x25 build/obj/crt0_v7m.o
 .ARM.attributes
                0x00000025       0x25 build/obj/chcoreasm_v7m.o
 .ARM.attributes
                0x0000004a       0x39 build/obj/main.o
 .ARM.attributes
                0x00000083       0x39 build/obj/dcmi_lld.o
 .ARM.attributes
                0x000000bc       0x39 build/obj/memory_protection.o
 .ARM.attributes
                0x000000f5       0x39 build/obj/panic.o
 .ARM.attributes
                0x0000012e       0x39 build/obj/malloc_lock.o
 .ARM.attributes
                0x00000167       0x39 build/obj/newlib_syscalls.o
 .ARM.attributes
                0x000001a0       0x39 build/obj/crt1.o
 .ARM.attributes
                0x000001d9       0x39 build/obj/vectors.o
 .ARM.attributes
                0x00000212       0x39 build/obj/chsys.o
 .ARM.attributes
                0x0000024b       0x39 build/obj/chdebug.o
 .ARM.attributes
                0x00000284       0x39 build/obj/chvt.o
 .ARM.attributes
                0x000002bd       0x39 build/obj/chschd.o
 .ARM.attributes
                0x000002f6       0x39 build/obj/chthreads.o
 .ARM.attributes
                0x0000032f       0x39 build/obj/chtm.o
 .ARM.attributes
                0x00000368       0x39 build/obj/chstats.o
 .ARM.attributes
                0x000003a1       0x39 build/obj/chregistry.o
 .ARM.attributes
                0x000003da       0x39 build/obj/chmtx.o
 .ARM.attributes
                0x00000413       0x39 build/obj/chevents.o
 .ARM.attributes
                0x0000044c       0x39 build/obj/chqueues.o
 .ARM.attributes
                0x00000485       0x39 build/obj/chmemcore.o
 .ARM.attributes
                0x000004be       0x39 build/obj/chheap.o
 .ARM.attributes
                0x000004f7       0x39 build/obj/chcore_v7m.o
 .ARM.attributes
                0x00000530       0x39 build/obj/hal.o
 .ARM.attributes
                0x00000569       0x39 build/obj/hal_mmcsd.o
 .ARM.attributes
                0x000005a2       0x39 build/obj/adc.o
 .ARM.attributes
                0x000005db       0x39 build/obj/can.o
 .ARM.attributes
                0x00000614       0x39 build/obj/dac.o
 .ARM.attributes
                0x0000064d       0x39 build/obj/ext.o
 .ARM.attributes
                0x00000686       0x39 build/obj/gpt.o
 .ARM.attributes
                0x000006bf       0x39 build/obj/i2c.o
 .ARM.attributes
                0x000006f8       0x39 build/obj/i2s.o
 .ARM.attributes
                0x00000731       0x39 build/obj/pwm.o
 .ARM.attributes
                0x0000076a       0x39 build/obj/sdc.o
 .ARM.attributes
                0x000007a3       0x39 build/obj/serial.o
 .ARM.attributes
                0x000007dc       0x39 build/obj/serial_usb.o
 .ARM.attributes
                0x00000815       0x39 build/obj/spi.o
 .ARM.attributes
                0x0000084e       0x39 build/obj/st.o
 .ARM.attributes
                0x00000887       0x39 build/obj/usb.o
 .ARM.attributes
                0x000008c0       0x39 build/obj/nvic.o
 .ARM.attributes
                0x000008f9       0x39 build/obj/stm32_dma.o
 .ARM.attributes
                0x00000932       0x39 build/obj/hal_lld.o
 .ARM.attributes
                0x0000096b       0x39 build/obj/adc_lld.o
 .ARM.attributes
                0x000009a4       0x39 build/obj/ext_lld_isr.o
 .ARM.attributes
                0x000009dd       0x39 build/obj/can_lld.o
 .ARM.attributes
                0x00000a16       0x39 build/obj/ext_lld.o
 .ARM.attributes
                0x00000a4f       0x39 build/obj/sdc_lld.o
 .ARM.attributes
                0x00000a88       0x39 build/obj/dac_lld.o
 .ARM.attributes
                0x00000ac1       0x39 build/obj/pal_lld.o
 .ARM.attributes
                0x00000afa       0x39 build/obj/i2c_lld.o
 .ARM.attributes
                0x00000b33       0x39 build/obj/usb_lld.o
 .ARM.attributes
                0x00000b6c       0x39 build/obj/i2s_lld.o
 .ARM.attributes
                0x00000ba5       0x39 build/obj/spi_lld.o
 .ARM.attributes
                0x00000bde       0x39 build/obj/gpt_lld.o
 .ARM.attributes
                0x00000c17       0x39 build/obj/pwm_lld.o
 .ARM.attributes
                0x00000c50       0x39 build/obj/st_lld.o
 .ARM.attributes
                0x00000c89       0x39 build/obj/serial_lld.o
 .ARM.attributes
                0x00000cc2       0x39 build/obj/board.o
 .ARM.attributes
                0x00000cfb       0x22 c:/users/moi/documents/_microinfo/epuck-eclipse/tools/gcc-arm-none-eabi-7-2017-q4-major-win32/bin/../lib/gcc/arm-none-eabi/7.2.1/thumb/v7e-m/fpv4-sp/hard\libgcc.a(_arm_addsubdf3.o)
 .ARM.attributes
                0x00000d1d       0x22 c:/users/moi/documents/_microinfo/epuck-eclipse/tools/gcc-arm-none-eabi-7-2017-q4-major-win32/bin/../lib/gcc/arm-none-eabi/7.2.1/thumb/v7e-m/fpv4-sp/hard\libgcc.a(_arm_muldivdf3.o)
 .ARM.attributes
                0x00000d3f       0x22 c:/users/moi/documents/_microinfo/epuck-eclipse/tools/gcc-arm-none-eabi-7-2017-q4-major-win32/bin/../lib/gcc/arm-none-eabi/7.2.1/thumb/v7e-m/fpv4-sp/hard\libgcc.a(_arm_fixdfsi.o)
 .ARM.attributes
                0x00000d61       0x22 c:/users/moi/documents/_microinfo/epuck-eclipse/tools/gcc-arm-none-eabi-7-2017-q4-major-win32/bin/../lib/gcc/arm-none-eabi/7.2.1/thumb/v7e-m/fpv4-sp/hard\libgcc.a(_aeabi_uldivmod.o)
 .ARM.attributes