Archive member included to satisfy reference by file (symbol)

c:/users/moi/documents/_microinfo/epuck-eclipse/tools/gcc-arm-none-eabi-7-2017-q4-major-win32/bin/../lib/gcc/arm-none-eabi/7.2.1/../../../../arm-none-eabi/lib/thumb/v7e-m/fpv4-sp/hard\libm.a(lib_a-wf_atan2.o)
                              build/obj/cmd.o (atan2f)
c:/users/moi/documents/_microinfo/epuck-eclipse/tools/gcc-arm-none-eabi-7-2017-q4-major-win32/bin/../lib/gcc/arm-none-eabi/7.2.1/../../../../arm-none-eabi/lib/thumb/v7e-m/fpv4-sp/hard\libm.a(lib_a-wf_sqrt.o)
                              build/obj/cmd.o (sqrtf)
c:/users/moi/documents/_microinfo/epuck-eclipse/tools/gcc-arm-none-eabi-7-2017-q4-major-win32/bin/../lib/gcc/arm-none-eabi/7.2.1/../../../../arm-none-eabi/lib/thumb/v7e-m/fpv4-sp/hard\libm.a(lib_a-ef_atan2.o)
                              c:/users/moi/documents/_microinfo/epuck-eclipse/tools/gcc-arm-none-eabi-7-2017-q4-major-win32/bin/../lib/gcc/arm-none-eabi/7.2.1/../../../../arm-none-eabi/lib/thumb/v7e-m/fpv4-sp/hard\libm.a(lib_a-wf_atan2.o) (__ieee754_atan2f)
c:/users/moi/documents/_microinfo/epuck-eclipse/tools/gcc-arm-none-eabi-7-2017-q4-major-win32/bin/../lib/gcc/arm-none-eabi/7.2.1/../../../../arm-none-eabi/lib/thumb/v7e-m/fpv4-sp/hard\libm.a(lib_a-ef_sqrt.o)
                              c:/users/moi/documents/_microinfo/epuck-eclipse/tools/gcc-arm-none-eabi-7-2017-q4-major-win32/bin/../lib/gcc/arm-none-eabi/7.2.1/../../../../arm-none-eabi/lib/thumb/v7e-m/fpv4-sp/hard\libm.a(lib_a-wf_sqrt.o) (__ieee754_sqrtf)
c:/users/moi/documents/_microinfo/epuck-eclipse/tools/gcc-arm-none-eabi-7-2017-q4-major-win32/bin/../lib/gcc/arm-none-eabi/7.2.1/../../../../arm-none-eabi/lib/thumb/v7e-m/fpv4-sp/hard\libm.a(lib_a-s_lib_ver.o)
                              c:/users/moi/documents/_microinfo/epuck-eclipse/tools/gcc-arm-none-eabi-7-2017-q4-major-win32/bin/../lib/gcc/arm-none-eabi/7.2.1/../../../../arm-none-eabi/lib/thumb/v7e-m/fpv4-sp/hard\libm.a(lib_a-wf_sqrt.o) (__fdlib_version)
c:/users/moi/documents/_microinfo/epuck-eclipse/tools/gcc-arm-none-eabi-7-2017-q4-major-win32/bin/../lib/gcc/arm-none-eabi/7.2.1/../../../../arm-none-eabi/lib/thumb/v7e-m/fpv4-sp/hard\libm.a(lib_a-s_matherr.o)
                              c:/users/moi/documents/_microinfo/epuck-eclipse/tools/gcc-arm-none-eabi-7-2017-q4-major-win32/bin/../lib/gcc/arm-none-eabi/7.2.1/../../../../arm-none-eabi/lib/thumb/v7e-m/fpv4-sp/hard\libm.a(lib_a-wf_sqrt.o) (matherr)
c:/users/moi/documents/_microinfo/epuck-eclipse/tools/gcc-arm-none-eabi-7-2017-q4-major-win32/bin/../lib/gcc/arm-none-eabi/7.2.1/../../../../arm-none-eabi/lib/thumb/v7e-m/fpv4-sp/hard\libm.a(lib_a-sf_atan.o)
                              c:/users/moi/documents/_microinfo/epuck-eclipse/tools/gcc-arm-none-eabi-7-2017-q4-major-win32/bin/../lib/gcc/arm-none-eabi/7.2.1/../../../../arm-none-eabi/lib/thumb/v7e-m/fpv4-sp/hard\libm.a(lib_a-ef_atan2.o) (atanf)
c:/users/moi/documents/_microinfo/epuck-eclipse/tools/gcc-arm-none-eabi-7-2017-q4-major-win32/bin/../lib/gcc/arm-none-eabi/7.2.1/../../../../arm-none-eabi/lib/thumb/v7e-m/fpv4-sp/hard\libm.a(lib_a-sf_fabs.o)
                              c:/users/moi/documents/_microinfo/epuck-eclipse/tools/gcc-arm-none-eabi-7-2017-q4-major-win32/bin/../lib/gcc/arm-none-eabi/7.2.1/../../../../arm-none-eabi/lib/thumb/v7e-m/fpv4-sp/hard\libm.a(lib_a-ef_atan2.o) (fabsf)
..//libPDMFilter_CM4F_GCC.a(pdm_filter.o)
                              build/obj/mp45dt02_processing.o (PDM_Filter_Init)
c:/users/moi/documents/_microinfo/epuck-eclipse/tools/gcc-arm-none-eabi-7-2017-q4-major-win32/bin/../lib/gcc/arm-none-eabi/7.2.1/thumb/v7e-m/fpv4-sp/hard\libgcc.a(_arm_addsubdf3.o)
                              build/obj/chprintf.o (__aeabi_dsub)
c:/users/moi/documents/_microinfo/epuck-eclipse/tools/gcc-arm-none-eabi-7-2017-q4-major-win32/bin/../lib/gcc/arm-none-eabi/7.2.1/thumb/v7e-m/fpv4-sp/hard\libgcc.a(_arm_muldivdf3.o)
                              build/obj/chprintf.o (__aeabi_dmul)
c:/users/moi/documents/_microinfo/epuck-eclipse/tools/gcc-arm-none-eabi-7-2017-q4-major-win32/bin/../lib/gcc/arm-none-eabi/7.2.1/thumb/v7e-m/fpv4-sp/hard\libgcc.a(_arm_fixdfsi.o)
                              build/obj/chprintf.o (__aeabi_d2iz)
c:/users/moi/documents/_microinfo/epuck-eclipse/tools/gcc-arm-none-eabi-7-2017-q4-major-win32/bin/../lib/gcc/arm-none-eabi/7.2.1/thumb/v7e-m/fpv4-sp/hard\libgcc.a(_arm_fixunsdfsi.o)
                              ..//libPDMFilter_CM4F_GCC.a(pdm_filter.o) (__aeabi_d2uiz)
c:/users/moi/documents/_microinfo/epuck-eclipse/tools/gcc-arm-none-eabi-7-2017-q4-major-win32/bin/../lib/gcc/arm-none-eabi/7.2.1/thumb/v7e-m/fpv4-sp/hard\libgcc.a(_arm_truncdfsf2.o)
                              build/obj/calibration.o (__aeabi_d2f)
c:/users/moi/documents/_microinfo/epuck-eclipse/tools/gcc-arm-none-eabi-7-2017-q4-major-win32/bin/../lib/gcc/arm-none-eabi/7.2.1/thumb/v7e-m/fpv4-sp/hard\libgcc.a(_arm_addsubsf3.o)
                              build/obj/parameter_msgpack.o (__aeabi_l2f)
[...]
Memory Configuration

Name             Origin             Length             Attributes
flash            0x08000000         0x000c0000
aseba_bytecode   0x080c0000         0x00020000
config           0x080e0000         0x00020000
ram              0x20000000         0x0001c000
ethram           0x2001c000         0x00004000
ccmram           0x10000000         0x00010000
ram0             0x20000000         0x00020000
ram1             0x20000000         0x0001c000
ram2             0x2001c000         0x00004000
ram3             0x00000000         0x00000000
ram4             0x10000000         0x00010000
ram5             0x40024000         0x00001000
ram6             0x00000000         0x00000000
ram7             0x00000000         0x00000000
*default*        0x00000000         0xffffffff

Linker script and memory map

LOAD build/obj/crt0_v7m.o
LOAD build/obj/chcoreasm_v7m.o
LOAD build/obj/main.o
LOAD build/obj/calibration.o
LOAD build/obj/pid_regulator.o
LOAD build/obj/spi3_slave_lld.o
LOAD build/obj/dcmi_lld.o
LOAD build/obj/dcmi.o
LOAD build/obj/spi3_slave.o
LOAD build/obj/audio_thread.o
LOAD build/obj/microphone.o
LOAD build/obj/mp45dt02_processing.o
LOAD build/obj/play_melody.o
LOAD build/obj/button.o
LOAD build/obj/dcmi_camera.o
LOAD build/obj/po8030.o
LOAD build/obj/cmd.o
LOAD build/obj/Asercom.o
LOAD build/obj/Asercom2.o
LOAD build/obj/DataEEPROM.o
LOAD build/obj/e_I2C_protocol.o
LOAD build/obj/e_acc.o
LOAD build/obj/e_ad_conv.o
LOAD build/obj/e_micro.o
LOAD build/obj/e_prox.o
LOAD build/obj/e_lsm330.o
LOAD build/obj/e_common.o
LOAD build/obj/e_sound.o
LOAD build/obj/e_agenda.o
LOAD build/obj/e_led.o
LOAD build/obj/e_motors.o
LOAD build/obj/e_remote_control.o
LOAD build/obj/e_init_port.o
LOAD build/obj/e_uart_char.o
LOAD build/obj/utility.o
LOAD build/obj/exti.o
LOAD build/obj/flash.o
LOAD build/obj/i2c_bus.o
LOAD build/obj/ir_remote.o
LOAD build/obj/leds.o
LOAD build/obj/memory_protection.o
LOAD build/obj/motors.o
LOAD build/obj/panic.o
LOAD build/obj/selector.o
LOAD build/obj/battery_level.o
LOAD build/obj/imu.o
LOAD build/obj/mpu9250.o
LOAD build/obj/proximity.o
LOAD build/obj/spi_comm.o
LOAD build/obj/sdio.o
LOAD build/obj/usbcfg.o
LOAD build/obj/uc_usage.o
LOAD build/obj/malloc_lock.o
LOAD build/obj/newlib_syscalls.o
LOAD build/obj/port.o
LOAD build/obj/communication.o
LOAD build/obj/config_flash_storage.o
LOAD build/obj/vl53l0x_api.o
LOAD build/obj/vl53l0x_api_calibration.o
LOAD build/obj/vl53l0x_api_core.o
LOAD build/obj/vl53l0x_api_ranging.o
LOAD build/obj/vl53l0x_api_strings.o
LOAD build/obj/vl53l0x_i2c_platform.o
LOAD build/obj/vl53l0x_platform.o
LOAD build/obj/VL53L0X.o
LOAD build/obj/serial_datagram.o
LOAD build/obj/cmp.o
LOAD build/obj/cmp_mem_access.o
LOAD build/obj/crc16.o
LOAD build/obj/crc32.o
LOAD build/obj/messagebus.o
LOAD build/obj/parameter.o
LOAD build/obj/parameter_msgpack.o
LOAD build/obj/parameter_print.o
LOAD build/obj/fat.o
LOAD build/obj/play_sound_file.o
LOAD build/obj/crt1.o
LOAD build/obj/vectors.o
LOAD build/obj/chsys.o
LOAD build/obj/chdebug.o
LOAD build/obj/chvt.o
LOAD build/obj/chschd.o
LOAD build/obj/chthreads.o
LOAD build/obj/chtm.o
LOAD build/obj/chstats.o
LOAD build/obj/chdynamic.o
LOAD build/obj/chregistry.o
LOAD build/obj/chsem.o
LOAD build/obj/chmtx.o
LOAD build/obj/chcond.o
LOAD build/obj/chevents.o
LOAD build/obj/chmsg.o
LOAD build/obj/chmboxes.o
LOAD build/obj/chqueues.o
LOAD build/obj/chmemcore.o
LOAD build/obj/chheap.o
LOAD build/obj/chmempools.o
LOAD build/obj/chcore.o
LOAD build/obj/chcore_v7m.o
LOAD build/obj/osal.o
LOAD build/obj/hal.o
LOAD build/obj/hal_queues.o
LOAD build/obj/hal_mmcsd.o
LOAD build/obj/adc.o
LOAD build/obj/can.o
LOAD build/obj/dac.o
LOAD build/obj/ext.o
LOAD build/obj/gpt.o
LOAD build/obj/i2c.o
LOAD build/obj/i2s.o
LOAD build/obj/icu.o
LOAD build/obj/mac.o
LOAD build/obj/mmc_spi.o
LOAD build/obj/pal.o
LOAD build/obj/pwm.o
LOAD build/obj/rtc.o
LOAD build/obj/sdc.o
LOAD build/obj/serial.o
LOAD build/obj/serial_usb.o
LOAD build/obj/spi.o
LOAD build/obj/st.o
LOAD build/obj/uart.o
LOAD build/obj/usb.o
LOAD build/obj/nvic.o
LOAD build/obj/stm32_dma.o
LOAD build/obj/hal_lld.o
LOAD build/obj/adc_lld.o
LOAD build/obj/ext_lld_isr.o
LOAD build/obj/can_lld.o
LOAD build/obj/ext_lld.o
LOAD build/obj/mac_lld.o
LOAD build/obj/sdc_lld.o
LOAD build/obj/dac_lld.o
LOAD build/obj/pal_lld.o
LOAD build/obj/i2c_lld.o
LOAD build/obj/usb_lld.o
LOAD build/obj/rtc_lld.o
LOAD build/obj/i2s_lld.o
LOAD build/obj/spi_lld.o
LOAD build/obj/gpt_lld.o
LOAD build/obj/icu_lld.o
LOAD build/obj/pwm_lld.o
LOAD build/obj/st_lld.o
LOAD build/obj/serial_lld.o
LOAD build/obj/uart_lld.o
LOAD build/obj/board.o
LOAD build/obj/test.o
LOAD build/obj/testthd.o
LOAD build/obj/testsem.o
LOAD build/obj/testmtx.o
LOAD build/obj/testmsg.o
LOAD build/obj/testmbox.o
LOAD build/obj/testevt.o
LOAD build/obj/testheap.o
LOAD build/obj/testpools.o
LOAD build/obj/testdyn.o
LOAD build/obj/testqueues.o
LOAD build/obj/testsys.o
LOAD build/obj/testbmk.o
LOAD build/obj/shell.o
LOAD build/obj/memstreams.o
LOAD build/obj/chprintf.o
LOAD build/obj/fatfs_diskio.o
LOAD build/obj/fatfs_syscall.o
LOAD build/obj/ff.o
LOAD build/obj/unicode.o
                0x080c0000                _aseba_bytecode_start = ORIGIN (aseba_bytecode)
                0x080e0000                _aseba_bytecode_end = (ORIGIN (aseba_bytecode) + LENGTH (aseba_bytecode))
                0x080e0000                _config_start = ORIGIN (config)
                0x08100000                _config_end = (ORIGIN (config) + LENGTH (config))
                0x20000000                __ram0_start__ = ORIGIN (ram0)
                0x00020000                __ram0_size__ = LENGTH (ram0)
                0x20020000                __ram0_end__ = (__ram0_start__ + __ram0_size__)
                0x20000000                __ram1_start__ = ORIGIN (ram1)
                0x0001c000                __ram1_size__ = LENGTH (ram1)
                0x2001c000                __ram1_end__ = (__ram1_start__ + __ram1_size__)
                0x2001c000                __ram2_start__ = ORIGIN (ram2)
                0x00004000                __ram2_size__ = LENGTH (ram2)
                0x20020000                __ram2_end__ = (__ram2_start__ + __ram2_size__)
                0x00000000                __ram3_start__ = ORIGIN (ram3)
                0x00000000                __ram3_size__ = LENGTH (ram3)
                0x00000000                __ram3_end__ = (__ram3_start__ + __ram3_size__)
                0x10000000                __ram4_start__ = ORIGIN (ram4)
                0x00010000                __ram4_size__ = LENGTH (ram4)
                0x10010000                __ram4_end__ = (__ram4_start__ + __ram4_size__)
                0x40024000                __ram5_start__ = ORIGIN (ram5)
                0x00001000                __ram5_size__ = LENGTH (ram5)
                0x40025000                __ram5_end__ = (__ram5_start__ + __ram5_size__)
                0x00000000                __ram6_start__ = ORIGIN (ram6)
                0x00000000                __ram6_size__ = LENGTH (ram6)
                0x00000000                __ram6_end__ = (__ram6_start__ + __ram6_size__)
                0x00000000                __ram7_start__ = ORIGIN (ram7)
                0x00000000                __ram7_size__ = LENGTH (ram7)
                0x00000000                __ram7_end__ = (__ram7_start__ + __ram7_size__)
                0x00000000                . = 0x0
                0x00000000                _text = .

startup         0x08000000      0x1c0
 *(.vectors)
 .vectors       0x08000000      0x1c0 build/obj/vectors.o
                0x08000000                _vectors

constructors    0x080001c0        0x0
                0x080001c0                PROVIDE (__init_array_start, .)
 *(SORT_BY_NAME(.init_array.*))
 *(.init_array)
                0x080001c0                PROVIDE (__init_array_end, .)

destructors     0x080001c0        0x0
                0x080001c0                PROVIDE (__fini_array_start, .)
 *(.fini_array)
 *(SORT_BY_NAME(.fini_array.*))
                0x080001c0                PROVIDE (__fini_array_end, .)

.text           0x080001c0     0xe4ec
 *(.text)
 .text          0x080001c0       0xf0 build/obj/crt0_v7m.o
                0x080001c0                Reset_Handler
 .text          0x080002b0       0x48 build/obj/chcoreasm_v7m.o
                0x080002b0                _port_switch
                0x080002c8                _port_thread_start
                0x080002e0                _port_switch_from_isr
                0x080002f4                _port_exit_from_isr
 *fill*         0x080002f8        0x8 
 .text          0x08000300      0x378 c:/users/moi/documents/_microinfo/epuck-eclipse/tools/gcc-arm-none-eabi-7-2017-q4-major-win32/bin/../lib/gcc/arm-none-eabi/7.2.1/thumb/v7e-m/fpv4-sp/hard\libgcc.a(_arm_addsubdf3.o)
                0x08000300                __aeabi_drsub
                0x08000308                __aeabi_dsub
                0x08000308                __subdf3
                0x0800030c                __aeabi_dadd
                0x0800030c                __adddf3
                0x08000584                __floatunsidf
                0x08000584                __aeabi_ui2d
                0x080005a4                __floatsidf
                0x080005a4                __aeabi_i2d
                0x080005c8                __aeabi_f2d
                0x080005c8                __extendsfdf2
                0x0800060c                __floatundidf
                0x0800060c                __aeabi_ul2d
                0x0800061c                __floatdidf
                0x0800061c                __aeabi_l2d
 *fill*         0x08000678        0x8 
 .text          0x08000680      0x424 c:/users/moi/documents/_microinfo/epuck-eclipse/tools/gcc-arm-none-eabi-7-2017-q4-major-win32/bin/../lib/gcc/arm-none-eabi/7.2.1/thumb/v7e-m/fpv4-sp/hard\libgcc.a(_arm_muldivdf3.o)
                0x08000680                __aeabi_dmul
                0x08000680                __muldf3
                0x080008d4                __divdf3
                0x080008d4                __aeabi_ddiv
 *fill*         0x08000aa4        0xc 
 .text          0x08000ab0       0x50 c:/users/moi/documents/_microinfo/epuck-eclipse/tools/gcc-arm-none-eabi-7-2017-q4-major-win32/bin/../lib/gcc/arm-none-eabi/7.2.1/thumb/v7e-m/fpv4-sp/hard\libgcc.a(_arm_fixdfsi.o)
                0x08000ab0                __aeabi_d2iz
                0x08000ab0                __fixdfsi
 .text          0x08000b00       0xa0 c:/users/moi/documents/_microinfo/epuck-eclipse/tools/gcc-arm-none-eabi-7-2017-q4-major-win32/bin/../lib/gcc/arm-none-eabi/7.2.1/thumb/v7e-m/fpv4-sp/hard\libgcc.a(_arm_truncdfsf2.o)
                0x08000b00                __truncdfsf2
                0x08000b00                __aeabi_d2f
 .text          0x08000ba0       0x30 c:/users/moi/documents/_microinfo/epuck-eclipse/tools/gcc-arm-none-eabi-7-2017-q4-major-win32/bin/../lib/gcc/arm-none-eabi/7.2.1/thumb/v7e-m/fpv4-sp/hard\libgcc.a(_aeabi_uldivmod.o)
                0x08000ba0                __aeabi_uldivmod
 .text          0x08000bd0      0x2cc c:/users/moi/documents/_microinfo/epuck-eclipse/tools/gcc-arm-none-eabi-7-2017-q4-major-win32/bin/../lib/gcc/arm-none-eabi/7.2.1/thumb/v7e-m/fpv4-sp/hard\libgcc.a(_udivmoddi4.o)
                0x08000bd0                __udivmoddi4
 *fill*         0x08000e9c        0x4 
 .text          0x08000ea0        0x4 c:/users/moi/documents/_microinfo/epuck-eclipse/tools/gcc-arm-none-eabi-7-2017-q4-major-win32/bin/../lib/gcc/arm-none-eabi/7.2.1/thumb/v7e-m/fpv4-sp/hard\libgcc.a(_dvmd_tls.o)
                0x08000ea0                __aeabi_idiv0
                0x08000ea0                __aeabi_ldiv0
 *fill*         0x08000ea4        0xc 
 .text          0x08000eb0      0x134 c:/users/moi/documents/_microinfo/epuck-eclipse/tools/gcc-arm-none-eabi-7-2017-q4-major-win32/bin/../lib/gcc/arm-none-eabi/7.2.1/../../../../arm-none-eabi/lib/thumb/v7e-m/fpv4-sp/hard\libg.a(lib_a-memcpy.o)
                0x08000eb0                memcpy
 *fill*         0x08000fe4        0xc 
 .text          0x08000ff0       0xdc c:/users/moi/documents/_microinfo/epuck-eclipse/tools/gcc-arm-none-eabi-7-2017-q4-major-win32/bin/../lib/gcc/arm-none-eabi/7.2.1/../../../../arm-none-eabi/lib/thumb/v7e-m/fpv4-sp/hard\libg.a(lib_a-strlen.o)
                0x08000ff0                strlen
 *fill*         0x080010cc        0x4 
 .text          0x080010d0       0xa0 c:/users/moi/documents/_microinfo/epuck-eclipse/tools/gcc-arm-none-eabi-7-2017-q4-major-win32/bin/../lib/gcc/arm-none-eabi/7.2.1/../../../../arm-none-eabi/lib/thumb/v7e-m/fpv4-sp/hard\libg.a(lib_a-memchr.o)
                0x080010d0                memchr
 .text          0x08001170      0x110 c:/users/moi/documents/_microinfo/epuck-eclipse/tools/gcc-arm-none-eabi-7-2017-q4-major-win32/bin/../lib/gcc/arm-none-eabi/7.2.1/thumb/v7e-m/fpv4-sp/hard\libgcc.a(_arm_cmpdf2.o)
                0x08001170                __gtdf2
                0x08001170                __gedf2
                0x08001178                __ltdf2
                0x08001178                __ledf2
                0x08001180                __nedf2
                0x08001180                __eqdf2
                0x08001180                __cmpdf2
                0x080011fc                __aeabi_cdrcmple
                0x0800120c                __aeabi_cdcmpeq
                0x0800120c                __aeabi_cdcmple
                0x0800121c                __aeabi_dcmpeq
                0x08001230                __aeabi_dcmplt
                0x08001244                __aeabi_dcmple
                0x08001258                __aeabi_dcmpge
                0x0800126c                __aeabi_dcmpgt
 .text          0x08001280       0x2c c:/users/moi/documents/_microinfo/epuck-eclipse/tools/gcc-arm-none-eabi-7-2017-q4-major-win32/bin/../lib/gcc/arm-none-eabi/7.2.1/thumb/v7e-m/fpv4-sp/hard\libgcc.a(_arm_unorddf2.o)
                0x08001280                __unorddf2
                0x08001280                __aeabi_dcmpun
 *(.text.*)
 *fill*         0x080012ac        0x4 
 .text.serial_start
                0x080012b0       0x34 build/obj/main.o
 *fill*         0x080012e4        0xc 
 .text.startingAnimation
                0x080012f0       0x2c build/obj/main.o
                0x080012f0                startingAnimation
 *fill*         0x0800131c        0x4 
 .text.readyAnimation
                0x08001320       0x74 build/obj/main.o
                0x08001320                readyAnimation
 *fill*         0x08001394        0xc 
 .text.main     0x080013a0       0xec build/obj/main.o
                0x080013a0                main
 *fill*         0x0800148c        0x4 
 .text.__stack_chk_fail
                0x08001490       0x30 build/obj/main.o
                0x08001490                __stack_chk_fail
 .text.port_lock
                0x080014c0       0x30 build/obj/calibration.o
 .text.port_unlock
                0x080014f0       0x30 build/obj/calibration.o
 .text.chSysLock
                0x08001520       0x30 build/obj/calibration.o
 .text.chSysUnlock
                0x08001550       0x58 build/obj/calibration.o
 *fill*         0x080015a8        0x8 
 .text.chVTGetSystemTimeX
                0x080015b0       0x2c build/obj/calibration.o
 *fill*         0x080015dc        0x4 
 .text.chVTGetSystemTime
                0x080015e0       0x34 build/obj/calibration.o
 *fill*         0x08001614        0xc 
 .text.chThdGetSelfX
                0x08001620       0x2c build/obj/calibration.o
 *fill*         0x0800164c        0x4 
 .text.chThdShouldTerminateX
                0x08001650       0x3c build/obj/calibration.o
 *fill*         0x0800168c        0x4 
 .text.chRegSetThreadName
                0x08001690       0x34 build/obj/calibration.o
 *fill*         0x080016c4        0xc 
 .text.blinkLed
                0x080016d0       0x5c build/obj/calibration.o
 *fill*         0x0800172c        0x4 
 .text.calibrate_imu
                0x08001730      0x294 build/obj/calibration.o
                0x08001730                calibrate_imu
 *fill*         0x080019c4        0xc 
 .text.dcmi_lld_stop_stream.part.0
                0x080019d0       0x48 build/obj/dcmi_lld.o
 *fill*         0x08001a18        0x8 
 .text.Vector178
                0x08001a20       0xb0 build/obj/dcmi_lld.o
                0x08001a20                Vector178
 .text.i2c_start.part.0
                0x08001ad0       0x6c build/obj/i2c_bus.o
 *fill*         0x08001b3c        0x4 
 .text.i2c_start
                0x08001b40       0x3c build/obj/i2c_bus.o
                0x08001b40                i2c_start
 *fill*         0x08001b7c        0x4 
 .text.read_reg
                0x08001b80       0x9c build/obj/i2c_bus.o
                0x08001b80                read_reg
 *fill*         0x08001c1c        0x4 
 .text.write_reg
                0x08001c20       0x94 build/obj/i2c_bus.o
                0x08001c20                write_reg
 *fill*         0x08001cb4        0xc 
 .text.read_reg_multi
                0x08001cc0       0x90 build/obj/i2c_bus.o
                0x08001cc0                read_reg_multi
 .text.set_led  0x08001d50       0xb0 build/obj/leds.o
                0x08001d50                set_led
 .text.set_body_led
                0x08001e00       0x40 build/obj/leds.o
                0x08001e00                set_body_led
 .text.set_front_led
                0x08001e40       0x44 build/obj/leds.o
                0x08001e40                set_front_led
 *fill*         0x08001e84        0xc 
 .text.clear_leds
                0x08001e90       0x40 build/obj/leds.o
                0x08001e90                clear_leds
 .text.mpu_configure_region
                0x08001ed0       0xb0 build/obj/memory_protection.o
                0x08001ed0                mpu_configure_region
 .text.mpu_init
                0x08001f80       0xa4 build/obj/memory_protection.o
                0x08001f80                mpu_init
 *fill*         0x08002024        0xc 
 .text.MemManage_Handler
                0x08002030       0x84 build/obj/memory_protection.o
                0x08002030                MemManage_Handler
 *fill*         0x080020b4        0xc 
 .text.panic_handler
                0x080020c0       0x38 build/obj/panic.o
                0x080020c0                panic_handler
 *fill*         0x080020f8        0x8 
 .text.get_selector
                0x08002100       0x50 build/obj/selector.o
                0x08002100                get_selector
 .text.port_lock
                0x08002150       0x30 build/obj/imu.o
 .text.port_unlock
                0x08002180       0x30 build/obj/imu.o
 .text.chSysLock
                0x080021b0       0x30 build/obj/imu.o
 .text.chSysUnlock
                0x080021e0       0x58 build/obj/imu.o
 *fill*         0x08002238        0x8 
 .text.chVTGetSystemTimeX
                0x08002240       0x2c build/obj/imu.o
 *fill*         0x0800226c        0x4 
 .text.chVTGetSystemTime
                0x08002270       0x34 build/obj/imu.o
 *fill*         0x080022a4        0xc 
 .text.chThdGetSelfX
                0x080022b0       0x2c build/obj/imu.o
 *fill*         0x080022dc        0x4 
 .text.chThdShouldTerminateX
                0x080022e0       0x3c build/obj/imu.o
 *fill*         0x0800231c        0x4 
 .text.chRegSetThreadName
                0x08002320       0x34 build/obj/imu.o
 *fill*         0x08002354        0xc 
 .text.imu_reader_thd
                0x08002360      0x2b8 build/obj/imu.o
 *fill*         0x08002618        0x8 
 .text.imu_start
                0x08002620       0x7c build/obj/imu.o
                0x08002620                imu_start
 *fill*         0x0800269c        0x4 
 .text.get_acc_all
                0x080026a0       0x4c build/obj/imu.o
                0x080026a0                get_acc_all
 *fill*         0x080026ec        0x4 
 .text.get_acc_filtered
                0x080026f0       0x98 build/obj/imu.o
                0x080026f0                get_acc_filtered
 *fill*         0x08002788        0x8 
 .text.calibrate_acc
                0x08002790       0x64 build/obj/imu.o
                0x08002790                calibrate_acc
 *fill*         0x080027f4        0xc 
 .text.get_acc_offset
                0x08002800       0x4c build/obj/imu.o
                0x08002800                get_acc_offset
 *fill*         0x0800284c        0x4 
 .text.get_gyro_filtered
                0x08002850       0x9c build/obj/imu.o
                0x08002850                get_gyro_filtered
 *fill*         0x080028ec        0x4 
 .text.calibrate_gyro
                0x080028f0       0x64 build/obj/imu.o
                0x080028f0                calibrate_gyro
 *fill*         0x08002954        0xc 
 .text.mpu9250_setup
                0x08002960      0x14c build/obj/mpu9250.o
                0x08002960                mpu9250_setup
 *fill*         0x08002aac        0x4 
 .text.mpu9250_read
                0x08002ab0      0x238 build/obj/mpu9250.o
                0x08002ab0                mpu9250_read
 *fill*         0x08002ce8        0x8 
 .text.__malloc_lock
                0x08002cf0       0x2c build/obj/malloc_lock.o
                0x08002cf0                __malloc_lock
 *fill*         0x08002d1c        0x4 
 .text.__malloc_unlock
                0x08002d20       0x2c build/obj/malloc_lock.o
                0x08002d20                __malloc_unlock
 *fill*         0x08002d4c        0x4 
 .text._sbrk_r  0x08002d50       0x40 build/obj/newlib_syscalls.o
                0x08002d50                _sbrk_r
 .text._fini    0x08002d90       0x20 build/obj/newlib_syscalls.o
                0x08002d90                _fini
 .text.messagebus_lock_acquire
                0x08002db0       0x24 build/obj/port.o
                0x08002db0                messagebus_lock_acquire
 *fill*         0x08002dd4        0xc 
 .text.messagebus_lock_release
                0x08002de0       0x24 build/obj/port.o
                0x08002de0                messagebus_lock_release
 *fill*         0x08002e04        0xc 
 .text.messagebus_condvar_broadcast
                0x08002e10       0x24 build/obj/port.o
                0x08002e10                messagebus_condvar_broadcast
 *fill*         0x08002e34        0xc 
 .text.messagebus_init
                0x08002e40       0x28 build/obj/messagebus.o
                0x08002e40                messagebus_init
 *fill*         0x08002e68        0x8 
 .text.messagebus_topic_init
                0x08002e70       0x40 build/obj/messagebus.o
                0x08002e70                messagebus_topic_init
 .text.messagebus_advertise_topic
                0x08002eb0       0x58 build/obj/messagebus.o
                0x08002eb0                messagebus_advertise_topic
 *fill*         0x08002f08        0x8 
 .text.messagebus_topic_publish
                0x08002f10       0x78 build/obj/messagebus.o
                0x08002f10                messagebus_topic_publish
 *fill*         0x08002f88        0x8 
 .text.parameter_namespace_declare
                0x08002f90       0x78 build/obj/parameter.o
                0x08002f90                parameter_namespace_declare
 *fill*         0x08003008        0x8 
 .text.__late_init
                0x08003010       0x20 build/obj/crt1.o
                0x08003010                __late_init
 .text.__default_exit
                0x08003030       0x10 build/obj/crt1.o
                0x08003030                __default_exit
 .text._unhandled_exception
                0x08003040       0x1c build/obj/vectors.o
                0x08003040                VectorAC
                0x08003040                DebugMon_Handler
                0x08003040                Vector1A0
                0x08003040                Vector11C
                0x08003040                HardFault_Handler
                0x08003040                Vector1B8
                0x08003040                Vector19C
                0x08003040                PendSV_Handler
                0x08003040                Vector168
                0x08003040                NMI_Handler
                0x08003040                Vector110
                0x08003040                VectorC8
                0x08003040                Vector160
                0x08003040                Vector1B0
                0x08003040                UsageFault_Handler
                0x08003040                VectorEC
                0x08003040                Vector40
                0x08003040                VectorF8
                0x08003040                Vector190
                0x08003040                Vector148
                0x08003040                Vector188
                0x08003040                Vector198
                0x08003040                VectorCC
                0x08003040                Vector54
                0x08003040                VectorD8
                0x08003040                Vector24
                0x08003040                Vector1AC
                0x08003040                Vector1A4
                0x08003040                VectorD0
                0x08003040                Vector1B4
                0x08003040                Vector140
                0x08003040                Vector134
                0x08003040                VectorF0
                0x08003040                Vector13C
                0x08003040                Vector100
                0x08003040                VectorF4
                0x08003040                VectorA0
                0x08003040                VectorC4
                0x08003040                Vector180
                0x08003040                Vector114
                0x08003040                Vector164
                0x08003040                Vector1C
                0x08003040                Vector1BC
                0x08003040                Vector17C
                0x08003040                Vector1A8
                0x08003040                Vector16C
                0x08003040                VectorD4
                0x08003040                Vector144
                0x08003040                Vector15C
                0x08003040                _unhandled_exception
                0x08003040                Vector184
                0x08003040                Vector10C
                0x08003040                BusFault_Handler
                0x08003040                Vector50
                0x08003040                Vector194
                0x08003040                Vector28
                0x08003040                Vector34
                0x08003040                VectorA4
                0x08003040                Vector20
                0x08003040                Vector18C
                0x08003040                Vector174
 *fill*         0x0800305c        0x4 
 .text._idle_thread
                0x08003060       0x10 build/obj/chsys.o
 .text.chSysInit
                0x08003070       0xd0 build/obj/chsys.o
                0x08003070                chSysInit
 .text.chSysHalt
                0x08003140       0x20 build/obj/chsys.o
                0x08003140                chSysHalt
 .text.chSysTimerHandlerI
                0x08003160       0x98 build/obj/chsys.o
                0x08003160                chSysTimerHandlerI
 *fill*         0x080031f8        0x8 
 .text.chSysPolledDelayX
                0x08003200       0x30 build/obj/chsys.o
                0x08003200                chSysPolledDelayX
 .text._dbg_check_enable
                0x08003230       0x48 build/obj/chdebug.o
                0x08003230                _dbg_check_enable
 *fill*         0x08003278        0x8 
 .text._dbg_check_lock
                0x08003280       0x3c build/obj/chdebug.o
                0x08003280                _dbg_check_lock
 *fill*         0x080032bc        0x4 
 .text._dbg_check_unlock
                0x080032c0       0x40 build/obj/chdebug.o
                0x080032c0                _dbg_check_unlock
 .text._dbg_check_lock_from_isr
                0x08003300       0x3c build/obj/chdebug.o
                0x08003300                _dbg_check_lock_from_isr
 *fill*         0x0800333c        0x4 
 .text._dbg_check_unlock_from_isr
                0x08003340       0x40 build/obj/chdebug.o
                0x08003340                _dbg_check_unlock_from_isr
 .text._dbg_check_enter_isr
                0x08003380       0x4c build/obj/chdebug.o
                0x08003380                _dbg_check_enter_isr
 *fill*         0x080033cc        0x4 
 .text._dbg_check_leave_isr
                0x080033d0       0x4c build/obj/chdebug.o
                0x080033d0                _dbg_check_leave_isr
 *fill*         0x0800341c        0x4 
 .text.chDbgCheckClassI
                0x08003420       0x4c build/obj/chdebug.o
                0x08003420                chDbgCheckClassI
 *fill*         0x0800346c        0x4 
 .text.chDbgCheckClassS
                0x08003470       0x48 build/obj/chdebug.o
                0x08003470                chDbgCheckClassS
 *fill*         0x080034b8        0x8 
 .text._dbg_trace_init
                0x080034c0       0x2c build/obj/chdebug.o
                0x080034c0                _dbg_trace_init
 *fill*         0x080034ec        0x4 
 .text._dbg_trace
                0x080034f0       0x48 build/obj/chdebug.o
                0x080034f0                _dbg_trace
 *fill*         0x08003538        0x8 
 .text._vt_init
                0x08003540       0x38 build/obj/chvt.o
                0x08003540                _vt_init
 *fill*         0x08003578        0x8 
 .text.chVTDoSetI
                0x08003580       0x78 build/obj/chvt.o
                0x08003580                chVTDoSetI
 *fill*         0x080035f8        0x8 
 .text.chVTDoResetI
                0x08003600       0x60 build/obj/chvt.o
                0x08003600                chVTDoResetI
 .text._scheduler_init
                0x08003660       0x34 build/obj/chschd.o
                0x08003660                _scheduler_init
 *fill*         0x08003694        0xc 
 .text.chSchReadyI
                0x080036a0       0x68 build/obj/chschd.o
                0x080036a0                chSchReadyI
 *fill*         0x08003708        0x8 
 .text.wakeup   0x08003710       0x88 build/obj/chschd.o
 *fill*         0x08003798        0x8 
 .text.chSchGoSleepS
                0x080037a0       0x74 build/obj/chschd.o
                0x080037a0                chSchGoSleepS
 *fill*         0x08003814        0xc 
 .text.chSchGoSleepTimeoutS
                0x08003820       0x64 build/obj/chschd.o
                0x08003820                chSchGoSleepTimeoutS
 *fill*         0x08003884        0xc 
 .text.chSchWakeupS
                0x08003890       0x88 build/obj/chschd.o
                0x08003890                chSchWakeupS
 *fill*         0x08003918        0x8 
 .text.chSchIsPreemptionRequired
                0x08003920       0x44 build/obj/chschd.o
                0x08003920                chSchIsPreemptionRequired
 *fill*         0x08003964        0xc 
 .text.chSchDoRescheduleBehind
                0x08003970       0x70 build/obj/chschd.o
                0x08003970                chSchDoRescheduleBehind
 .text.chSchDoRescheduleAhead
                0x080039e0       0x84 build/obj/chschd.o
                0x080039e0                chSchDoRescheduleAhead
 *fill*         0x08003a64        0xc 
 .text.chSchRescheduleS
                0x08003a70       0x48 build/obj/chschd.o
                0x08003a70                chSchRescheduleS
 *fill*         0x08003ab8        0x8 
 .text.chSchDoReschedule
                0x08003ac0       0x44 build/obj/chschd.o
                0x08003ac0                chSchDoReschedule
 *fill*         0x08003b04        0xc 
 .text._thread_init
                0x08003b10       0x74 build/obj/chthreads.o
                0x08003b10                _thread_init
 *fill*         0x08003b84        0xc 
 .text._thread_memfill
                0x08003b90       0x2c build/obj/chthreads.o
                0x08003b90                _thread_memfill
 *fill*         0x08003bbc        0x4 
 .text.chThdCreateI
                0x08003bc0       0x70 build/obj/chthreads.o
                0x08003bc0                chThdCreateI
 .text.chThdCreateStatic
                0x08003c30       0xb0 build/obj/chthreads.o
                0x08003c30                chThdCreateStatic
 .text.chThdTerminate
                0x08003ce0       0x6c build/obj/chthreads.o
                0x08003ce0                chThdTerminate
 *fill*         0x08003d4c        0x4 
 .text.chThdSleep
                0x08003d50       0x74 build/obj/chthreads.o
                0x08003d50                chThdSleep
 *fill*         0x08003dc4        0xc 
 .text.chThdSleepUntilWindowed
                0x08003dd0       0x84 build/obj/chthreads.o
                0x08003dd0                chThdSleepUntilWindowed
 *fill*         0x08003e54        0xc 
 .text.chThdExitS
                0x08003e60       0x68 build/obj/chthreads.o
                0x08003e60                chThdExitS
 *fill*         0x08003ec8        0x8 
 .text.chThdExit
                0x08003ed0       0x38 build/obj/chthreads.o
                0x08003ed0                chThdExit
 *fill*         0x08003f08        0x8 
 .text.chThdSuspendS
                0x08003f10       0x44 build/obj/chthreads.o
                0x08003f10                chThdSuspendS
 *fill*         0x08003f54        0xc 
 .text.chThdSuspendTimeoutS
                0x08003f60       0x58 build/obj/chthreads.o
                0x08003f60                chThdSuspendTimeoutS
 *fill*         0x08003fb8        0x8 
 .text.chThdResumeI
                0x08003fc0       0x54 build/obj/chthreads.o
                0x08003fc0                chThdResumeI
 *fill*         0x08004014        0xc 
 .text.chThdEnqueueTimeoutS
                0x08004020       0x4c build/obj/chthreads.o
                0x08004020                chThdEnqueueTimeoutS
 *fill*         0x0800406c        0x4 
 .text.chThdDequeueNextI
                0x08004070       0x54 build/obj/chthreads.o
                0x08004070                chThdDequeueNextI
 *fill*         0x080040c4        0xc 
 .text.chThdDequeueAllI
                0x080040d0       0x5c build/obj/chthreads.o
                0x080040d0                chThdDequeueAllI
 *fill*         0x0800412c        0x4 
 .text.chTMObjectInit
                0x08004130       0x38 build/obj/chtm.o
                0x08004130                chTMObjectInit
 *fill*         0x08004168        0x8 
 .text.chTMStartMeasurementX
                0x08004170       0x2c build/obj/chtm.o
                0x08004170                chTMStartMeasurementX
 *fill*         0x0800419c        0x4 
 .text.chTMStopMeasurementX
                0x080041a0       0x60 build/obj/chtm.o
                0x080041a0                chTMStopMeasurementX
 .text._tm_init
                0x08004200       0x50 build/obj/chtm.o
                0x08004200                _tm_init
 .text.chTMChainMeasurementToX
                0x08004250       0x5c build/obj/chtm.o
                0x08004250                chTMChainMeasurementToX
 *fill*         0x080042ac        0x4 
 .text._stats_init
                0x080042b0       0x40 build/obj/chstats.o
                0x080042b0                _stats_init
 .text._stats_increase_irq
                0x080042f0       0x30 build/obj/chstats.o
                0x080042f0                _stats_increase_irq
 .text._stats_ctxswc
                0x08004320       0x40 build/obj/chstats.o
                0x08004320                _stats_ctxswc
 .text._stats_start_measure_crit_thd
                0x08004360       0x2c build/obj/chstats.o
                0x08004360                _stats_start_measure_crit_thd
 *fill*         0x0800438c        0x4 
 .text._stats_stop_measure_crit_thd
                0x08004390       0x2c build/obj/chstats.o
                0x08004390                _stats_stop_measure_crit_thd
 *fill*         0x080043bc        0x4 
 .text._stats_start_measure_crit_isr
                0x080043c0       0x2c build/obj/chstats.o
                0x080043c0                _stats_start_measure_crit_isr
 *fill*         0x080043ec        0x4 
 .text._stats_stop_measure_crit_isr
                0x080043f0       0x2c build/obj/chstats.o
                0x080043f0                _stats_stop_measure_crit_isr
 *fill*         0x0800441c        0x4 
 .text.chMtxObjectInit
                0x08004420       0x38 build/obj/chmtx.o
                0x08004420                chMtxObjectInit
 *fill*         0x08004458        0x8 
 .text.chMtxLockS
                0x08004460      0x17c build/obj/chmtx.o
                0x08004460                chMtxLockS
 *fill*         0x080045dc        0x4 
 .text.chMtxLock
                0x080045e0       0x64 build/obj/chmtx.o
                0x080045e0                chMtxLock
 *fill*         0x08004644        0xc 
 .text.chMtxUnlock
                0x08004650      0x10c build/obj/chmtx.o
                0x08004650                chMtxUnlock
 *fill*         0x0800475c        0x4 
 .text.chCondBroadcastI
                0x08004760       0x50 build/obj/chcond.o
                0x08004760                chCondBroadcastI
 .text.chCondBroadcast
                0x080047b0       0x68 build/obj/chcond.o
                0x080047b0                chCondBroadcast
 *fill*         0x08004818        0x8 
 .text.chEvtRegisterMaskWithFlags
                0x08004820       0x8c build/obj/chevents.o
                0x08004820                chEvtRegisterMaskWithFlags
 *fill*         0x080048ac        0x4 
 .text.chEvtSignalI
                0x080048b0       0x6c build/obj/chevents.o
                0x080048b0                chEvtSignalI
 *fill*         0x0800491c        0x4 
 .text.chEvtBroadcastFlagsI
                0x08004920       0x58 build/obj/chevents.o
                0x08004920                chEvtBroadcastFlagsI
 *fill*         0x08004978        0x8 
 .text.chIQObjectInit
                0x08004980       0x38 build/obj/chqueues.o
                0x08004980                chIQObjectInit
 *fill*         0x080049b8        0x8 
 .text.chIQPutI
                0x080049c0       0x60 build/obj/chqueues.o
                0x080049c0                chIQPutI
 .text.chIQGetTimeout
                0x08004a20       0x9c build/obj/chqueues.o
                0x08004a20                chIQGetTimeout
 *fill*         0x08004abc        0x4 
 .text.chIQReadTimeout
                0x08004ac0      0x100 build/obj/chqueues.o
                0x08004ac0                chIQReadTimeout
 .text.chOQObjectInit
                0x08004bc0       0x34 build/obj/chqueues.o
                0x08004bc0                chOQObjectInit
 *fill*         0x08004bf4        0xc 
 .text.chOQPutTimeout
                0x08004c00       0xcc build/obj/chqueues.o
                0x08004c00                chOQPutTimeout
 *fill*         0x08004ccc        0x4 
 .text.chOQGetI
                0x08004cd0       0x5c build/obj/chqueues.o
                0x08004cd0                chOQGetI
 *fill*         0x08004d2c        0x4 
 .text.chOQWriteTimeout
                0x08004d30      0x104 build/obj/chqueues.o
                0x08004d30                chOQWriteTimeout
 *fill*         0x08004e34        0xc 
 .text._core_init
                0x08004e40       0x44 build/obj/chmemcore.o
                0x08004e40                _core_init
 *fill*         0x08004e84        0xc 
 .text.chCoreAlloc
                0x08004e90       0x88 build/obj/chmemcore.o
                0x08004e90                chCoreAlloc
 *fill*         0x08004f18        0x8 
 .text._heap_init
                0x08004f20       0x3c build/obj/chheap.o
                0x08004f20                _heap_init
 *fill*         0x08004f5c        0x4 
 .text.SVC_Handler
                0x08004f60       0x40 build/obj/chcore_v7m.o
                0x08004f60                SVC_Handler
 .text._port_irq_epilogue
                0x08004fa0       0x7c build/obj/chcore_v7m.o
                0x08004fa0                _port_irq_epilogue
 *fill*         0x0800501c        0x4 
 .text.halInit  0x08005020       0x6c build/obj/hal.o
                0x08005020                halInit
 *fill*         0x0800508c        0x4 
 .text._mmcsd_get_slice
                0x08005090       0x74 build/obj/hal_mmcsd.o
                0x08005090                _mmcsd_get_slice
 *fill*         0x08005104        0xc 
 .text._mmcsd_get_capacity
                0x08005110       0x80 build/obj/hal_mmcsd.o
                0x08005110                _mmcsd_get_capacity
 .text._mmcsd_get_capacity_ext
                0x08005190       0x4c build/obj/hal_mmcsd.o
                0x08005190                _mmcsd_get_capacity_ext
 *fill*         0x080051dc        0x4 
 .text.adcInit  0x080051e0       0x24 build/obj/adc.o
                0x080051e0                adcInit
 *fill*         0x08005204        0xc 
 .text.adcObjectInit
                0x08005210       0x38 build/obj/adc.o
                0x08005210                adcObjectInit
 *fill*         0x08005248        0x8 
 .text.canInit  0x08005250       0x24 build/obj/can.o
                0x08005250                canInit
 *fill*         0x08005274        0xc 
 .text.canObjectInit
                0x08005280       0x54 build/obj/can.o
                0x08005280                canObjectInit
 *fill*         0x080052d4        0xc 
 .text.dacInit  0x080052e0       0x24 build/obj/dac.o
                0x080052e0                dacInit
 *fill*         0x08005304        0xc 
 .text.dacObjectInit
                0x08005310       0x30 build/obj/dac.o
                0x08005310                dacObjectInit
 .text.extInit  0x08005340       0x24 build/obj/ext.o
                0x08005340                extInit
 *fill*         0x08005364        0xc 
 .text.extObjectInit
                0x08005370       0x28 build/obj/ext.o
                0x08005370                extObjectInit
 *fill*         0x08005398        0x8 
 .text.gptInit  0x080053a0       0x24 build/obj/gpt.o
                0x080053a0                gptInit
 *fill*         0x080053c4        0xc 
 .text.gptObjectInit
                0x080053d0       0x28 build/obj/gpt.o
                0x080053d0                gptObjectInit
 *fill*         0x080053f8        0x8 
 .text.i2cInit  0x08005400       0x24 build/obj/i2c.o
                0x08005400                i2cInit
 *fill*         0x08005424        0xc 
 .text.i2cObjectInit
                0x08005430       0x30 build/obj/i2c.o
                0x08005430                i2cObjectInit
 .text.i2cStart
                0x08005460       0x90 build/obj/i2c.o
                0x08005460                i2cStart
 .text.i2cStop  0x080054f0       0x88 build/obj/i2c.o
                0x080054f0                i2cStop
 *fill*         0x08005578        0x8 
 .text.i2cGetErrors
                0x08005580       0x30 build/obj/i2c.o
                0x08005580                i2cGetErrors
 .text.i2cMasterTransmitTimeout
                0x080055b0       0xd8 build/obj/i2c.o
                0x080055b0                i2cMasterTransmitTimeout
 *fill*         0x08005688        0x8 
 .text.i2cAcquireBus
                0x08005690       0x38 build/obj/i2c.o
                0x08005690                i2cAcquireBus
 *fill*         0x080056c8        0x8 
 .text.i2cReleaseBus
                0x080056d0       0x38 build/obj/i2c.o
                0x080056d0                i2cReleaseBus
 *fill*         0x08005708        0x8 
 .text.i2sInit  0x08005710       0x24 build/obj/i2s.o
                0x08005710                i2sInit
 *fill*         0x08005734        0xc 
 .text.i2sObjectInit
                0x08005740       0x28 build/obj/i2s.o
                0x08005740                i2sObjectInit
 *fill*         0x08005768        0x8 
 .text.pwmInit  0x08005770       0x24 build/obj/pwm.o
                0x08005770                pwmInit
 *fill*         0x08005794        0xc 
 .text.pwmObjectInit
                0x080057a0       0x2c build/obj/pwm.o
                0x080057a0                pwmObjectInit
 *fill*         0x080057cc        0x4 
 .text.sdcGetInfo
                0x080057d0       0x4c build/obj/sdc.o
                0x080057d0                sdcGetInfo
 *fill*         0x0800581c        0x4 
 .text.sdcConnect
                0x08005820      0x3bc build/obj/sdc.o
                0x08005820                sdcConnect
 *fill*         0x08005bdc        0x4 
 .text.sdcRead  0x08005be0       0x74 build/obj/sdc.o
                0x08005be0                sdcRead
 *fill*         0x08005c54        0xc 
 .text.sdcWrite
                0x08005c60       0x74 build/obj/sdc.o
                0x08005c60                sdcWrite
 *fill*         0x08005cd4        0xc 
 .text.sdcSync  0x08005ce0       0x44 build/obj/sdc.o
                0x08005ce0                sdcSync
 *fill*         0x08005d24        0xc 
 .text._sdc_wait_for_transfer_state
                0x08005d30       0x54 build/obj/sdc.o
                0x08005d30                _sdc_wait_for_transfer_state
 *fill*         0x08005d84        0xc 
 .text.sdcDisconnect
                0x08005d90       0xc8 build/obj/sdc.o
                0x08005d90                sdcDisconnect
 *fill*         0x08005e58        0x8 
 .text.sdcInit  0x08005e60       0x24 build/obj/sdc.o
                0x08005e60                sdcInit
 *fill*         0x08005e84        0xc 
 .text.sdcObjectInit
                0x08005e90       0x34 build/obj/sdc.o
                0x08005e90                sdcObjectInit
 *fill*         0x08005ec4        0xc 
 .text.readt    0x08005ed0       0x28 build/obj/serial.o
 *fill*         0x08005ef8        0x8 
 .text.read     0x08005f00       0x2c build/obj/serial.o
 *fill*         0x08005f2c        0x4 
 .text.writet   0x08005f30       0x28 build/obj/serial.o
 *fill*         0x08005f58        0x8 
 .text.write    0x08005f60       0x2c build/obj/serial.o
 *fill*         0x08005f8c        0x4 
 .text.gett     0x08005f90       0x28 build/obj/serial.o
 *fill*         0x08005fb8        0x8 
 .text.get      0x08005fc0       0x2c build/obj/serial.o
 *fill*         0x08005fec        0x4 
 .text.putt     0x08005ff0       0x28 build/obj/serial.o
 *fill*         0x08006018        0x8 
 .text.put      0x08006020       0x2c build/obj/serial.o
 *fill*         0x0800604c        0x4 
 .text.sdInit   0x08006050       0x24 build/obj/serial.o
                0x08006050                sdInit
 *fill*         0x08006074        0xc 
 .text.sdObjectInit
                0x08006080       0x5c build/obj/serial.o
                0x08006080                sdObjectInit
 *fill*         0x080060dc        0x4 
 .text.sdStart  0x080060e0       0x88 build/obj/serial.o
                0x080060e0                sdStart
 *fill*         0x08006168        0x8 
 .text.sdIncomingDataI
                0x08006170       0x68 build/obj/serial.o
                0x08006170                sdIncomingDataI
 *fill*         0x080061d8        0x8 
 .text.sduInit  0x080061e0       0x20 build/obj/serial_usb.o
                0x080061e0                sduInit
 .text.spiInit  0x08006200       0x24 build/obj/spi.o
                0x08006200                spiInit
 *fill*         0x08006224        0xc 
 .text.spiObjectInit
                0x08006230       0x30 build/obj/spi.o
                0x08006230                spiObjectInit
 .text.stInit   0x08006260       0x24 build/obj/st.o
                0x08006260                stInit
 *fill*         0x08006284        0xc 
 .text.usbInit  0x08006290       0x24 build/obj/usb.o
                0x08006290                usbInit
 *fill*         0x080062b4        0xc 
 .text.usbObjectInit
                0x080062c0       0x34 build/obj/usb.o
                0x080062c0                usbObjectInit
 *fill*         0x080062f4        0xc 
 .text.usbStartReceiveI
                0x08006300       0x54 build/obj/usb.o
                0x08006300                usbStartReceiveI
 *fill*         0x08006354        0xc 
 .text.usbStartTransmitI
                0x08006360       0x54 build/obj/usb.o
                0x08006360                usbStartTransmitI
 *fill*         0x080063b4        0xc 
 .text._usb_reset
                0x080063c0       0x3c build/obj/usb.o
                0x080063c0                _usb_reset
 *fill*         0x080063fc        0x4 
 .text._usb_ep0setup
                0x08006400      0x34c build/obj/usb.o
                0x08006400                _usb_ep0setup
 *fill*         0x0800674c        0x4 
 .text._usb_ep0in
                0x08006750      0x120 build/obj/usb.o
                0x08006750                _usb_ep0in
 .text._usb_ep0out
                0x08006870       0xcc build/obj/usb.o
                0x08006870                _usb_ep0out
 *fill*         0x0800693c        0x4 
 .text.nvicEnableVector
                0x08006940       0x4c build/obj/nvic.o
                0x08006940                nvicEnableVector
 *fill*         0x0800698c        0x4 
 .text.nvicDisableVector
                0x08006990       0x3c build/obj/nvic.o
                0x08006990                nvicDisableVector
 *fill*         0x080069cc        0x4 
 .text.nvicSetSystemHandlerPriority
                0x080069d0       0x40 build/obj/nvic.o
                0x080069d0                nvicSetSystemHandlerPriority
 .text.Vector6C
                0x08006a10       0x4c build/obj/stm32_dma.o
                0x08006a10                Vector6C
 *fill*         0x08006a5c        0x4 
 .text.Vector70
                0x08006a60       0x50 build/obj/stm32_dma.o
                0x08006a60                Vector70
 .text.Vector74
                0x08006ab0       0x50 build/obj/stm32_dma.o
                0x08006ab0                Vector74
 .text.Vector78
                0x08006b00       0x50 build/obj/stm32_dma.o
                0x08006b00                Vector78
 .text.Vector7C
                0x08006b50       0x4c build/obj/stm32_dma.o
                0x08006b50                Vector7C
 *fill*         0x08006b9c        0x4 
 .text.Vector80
                0x08006ba0       0x50 build/obj/stm32_dma.o
                0x08006ba0                Vector80
 .text.Vector84
                0x08006bf0       0x50 build/obj/stm32_dma.o
                0x08006bf0                Vector84
 .text.VectorFC
                0x08006c40       0x50 build/obj/stm32_dma.o
                0x08006c40                VectorFC
 .text.Vector120
                0x08006c90       0x4c build/obj/stm32_dma.o
                0x08006c90                Vector120
 *fill*         0x08006cdc        0x4 
 .text.Vector124
                0x08006ce0       0x50 build/obj/stm32_dma.o
                0x08006ce0                Vector124
 .text.Vector128
                0x08006d30       0x50 build/obj/stm32_dma.o
                0x08006d30                Vector128
 .text.Vector12C
                0x08006d80       0x50 build/obj/stm32_dma.o
                0x08006d80                Vector12C
 .text.Vector130
                0x08006dd0       0x4c build/obj/stm32_dma.o
                0x08006dd0                Vector130
 *fill*         0x08006e1c        0x4 
 .text.Vector150
                0x08006e20       0x50 build/obj/stm32_dma.o
                0x08006e20                Vector150
 .text.Vector154
                0x08006e70       0x50 build/obj/stm32_dma.o
                0x08006e70                Vector154
 .text.Vector158
                0x08006ec0       0x50 build/obj/stm32_dma.o
                0x08006ec0                Vector158
 .text.dmaInit  0x08006f10       0x6c build/obj/stm32_dma.o
                0x08006f10                dmaInit
 *fill*         0x08006f7c        0x4 
 .text.dmaStreamAllocate
                0x08006f80       0xd0 build/obj/stm32_dma.o
                0x08006f80                dmaStreamAllocate
 .text.dmaStreamRelease
                0x08007050       0x80 build/obj/stm32_dma.o
                0x08007050                dmaStreamRelease
 .text.hal_lld_init
                0x080070d0       0x80 build/obj/hal_lld.o
                0x080070d0                hal_lld_init
 .text.stm32_clock_init
                0x08007150       0xf8 build/obj/hal_lld.o
                0x08007150                stm32_clock_init
 *fill*         0x08007248        0x8 
 .text.Vector88
                0x08007250      0x1e8 build/obj/adc_lld.o
                0x08007250                Vector88
 *fill*         0x08007438        0x8 
 .text.adc_lld_init
                0x08007440       0x98 build/obj/adc_lld.o
                0x08007440                adc_lld_init
 *fill*         0x080074d8        0x8 
 .text.Vector58
                0x080074e0       0x48 build/obj/ext_lld_isr.o
                0x080074e0                Vector58
 *fill*         0x08007528        0x8 
 .text.Vector5C
                0x08007530       0x48 build/obj/ext_lld_isr.o
                0x08007530                Vector5C
 *fill*         0x08007578        0x8 
 .text.Vector60
                0x08007580       0x48 build/obj/ext_lld_isr.o
                0x08007580                Vector60
 *fill*         0x080075c8        0x8 
 .text.Vector64
                0x080075d0       0x48 build/obj/ext_lld_isr.o
                0x080075d0                Vector64
 *fill*         0x08007618        0x8 
 .text.Vector68
                0x08007620       0x48 build/obj/ext_lld_isr.o
                0x08007620                Vector68
 *fill*         0x08007668        0x8 
 .text.Vector9C
                0x08007670       0x88 build/obj/ext_lld_isr.o
                0x08007670                Vector9C
 *fill*         0x080076f8        0x8 
 .text.VectorE0
                0x08007700       0x98 build/obj/ext_lld_isr.o
                0x08007700                VectorE0
 *fill*         0x08007798        0x8 
 .text.Vector44
                0x080077a0       0x4c build/obj/ext_lld_isr.o
                0x080077a0                Vector44
 *fill*         0x080077ec        0x4 
 .text.VectorE4
                0x080077f0       0x4c build/obj/ext_lld_isr.o
                0x080077f0                VectorE4
 *fill*         0x0800783c        0x4 
 .text.VectorE8
                0x08007840       0x4c build/obj/ext_lld_isr.o
                0x08007840                VectorE8
 *fill*         0x0800788c        0x4 
 .text.Vector138
                0x08007890       0x4c build/obj/ext_lld_isr.o
                0x08007890                Vector138
 *fill*         0x080078dc        0x4 
 .text.Vector170
                0x080078e0       0x4c build/obj/ext_lld_isr.o
                0x080078e0                Vector170
 *fill*         0x0800792c        0x4 
 .text.Vector48
                0x08007930       0x4c build/obj/ext_lld_isr.o
                0x08007930                Vector48
 *fill*         0x0800797c        0x4 
 .text.Vector4C
                0x08007980       0x4c build/obj/ext_lld_isr.o
                0x08007980                Vector4C
 *fill*         0x080079cc        0x4 
 .text.can_lld_set_filters
                0x080079d0      0x134 build/obj/can_lld.o
 *fill*         0x08007b04        0xc 
 .text.Vector8C
                0x08007b10       0x70 build/obj/can_lld.o
                0x08007b10                Vector8C
 .text.Vector90
                0x08007b80       0xac build/obj/can_lld.o
                0x08007b80                Vector90
 *fill*         0x08007c2c        0x4 
 .text.Vector94
                0x08007c30       0xac build/obj/can_lld.o
                0x08007c30                Vector94
 *fill*         0x08007cdc        0x4 
 .text.Vector98
                0x08007ce0       0xc0 build/obj/can_lld.o
                0x08007ce0                Vector98
 .text.can_lld_init
                0x08007da0       0x40 build/obj/can_lld.o
                0x08007da0                can_lld_init
 .text.ext_lld_init
                0x08007de0       0x2c build/obj/ext_lld.o
                0x08007de0                ext_lld_init
 *fill*         0x08007e0c        0x4 
 .text.sdc_lld_collect_errors.isra.0
                0x08007e10       0x58 build/obj/sdc_lld.o
 *fill*         0x08007e68        0x8 
 .text.Vector104
                0x08007e70       0x60 build/obj/sdc_lld.o
                0x08007e70                Vector104
 .text.sdc_lld_init
                0x08007ed0       0x40 build/obj/sdc_lld.o
                0x08007ed0                sdc_lld_init
 .text.sdc_lld_start_clk
                0x08007f10       0x3c build/obj/sdc_lld.o
                0x08007f10                sdc_lld_start_clk
 *fill*         0x08007f4c        0x4 
 .text.sdc_lld_set_data_clk
                0x08007f50       0x2c build/obj/sdc_lld.o
                0x08007f50                sdc_lld_set_data_clk
 *fill*         0x08007f7c        0x4 
 .text.sdc_lld_stop_clk
                0x08007f80       0x28 build/obj/sdc_lld.o
                0x08007f80                sdc_lld_stop_clk
 *fill*         0x08007fa8        0x8 
 .text.sdc_lld_set_bus_mode
                0x08007fb0       0x44 build/obj/sdc_lld.o
                0x08007fb0                sdc_lld_set_bus_mode
 *fill*         0x08007ff4        0xc 
 .text.sdc_lld_send_cmd_none
                0x08008000       0x34 build/obj/sdc_lld.o
                0x08008000                sdc_lld_send_cmd_none
 *fill*         0x08008034        0xc 
 .text.sdc_lld_send_cmd_short
                0x08008040       0x48 build/obj/sdc_lld.o
                0x08008040                sdc_lld_send_cmd_short
 *fill*         0x08008088        0x8 
 .text.sdc_lld_send_cmd_short_crc
                0x08008090       0x48 build/obj/sdc_lld.o
                0x08008090                sdc_lld_send_cmd_short_crc
 *fill*         0x080080d8        0x8 
 .text.sdc_lld_wait_transaction_end
                0x080080e0       0xfc build/obj/sdc_lld.o
 *fill*         0x080081dc        0x4 
 .text.sdc_lld_error_cleanup
                0x080081e0       0x88 build/obj/sdc_lld.o
 *fill*         0x08008268        0x8 
 .text.sdc_lld_send_cmd_long_crc
                0x08008270       0x54 build/obj/sdc_lld.o
                0x08008270                sdc_lld_send_cmd_long_crc
 *fill*         0x080082c4        0xc 
 .text.sdc_lld_read_special
                0x080082d0       0xc4 build/obj/sdc_lld.o
                0x080082d0                sdc_lld_read_special
 *fill*         0x08008394        0xc 
 .text.sdc_lld_read_aligned
                0x080083a0       0xd4 build/obj/sdc_lld.o
                0x080083a0                sdc_lld_read_aligned
 *fill*         0x08008474        0xc 
 .text.sdc_lld_write_aligned
                0x08008480       0xdc build/obj/sdc_lld.o
                0x08008480                sdc_lld_write_aligned
 *fill*         0x0800855c        0x4 
 .text.sdc_lld_read
                0x08008560       0x80 build/obj/sdc_lld.o
                0x08008560                sdc_lld_read
 .text.sdc_lld_write
                0x080085e0       0x80 build/obj/sdc_lld.o
                0x080085e0                sdc_lld_write
 .text.sdc_lld_sync
                0x08008660       0x24 build/obj/sdc_lld.o
                0x08008660                sdc_lld_sync
 *fill*         0x08008684        0xc 
 .text.dac_lld_init
                0x08008690       0x34 build/obj/dac_lld.o
                0x08008690                dac_lld_init
 *fill*         0x080086c4        0xc 
 .text._pal_lld_init
                0x080086d0      0x1d0 build/obj/pal_lld.o
                0x080086d0                _pal_lld_init
 .text._pal_lld_setgroupmode
                0x080088a0       0xbc build/obj/pal_lld.o
                0x080088a0                _pal_lld_setgroupmode
 *fill*         0x0800895c        0x4 
 .text.i2c_lld_serve_tx_end_irq
                0x08008960       0x58 build/obj/i2c_lld.o
 *fill*         0x080089b8        0x8 
 .text.i2c_lld_serve_rx_end_irq
                0x080089c0       0x90 build/obj/i2c_lld.o
 .text.VectorBC
                0x08008a50      0x130 build/obj/i2c_lld.o
                0x08008a50                VectorBC
 .text.VectorC0
                0x08008b80      0x118 build/obj/i2c_lld.o
                0x08008b80                VectorC0
 *fill*         0x08008c98        0x8 
 .text.i2c_lld_init
                0x08008ca0       0x44 build/obj/i2c_lld.o
                0x08008ca0                i2c_lld_init
 *fill*         0x08008ce4        0xc 
 .text.i2c_lld_start
                0x08008cf0      0x278 build/obj/i2c_lld.o
                0x08008cf0                i2c_lld_start
 *fill*         0x08008f68        0x8 
 .text.i2c_lld_stop
                0x08008f70       0xa0 build/obj/i2c_lld.o
                0x08008f70                i2c_lld_stop
 .text.i2c_lld_master_transmit_timeout
                0x08009010      0x118 build/obj/i2c_lld.o
                0x08009010                i2c_lld_master_transmit_timeout
 *fill*         0x08009128        0x8 
 .text.usb_lld_init
                0x08009130       0x5c build/obj/usb_lld.o
                0x08009130                usb_lld_init
 *fill*         0x0800918c        0x4 
 .text.usb_lld_reset
                0x08009190       0xf0 build/obj/usb_lld.o
                0x08009190                usb_lld_reset
 .text.usb_lld_set_address
                0x08009280       0x38 build/obj/usb_lld.o
                0x08009280                usb_lld_set_address
 *fill*         0x080092b8        0x8 
 .text.usb_lld_get_status_out
                0x080092c0       0x38 build/obj/usb_lld.o
                0x080092c0                usb_lld_get_status_out
 *fill*         0x080092f8        0x8 
 .text.usb_lld_get_status_in
                0x08009300       0x38 build/obj/usb_lld.o
                0x08009300                usb_lld_get_status_in
 *fill*         0x08009338        0x8 
 .text.usb_lld_read_setup
                0x08009340       0x30 build/obj/usb_lld.o
                0x08009340                usb_lld_read_setup
 .text.usb_lld_prepare_receive
                0x08009370       0x58 build/obj/usb_lld.o
                0x08009370                usb_lld_prepare_receive
 *fill*         0x080093c8        0x8 
 .text.otg_epout_handler.constprop.7
                0x080093d0       0xd4 build/obj/usb_lld.o
 *fill*         0x080094a4        0xc 
 .text.usb_lld_prepare_transmit
                0x080094b0       0x60 build/obj/usb_lld.o
                0x080094b0                usb_lld_prepare_transmit
 .text.otg_epin_handler.constprop.8
                0x08009510      0x10c build/obj/usb_lld.o
 *fill*         0x0800961c        0x4 
 .text.Vector14C
                0x08009620      0x124 build/obj/usb_lld.o
                0x08009620                Vector14C
 *fill*         0x08009744        0xc 
 .text.usb_lld_start_out
                0x08009750       0x34 build/obj/usb_lld.o
                0x08009750                usb_lld_start_out
 *fill*         0x08009784        0xc 
 .text.usb_lld_start_in
                0x08009790       0x40 build/obj/usb_lld.o
                0x08009790                usb_lld_start_in
 .text.usb_lld_stall_out
                0x080097d0       0x34 build/obj/usb_lld.o
                0x080097d0                usb_lld_stall_out
 *fill*         0x08009804        0xc 
 .text.usb_lld_stall_in
                0x08009810       0x34 build/obj/usb_lld.o
                0x08009810                usb_lld_stall_in
 *fill*         0x08009844        0xc 
 .text.usb_lld_clear_out
                0x08009850       0x34 build/obj/usb_lld.o
                0x08009850                usb_lld_clear_out
 *fill*         0x08009884        0xc 
 .text.usb_lld_clear_in
                0x08009890       0x34 build/obj/usb_lld.o
                0x08009890                usb_lld_clear_in
 *fill*         0x080098c4        0xc 
 .text.i2s_lld_init
                0x080098d0       0x50 build/obj/i2s_lld.o
                0x080098d0                i2s_lld_init
 .text.spi_lld_init
                0x08009920       0x5c build/obj/spi_lld.o
                0x08009920                spi_lld_init
 *fill*         0x0800997c        0x4 
 .text.Vector118
                0x08009980       0x5c build/obj/gpt_lld.o
                0x08009980                Vector118
 *fill*         0x080099dc        0x4 
 .text.VectorA8
                0x080099e0       0x5c build/obj/gpt_lld.o
                0x080099e0                VectorA8
 *fill*         0x08009a3c        0x4 
 .text.gpt_lld_init
                0x08009a40       0x48 build/obj/gpt_lld.o
                0x08009a40                gpt_lld_init
 *fill*         0x08009a88        0x8 
 .text.pwm_lld_serve_interrupt
                0x08009a90       0x80 build/obj/pwm_lld.o
 .text.VectorB0
                0x08009b10       0x3c build/obj/pwm_lld.o
                0x08009b10                VectorB0
 *fill*         0x08009b4c        0x4 
 .text.VectorB4
                0x08009b50       0x3c build/obj/pwm_lld.o
                0x08009b50                VectorB4
 *fill*         0x08009b8c        0x4 
 .text.VectorB8
                0x08009b90       0x3c build/obj/pwm_lld.o
                0x08009b90                VectorB8
 *fill*         0x08009bcc        0x4 
 .text.Vector108
                0x08009bd0       0x3c build/obj/pwm_lld.o
                0x08009bd0                Vector108
 *fill*         0x08009c0c        0x4 
 .text.pwm_lld_init
                0x08009c10       0x80 build/obj/pwm_lld.o
                0x08009c10                pwm_lld_init
 .text.SysTick_Handler
                0x08009c90       0x50 build/obj/st_lld.o
                0x08009c90                SysTick_Handler
 .text.st_lld_init
                0x08009ce0       0x40 build/obj/st_lld.o
                0x08009ce0                st_lld_init
 .text.notify3  0x08009d20       0x30 build/obj/serial_lld.o
 .text.VectorDC
                0x08009d50      0x19c build/obj/serial_lld.o
                0x08009d50                VectorDC
 *fill*         0x08009eec        0x4 
 .text.sd_lld_init
                0x08009ef0       0x3c build/obj/serial_lld.o
                0x08009ef0                sd_lld_init
 *fill*         0x08009f2c        0x4 
 .text.sd_lld_start
                0x08009f30       0xac build/obj/serial_lld.o
                0x08009f30                sd_lld_start
 *fill*         0x08009fdc        0x4 
 .text.__early_init
                0x08009fe0       0x24 build/obj/board.o
                0x08009fe0                __early_init
 *fill*         0x0800a004        0xc 
 .text.sdc_lld_is_card_inserted
                0x0800a010       0x30 build/obj/board.o
                0x0800a010                sdc_lld_is_card_inserted
 .text.sdc_lld_is_write_protected
                0x0800a040       0x24 build/obj/board.o
                0x0800a040                sdc_lld_is_write_protected
 *fill*         0x0800a064        0xc 
 .text.boardInit
                0x0800a070       0x20 build/obj/board.o
                0x0800a070                boardInit
 .text._malloc_r
                0x0800a090      0x548 c:/users/moi/documents/_microinfo/epuck-eclipse/tools/gcc-arm-none-eabi-7-2017-q4-major-win32/bin/../lib/gcc/arm-none-eabi/7.2.1/../../../../arm-none-eabi/lib/thumb/v7e-m/fpv4-sp/hard\libg.a(lib_a-mallocr.o)
                0x0800a090                _malloc_r
 *fill*         0x0800a5d8        0x8 
 .text.__ascii_mbtowc
                0x0800a5e0       0x2c c:/users/moi/documents/_microinfo/epuck-eclipse/tools/gcc-arm-none-eabi-7-2017-q4-major-win32/bin/../lib/gcc/arm-none-eabi/7.2.1/../../../../arm-none-eabi/lib/thumb/v7e-m/fpv4-sp/hard\libg.a(lib_a-mbtowc_r.o)
                0x0800a5e0                __ascii_mbtowc
 *fill*         0x0800a60c        0x4 
 .text.memset   0x0800a610       0x94 c:/users/moi/documents/_microinfo/epuck-eclipse/tools/gcc-arm-none-eabi-7-2017-q4-major-win32/bin/../lib/gcc/arm-none-eabi/7.2.1/../../../../arm-none-eabi/lib/thumb/v7e-m/fpv4-sp/hard\libg.a(lib_a-memset.o)
                0x0800a610                memset
 *fill*         0x0800a6a4        0xc 
 .text.snprintf
                0x0800a6b0       0x90 c:/users/moi/documents/_microinfo/epuck-eclipse/tools/gcc-arm-none-eabi-7-2017-q4-major-win32/bin/../lib/gcc/arm-none-eabi/7.2.1/../../../../arm-none-eabi/lib/thumb/v7e-m/fpv4-sp/hard\libg.a(lib_a-snprintf.o)
                0x0800a6b0                snprintf
 .text.strncpy  0x0800a740       0x64 c:/users/moi/documents/_microinfo/epuck-eclipse/tools/gcc-arm-none-eabi-7-2017-q4-major-win32/bin/../lib/gcc/arm-none-eabi/7.2.1/../../../../arm-none-eabi/lib/thumb/v7e-m/fpv4-sp/hard\libg.a(lib_a-strncpy.o)
                0x0800a740                strncpy
 *fill*         0x0800a7a4        0xc 
 .text._svfprintf_r
                0x0800a7b0     0x144c c:/users/moi/documents/_microinfo/epuck-eclipse/tools/gcc-arm-none-eabi-7-2017-q4-major-win32/bin/../lib/gcc/arm-none-eabi/7.2.1/../../../../arm-none-eabi/lib/thumb/v7e-m/fpv4-sp/hard\libg.a(lib_a-svfprintf.o)
                0x0800a7b0                _svfprintf_r
 *fill*         0x0800bbfc        0x4 
 .text.__ascii_wctomb
                0x0800bc00       0x1c c:/users/moi/documents/_microinfo/epuck-eclipse/tools/gcc-arm-none-eabi-7-2017-q4-major-win32/bin/../lib/gcc/arm-none-eabi/7.2.1/../../../../arm-none-eabi/lib/thumb/v7e-m/fpv4-sp/hard\libg.a(lib_a-wctomb_r.o)
                0x0800bc00                __ascii_wctomb
 *fill*         0x0800bc1c        0x4 
 .text.quorem   0x0800bc20      0x124 c:/users/moi/documents/_microinfo/epuck-eclipse/tools/gcc-arm-none-eabi-7-2017-q4-major-win32/bin/../lib/gcc/arm-none-eabi/7.2.1/../../../../arm-none-eabi/lib/thumb/v7e-m/fpv4-sp/hard\libg.a(lib_a-dtoa.o)
 *fill*         0x0800bd44        0xc 
 .text._dtoa_r  0x0800bd50      0xe28 c:/users/moi/documents/_microinfo/epuck-eclipse/tools/gcc-arm-none-eabi-7-2017-q4-major-win32/bin/../lib/gcc/arm-none-eabi/7.2.1/../../../../arm-none-eabi/lib/thumb/v7e-m/fpv4-sp/hard\libg.a(lib_a-dtoa.o)
                0x0800bd50                _dtoa_r
 *fill*         0x0800cb78        0x8 
 .text._malloc_trim_r
                0x0800cb80       0xa0 c:/users/moi/documents/_microinfo/epuck-eclipse/tools/gcc-arm-none-eabi-7-2017-q4-major-win32/bin/../lib/gcc/arm-none-eabi/7.2.1/../../../../arm-none-eabi/lib/thumb/v7e-m/fpv4-sp/hard\libg.a(lib_a-freer.o)
                0x0800cb80                _malloc_trim_r
 .text._free_r  0x0800cc20      0x1e8 c:/users/moi/documents/_microinfo/epuck-eclipse/tools/gcc-arm-none-eabi-7-2017-q4-major-win32/bin/../lib/gcc/arm-none-eabi/7.2.1/../../../../arm-none-eabi/lib/thumb/v7e-m/fpv4-sp/hard\libg.a(lib_a-freer.o)
                0x0800cc20                _free_r
 *fill*         0x0800ce08        0x8 
 .text._localeconv_r
                0x0800ce10       0x1c c:/users/moi/documents/_microinfo/epuck-eclipse/tools/gcc-arm-none-eabi-7-2017-q4-major-win32/bin/../lib/gcc/arm-none-eabi/7.2.1/../../../../arm-none-eabi/lib/thumb/v7e-m/fpv4-sp/hard\libg.a(lib_a-localeconv.o)
                0x0800ce10                _localeconv_r
 *fill*         0x0800ce2c        0x4 
 .text._Balloc  0x0800ce30       0x4c c:/users/moi/documents/_microinfo/epuck-eclipse/tools/gcc-arm-none-eabi-7-2017-q4-major-win32/bin/../lib/gcc/arm-none-eabi/7.2.1/../../../../arm-none-eabi/lib/thumb/v7e-m/fpv4-sp/hard\libg.a(lib_a-mprec.o)
                0x0800ce30                _Balloc
 *fill*         0x0800ce7c        0x4 
 .text._Bfree   0x0800ce80       0x14 c:/users/moi/documents/_microinfo/epuck-eclipse/tools/gcc-arm-none-eabi-7-2017-q4-major-win32/bin/../lib/gcc/arm-none-eabi/7.2.1/../../../../arm-none-eabi/lib/thumb/v7e-m/fpv4-sp/hard\libg.a(lib_a-mprec.o)
                0x0800ce80                _Bfree
 *fill*         0x0800ce94        0xc 
 .text.__multadd
                0x0800cea0       0x80 c:/users/moi/documents/_microinfo/epuck-eclipse/tools/gcc-arm-none-eabi-7-2017-q4-major-win32/bin/../lib/gcc/arm-none-eabi/7.2.1/../../../../arm-none-eabi/lib/thumb/v7e-m/fpv4-sp/hard\libg.a(lib_a-mprec.o)
                0x0800cea0                __multadd
 .text.__hi0bits
                0x0800cf20       0x40 c:/users/moi/documents/_microinfo/epuck-eclipse/tools/gcc-arm-none-eabi-7-2017-q4-major-win32/bin/../lib/gcc/arm-none-eabi/7.2.1/../../../../arm-none-eabi/lib/thumb/v7e-m/fpv4-sp/hard\libg.a(lib_a-mprec.o)
                0x0800cf20                __hi0bits
 .text.__lo0bits
                0x0800cf60       0x60 c:/users/moi/documents/_microinfo/epuck-eclipse/tools/gcc-arm-none-eabi-7-2017-q4-major-win32/bin/../lib/gcc/arm-none-eabi/7.2.1/../../../../arm-none-eabi/lib/thumb/v7e-m/fpv4-sp/hard\libg.a(lib_a-mprec.o)
                0x0800cf60                __lo0bits
 .text.__i2b    0x0800cfc0       0x14 c:/users/moi/documents/_microinfo/epuck-eclipse/tools/gcc-arm-none-eabi-7-2017-q4-major-win32/bin/../lib/gcc/arm-none-eabi/7.2.1/../../../../arm-none-eabi/lib/thumb/v7e-m/fpv4-sp/hard\libg.a(lib_a-mprec.o)
                0x0800cfc0                __i2b
 *fill*         0x0800cfd4        0xc 
 .text.__multiply
                0x0800cfe0      0x14c c:/users/moi/documents/_microinfo/epuck-eclipse/tools/gcc-arm-none-eabi-7-2017-q4-major-win32/bin/../lib/gcc/arm-none-eabi/7.2.1/../../../../arm-none-eabi/lib/thumb/v7e-m/fpv4-sp/hard\libg.a(lib_a-mprec.o)
                0x0800cfe0                __multiply
 *fill*         0x0800d12c        0x4 
 .text.__pow5mult
                0x0800d130       0xa0 c:/users/moi/documents/_microinfo/epuck-eclipse/tools/gcc-arm-none-eabi-7-2017-q4-major-win32/bin/../lib/gcc/arm-none-eabi/7.2.1/../../../../arm-none-eabi/lib/thumb/v7e-m/fpv4-sp/hard\libg.a(lib_a-mprec.o)
                0x0800d130                __pow5mult
 .text.__lshift
                0x0800d1d0       0xac c:/users/moi/documents/_microinfo/epuck-eclipse/tools/gcc-arm-none-eabi-7-2017-q4-major-win32/bin/../lib/gcc/arm-none-eabi/7.2.1/../../../../arm-none-eabi/lib/thumb/v7e-m/fpv4-sp/hard\libg.a(lib_a-mprec.o)
                0x0800d1d0                __lshift
 *fill*         0x0800d27c        0x4 
 .text.__mcmp   0x0800d280       0x38 c:/users/moi/documents/_microinfo/epuck-eclipse/tools/gcc-arm-none-eabi-7-2017-q4-major-win32/bin/../lib/gcc/arm-none-eabi/7.2.1/../../../../arm-none-eabi/lib/thumb/v7e-m/fpv4-sp/hard\libg.a(lib_a-mprec.o)
                0x0800d280                __mcmp
 *fill*         0x0800d2b8        0x8 
 .text.__mdiff  0x0800d2c0       0xec c:/users/moi/documents/_microinfo/epuck-eclipse/tools/gcc-arm-none-eabi-7-2017-q4-major-win32/bin/../lib/gcc/arm-none-eabi/7.2.1/../../../../arm-none-eabi/lib/thumb/v7e-m/fpv4-sp/hard\libg.a(lib_a-mprec.o)
                0x0800d2c0                __mdiff
 *fill*         0x0800d3ac        0x4 
 .text.__d2b    0x0800d3b0       0xc4 c:/users/moi/documents/_microinfo/epuck-eclipse/tools/gcc-arm-none-eabi-7-2017-q4-major-win32/bin/../lib/gcc/arm-none-eabi/7.2.1/../../../../arm-none-eabi/lib/thumb/v7e-m/fpv4-sp/hard\libg.a(lib_a-mprec.o)
                0x0800d3b0                __d2b
 *fill*         0x0800d474        0xc 
 .text.__ssprint_r
                0x0800d480       0xf4 c:/users/moi/documents/_microinfo/epuck-eclipse/tools/gcc-arm-none-eabi-7-2017-q4-major-win32/bin/../lib/gcc/arm-none-eabi/7.2.1/../../../../arm-none-eabi/lib/thumb/v7e-m/fpv4-sp/hard\libg.a(lib_a-svfiprintf.o)
                0x0800d480                __ssprint_r
 *fill*         0x0800d574        0xc 
 .text._calloc_r
                0x0800d580       0x68 c:/users/moi/documents/_microinfo/epuck-eclipse/tools/gcc-arm-none-eabi-7-2017-q4-major-win32/bin/../lib/gcc/arm-none-eabi/7.2.1/../../../../arm-none-eabi/lib/thumb/v7e-m/fpv4-sp/hard\libg.a(lib_a-callocr.o)
                0x0800d580                _calloc_r
 *fill*         0x0800d5e8        0x8 
 .text.memmove  0x0800d5f0       0xc8 c:/users/moi/documents/_microinfo/epuck-eclipse/tools/gcc-arm-none-eabi-7-2017-q4-major-win32/bin/../lib/gcc/arm-none-eabi/7.2.1/../../../../arm-none-eabi/lib/thumb/v7e-m/fpv4-sp/hard\libg.a(lib_a-memmove.o)
                0x0800d5f0                memmove
 *fill*         0x0800d6b8        0x8 
 .text._realloc_r
                0x0800d6c0      0x35c c:/users/moi/documents/_microinfo/epuck-eclipse/tools/gcc-arm-none-eabi-7-2017-q4-major-win32/bin/../lib/gcc/arm-none-eabi/7.2.1/../../../../arm-none-eabi/lib/thumb/v7e-m/fpv4-sp/hard\libg.a(lib_a-reallocr.o)
                0x0800d6c0                _realloc_r
 *(.rodata)
 *fill*         0x0800da1c        0x4 
 .rodata        0x0800da20       0x18 build/obj/main.o
 *fill*         0x0800da38        0x8 
 .rodata        0x0800da40        0x5 build/obj/imu.o
 *(.rodata.*)
 *fill*         0x0800da45        0xb 
 .rodata.__FUNCTION__.11758
                0x0800da50        0x9 build/obj/calibration.o
 *fill*         0x0800da59        0x7 
 .rodata.__func__.7153
                0x0800da60        0xc build/obj/calibration.o
 *fill*         0x0800da6c        0x4 
 .rodata.i2c_cfg1.9862
                0x0800da70        0xc build/obj/i2c_bus.o
 *fill*         0x0800da7c        0x4 
 .rodata.MemManage_Handler.str1.4
                0x0800da80       0x56 build/obj/memory_protection.o
 *fill*         0x0800dad6        0xa 
 .rodata.__func__.11595
                0x0800dae0       0x15 build/obj/memory_protection.o
 *fill*         0x0800daf5        0xb 
 .rodata.__func__.8875
                0x0800db00        0xc build/obj/memory_protection.o
 *fill*         0x0800db0c        0x4 
 .rodata.__FUNCTION__.11265
                0x0800db10        0xf build/obj/imu.o
 *fill*         0x0800db1f        0x1 
 .rodata.__func__.7153
                0x0800db20        0xc build/obj/imu.o
 *fill*         0x0800db2c        0x4 
 .rodata.__func__.10923
                0x0800db30        0x8 build/obj/newlib_syscalls.o
 *fill*         0x0800db38        0x8 
 .rodata.__func__.8162
                0x0800db40        0xc build/obj/parameter.o
 *fill*         0x0800db4c        0x4 
 .rodata._unhandled_exception.str1.4
                0x0800db50       0x14 build/obj/vectors.o
 *fill*         0x0800db64        0xc 
 .rodata.chSysInit.str1.4
                0x0800db70        0x5 build/obj/chsys.o
 *fill*         0x0800db75        0xb 
 .rodata._dbg_check_enable.str1.4
                0x0800db80        0x5 build/obj/chdebug.o
 *fill*         0x0800db85        0xb 
 .rodata._dbg_check_enter_isr.str1.4
                0x0800db90        0x5 build/obj/chdebug.o
 *fill*         0x0800db95        0xb 
 .rodata._dbg_check_leave_isr.str1.4
                0x0800dba0        0x5 build/obj/chdebug.o
 *fill*         0x0800dba5        0xb 
 .rodata._dbg_check_lock.str1.4
                0x0800dbb0        0x5 build/obj/chdebug.o
 *fill*         0x0800dbb5        0xb 
 .rodata._dbg_check_lock_from_isr.str1.4
                0x0800dbc0        0x5 build/obj/chdebug.o
 *fill*         0x0800dbc5        0xb 
 .rodata._dbg_check_unlock.str1.4
                0x0800dbd0        0x5 build/obj/chdebug.o
 *fill*         0x0800dbd5        0xb 
 .rodata._dbg_check_unlock_from_isr.str1.4
                0x0800dbe0        0x5 build/obj/chdebug.o
 *fill*         0x0800dbe5        0xb 
 .rodata.chDbgCheckClassI.str1.4
                0x0800dbf0        0x6 build/obj/chdebug.o
 *fill*         0x0800dbf6        0xa 
 .rodata.chDbgCheckClassS.str1.4
                0x0800dc00        0x6 build/obj/chdebug.o
 *fill*         0x0800dc06        0xa 
 .rodata.__func__.7857
                0x0800dc10        0xb build/obj/chvt.o
 *fill*         0x0800dc1b        0x5 
 .rodata.__func__.7864
                0x0800dc20        0xd build/obj/chvt.o
 *fill*         0x0800dc2d        0x3 
 .rodata.__func__.7854
                0x0800dc30        0xc build/obj/chschd.o
 *fill*         0x0800dc3c        0x4 
 .rodata.chSchGoSleepS.str1.4
                0x0800dc40        0xf build/obj/chschd.o
 *fill*         0x0800dc4f        0x1 
 .rodata.__func__.7153
                0x0800dc50        0xc build/obj/chthreads.o
 *fill*         0x0800dc5c        0x4 
 .rodata.__func__.7324
                0x0800dc60        0xc build/obj/chthreads.o
 *fill*         0x0800dc6c        0x4 
 .rodata.__func__.7336
                0x0800dc70       0x14 build/obj/chthreads.o
 *fill*         0x0800dc84        0xc 
 .rodata.__func__.7866
                0x0800dc90        0xd build/obj/chthreads.o
 *fill*         0x0800dc9d        0x3 
 .rodata.__func__.7910
                0x0800dca0        0xb build/obj/chthreads.o
 *fill*         0x0800dcab        0x5 
 .rodata.__func__.7920
                0x0800dcb0        0xe build/obj/chthreads.o
 *fill*         0x0800dcbe        0x2 
 .rodata.__func__.7926
                0x0800dcc0       0x15 build/obj/chthreads.o
 *fill*         0x0800dcd5        0xb 
 .rodata.__func__.7932
                0x0800dce0        0xd build/obj/chthreads.o
 *fill*         0x0800dced        0x3 
 .rodata.ch_debug
                0x0800dcf0       0x16 build/obj/chregistry.o
                0x0800dcf0                ch_debug
 *fill*         0x0800dd06        0xa 
 .rodata.__func__.7153
                0x0800dd10        0xc build/obj/chmtx.o
 *fill*         0x0800dd1c        0x4 
 .rodata.__func__.7849
                0x0800dd20       0x10 build/obj/chmtx.o
 .rodata.__func__.7857
                0x0800dd30        0xb build/obj/chmtx.o
 *fill*         0x0800dd3b        0x5 
 .rodata.__func__.7880
                0x0800dd40        0xc build/obj/chmtx.o
 *fill*         0x0800dd4c        0x4 
 .rodata.__func__.7153
                0x0800dd50        0xc build/obj/chcond.o
 *fill*         0x0800dd5c        0x4 
 .rodata.__func__.7865
                0x0800dd60       0x11 build/obj/chcond.o
 *fill*         0x0800dd71        0xf 
 .rodata.__func__.7153
                0x0800dd80        0xc build/obj/chevents.o
 *fill*         0x0800dd8c        0x4 
 .rodata.__func__.7852
                0x0800dd90       0x1b build/obj/chevents.o
 *fill*         0x0800ddab        0x5 
 .rodata.__func__.7874
                0x0800ddb0       0x15 build/obj/chevents.o
 *fill*         0x0800ddc5        0xb 
 .rodata.__func__.7891
                0x0800ddd0        0xd build/obj/chevents.o
 *fill*         0x0800dddd        0x3 
 .rodata.__func__.7153
                0x0800dde0        0xc build/obj/chqueues.o
 *fill*         0x0800ddec        0x4 
 .rodata.__func__.7877
                0x0800ddf0       0x10 build/obj/chqueues.o
 .rodata.__func__.7913
                0x0800de00       0x11 build/obj/chqueues.o
 *fill*         0x0800de11        0xf 
 .rodata.__func__.7153
                0x0800de20        0xc build/obj/chmemcore.o
 *fill*         0x0800de2c        0x4 
 .rodata.__func__.9847
                0x0800de30       0x11 build/obj/hal_mmcsd.o
 *fill*         0x0800de41        0xf 
 .rodata.__func__.9854
                0x0800de50       0x14 build/obj/hal_mmcsd.o
 *fill*         0x0800de64        0xc 
 .rodata.__func__.9862
                0x0800de70       0x18 build/obj/hal_mmcsd.o
 *fill*         0x0800de88        0x8 
 .rodata.__func__.7153
                0x0800de90        0xc build/obj/i2c.o
 *fill*         0x0800de9c        0x4 
 .rodata.__func__.9848
                0x0800dea0        0x9 build/obj/i2c.o
 *fill*         0x0800dea9        0x7 
 .rodata.__func__.9852
                0x0800deb0        0x8 build/obj/i2c.o
 *fill*         0x0800deb8        0x8 
 .rodata.__func__.9856
                0x0800dec0        0xd build/obj/i2c.o
 *fill*         0x0800decd        0x3 
 .rodata.__func__.9867
                0x0800ded0       0x19 build/obj/i2c.o
 *fill*         0x0800dee9        0x7 
 .rodata.__func__.9880
                0x0800def0        0xe build/obj/i2c.o
 *fill*         0x0800defe        0x2 
 .rodata.__func__.9884
                0x0800df00        0xe build/obj/i2c.o
 *fill*         0x0800df0e        0x2 
 .rodata.__func__.10348
                0x0800df10       0x12 build/obj/sdc.o
 *fill*         0x0800df22        0xe 
 .rodata.__func__.10380
                0x0800df30        0xb build/obj/sdc.o
 *fill*         0x0800df3b        0x5 
 .rodata.__func__.10391
                0x0800df40        0xe build/obj/sdc.o
 *fill*         0x0800df4e        0x2 
 .rodata.__func__.10399
                0x0800df50        0x8 build/obj/sdc.o
 *fill*         0x0800df58        0x8 
 .rodata.__func__.10407
                0x0800df60        0x9 build/obj/sdc.o
 *fill*         0x0800df69        0x7 
 .rodata.__func__.10417
                0x0800df70        0x8 build/obj/sdc.o
 *fill*         0x0800df78        0x8 
 .rodata.__func__.10422
                0x0800df80        0xb build/obj/sdc.o
 *fill*         0x0800df8b        0x5 
 .rodata.__func__.7554
                0x0800df90        0xc build/obj/sdc.o
 *fill*         0x0800df9c        0x4 
 .rodata.sdc_vmt
                0x0800dfa0       0x20 build/obj/sdc.o
 .rodata.__func__.7153
                0x0800dfc0        0xc build/obj/serial.o
 *fill*         0x0800dfcc        0x4 
 .rodata.__func__.9889
                0x0800dfd0        0x8 build/obj/serial.o
 *fill*         0x0800dfd8        0x8 
 .rodata.__func__.9898
                0x0800dfe0       0x10 build/obj/serial.o
 .rodata.vmt    0x0800dff0       0x20 build/obj/serial.o
 .rodata.__func__.10348
                0x0800e010       0x11 build/obj/usb.o
 *fill*         0x0800e021        0xf 
 .rodata.__func__.10353
                0x0800e030       0x12 build/obj/usb.o
 *fill*         0x0800e042        0xe 
 .rodata.__func__.10387
                0x0800e050        0xb build/obj/usb.o
 *fill*         0x0800e05b        0x5 
 .rodata.__func__.10401
                0x0800e060        0xc build/obj/usb.o
 *fill*         0x0800e06c        0x4 
 .rodata.active_status
                0x0800e070        0x2 build/obj/usb.o
 *fill*         0x0800e072        0xe 
 .rodata.halted_status
                0x0800e080        0x2 build/obj/usb.o
 *fill*         0x0800e082        0xe 
 .rodata.zero_status
                0x0800e090        0x2 build/obj/usb.o
 *fill*         0x0800e092        0xe 
 .rodata.__func__.9849
                0x0800e0a0       0x1d build/obj/nvic.o
 *fill*         0x0800e0bd        0x3 
 .rodata.__func__.9922
                0x0800e0c0       0x12 build/obj/stm32_dma.o
 *fill*         0x0800e0d2        0xe 
 .rodata.__func__.9929
                0x0800e0e0       0x11 build/obj/stm32_dma.o
 *fill*         0x0800e0f1        0xf 
 .rodata._stm32_dma_streams
                0x0800e100       0xc0 build/obj/stm32_dma.o
                0x0800e100                _stm32_dma_streams
 .rodata.__func__.10250
                0x0800e1c0       0x1b build/obj/sdc_lld.o
 *fill*         0x0800e1db        0x5 
 .rodata.__func__.10372
                0x0800e1e0       0x15 build/obj/sdc_lld.o
 *fill*         0x0800e1f5        0xb 
 .rodata.__func__.10381
                0x0800e200       0x16 build/obj/sdc_lld.o
 *fill*         0x0800e216        0xa 
 .rodata.__func__.7554
                0x0800e220        0xc build/obj/sdc_lld.o
 *fill*         0x0800e22c        0x4 
 .rodata.dma1_ch2_params
                0x0800e230       0x1c build/obj/dac_lld.o
 *fill*         0x0800e24c        0x4 
 .rodata.__func__.7153
                0x0800e250        0xc build/obj/i2c_lld.o
 *fill*         0x0800e25c        0x4 
 .rodata.__func__.9857
                0x0800e260       0x12 build/obj/i2c_lld.o
 *fill*         0x0800e272        0xe 
 .rodata.__func__.9922
                0x0800e280        0xe build/obj/i2c_lld.o
 *fill*         0x0800e28e        0x2 
 .rodata.i2c_lld_serve_tx_end_irq.str1.4
                0x0800e290        0xc build/obj/i2c_lld.o
 *fill*         0x0800e29c        0x4 
 .rodata.__func__.10294
                0x0800e2a0        0xe build/obj/usb_lld.o
 *fill*         0x0800e2ae        0x2 
 .rodata.ep0config
                0x0800e2b0       0x24 build/obj/usb_lld.o
 *fill*         0x0800e2d4        0xc 
 .rodata.fsparams
                0x0800e2e0        0xc build/obj/usb_lld.o
 *fill*         0x0800e2ec        0x4 
 .rodata.default_config
                0x0800e2f0        0xc build/obj/serial_lld.o
 *fill*         0x0800e2fc        0x4 
 .rodata.pal_default_config
                0x0800e300       0xfc build/obj/board.o
                0x0800e300                pal_default_config
 *fill*         0x0800e3fc        0x4 
 .rodata._setlocale_r.str1.4
                0x0800e400        0xa c:/users/moi/documents/_microinfo/epuck-eclipse/tools/gcc-arm-none-eabi-7-2017-q4-major-win32/bin/../lib/gcc/arm-none-eabi/7.2.1/../../../../arm-none-eabi/lib/thumb/v7e-m/fpv4-sp/hard\libg.a(lib_a-locale.o)
                                  0xd (size before relaxing)
 *fill*         0x0800e40a        0x6 
 .rodata.str1.4
                0x0800e410        0x2 c:/users/moi/documents/_microinfo/epuck-eclipse/tools/gcc-arm-none-eabi-7-2017-q4-major-win32/bin/../lib/gcc/arm-none-eabi/7.2.1/../../../../arm-none-eabi/lib/thumb/v7e-m/fpv4-sp/hard\libg.a(lib_a-locale.o)
 *fill*         0x0800e412        0xe 
 .rodata._svfprintf_r.str1.4
                0x0800e420       0x3f c:/users/moi/documents/_microinfo/epuck-eclipse/tools/gcc-arm-none-eabi-7-2017-q4-major-win32/bin/../lib/gcc/arm-none-eabi/7.2.1/../../../../arm-none-eabi/lib/thumb/v7e-m/fpv4-sp/hard\libg.a(lib_a-svfprintf.o)
                                 0x42 (size before relaxing)
 *fill*         0x0800e45f        0x1 
 .rodata.blanks.8551
                0x0800e460       0x10 c:/users/moi/documents/_microinfo/epuck-eclipse/tools/gcc-arm-none-eabi-7-2017-q4-major-win32/bin/../lib/gcc/arm-none-eabi/7.2.1/../../../../arm-none-eabi/lib/thumb/v7e-m/fpv4-sp/hard\libg.a(lib_a-svfprintf.o)
 .rodata.zeroes.8552
                0x0800e470       0x10 c:/users/moi/documents/_microinfo/epuck-eclipse/tools/gcc-arm-none-eabi-7-2017-q4-major-win32/bin/../lib/gcc/arm-none-eabi/7.2.1/../../../../arm-none-eabi/lib/thumb/v7e-m/fpv4-sp/hard\libg.a(lib_a-svfprintf.o)
 .rodata._ctype_
                0x0800e480      0x101 c:/users/moi/documents/_microinfo/epuck-eclipse/tools/gcc-arm-none-eabi-7-2017-q4-major-win32/bin/../lib/gcc/arm-none-eabi/7.2.1/../../../../arm-none-eabi/lib/thumb/v7e-m/fpv4-sp/hard\libg.a(lib_a-ctype_.o)
                0x0800e480                _ctype_
 *fill*         0x0800e581        0xf 
 .rodata._dtoa_r.str1.4
                0x0800e590       0x10 c:/users/moi/documents/_microinfo/epuck-eclipse/tools/gcc-arm-none-eabi-7-2017-q4-major-win32/bin/../lib/gcc/arm-none-eabi/7.2.1/../../../../arm-none-eabi/lib/thumb/v7e-m/fpv4-sp/hard\libg.a(lib_a-dtoa.o)
                                 0x12 (size before relaxing)
 .rodata.__mprec_bigtens
                0x0800e5a0       0x28 c:/users/moi/documents/_microinfo/epuck-eclipse/tools/gcc-arm-none-eabi-7-2017-q4-major-win32/bin/../lib/gcc/arm-none-eabi/7.2.1/../../../../arm-none-eabi/lib/thumb/v7e-m/fpv4-sp/hard\libg.a(lib_a-mprec.o)
                0x0800e5a0                __mprec_bigtens
 *fill*         0x0800e5c8        0x8 
 .rodata.__mprec_tens
                0x0800e5d0       0xc8 c:/users/moi/documents/_microinfo/epuck-eclipse/tools/gcc-arm-none-eabi-7-2017-q4-major-win32/bin/../lib/gcc/arm-none-eabi/7.2.1/../../../../arm-none-eabi/lib/thumb/v7e-m/fpv4-sp/hard\libg.a(lib_a-mprec.o)
                0x0800e5d0                __mprec_tens
 *fill*         0x0800e698        0x8 
 .rodata.p05.7367
                0x0800e6a0        0xc c:/users/moi/documents/_microinfo/epuck-eclipse/tools/gcc-arm-none-eabi-7-2017-q4-major-win32/bin/../lib/gcc/arm-none-eabi/7.2.1/../../../../arm-none-eabi/lib/thumb/v7e-m/fpv4-sp/hard\libg.a(lib_a-mprec.o)
 *(.glue_7t)
 .glue_7t       0x0800e6ac        0x0 linker stubs
 *(.glue_7)
 .glue_7        0x0800e6ac        0x0 linker stubs
 *(.gcc*)

.vfp11_veneer   0x0800e6ac        0x0
 .vfp11_veneer  0x0800e6ac        0x0 linker stubs

.v4_bx          0x0800e6ac        0x0
 .v4_bx         0x0800e6ac        0x0 linker stubs

.iplt           0x0800e6ac        0x0
 .iplt          0x0800e6ac        0x0 build/obj/crt0_v7m.o

.ARM.extab
 *(.ARM.extab* .gnu.linkonce.armextab.*)

.ARM.exidx      0x0800e6ac        0x8
                [!provide]                PROVIDE (__exidx_start, .)
 *(.ARM.exidx* .gnu.linkonce.armexidx.*)
 .ARM.exidx     0x0800e6ac        0x8 c:/users/moi/documents/_microinfo/epuck-eclipse/tools/gcc-arm-none-eabi-7-2017-q4-major-win32/bin/../lib/gcc/arm-none-eabi/7.2.1/thumb/v7e-m/fpv4-sp/hard\libgcc.a(_udivmoddi4.o)
                [!provide]                PROVIDE (__exidx_end, .)

.rel.dyn        0x0800e6b4        0x0
 .rel.iplt      0x0800e6b4        0x0 build/obj/crt0_v7m.o

.eh_frame_hdr
 *(.eh_frame_hdr)

.eh_frame
 *(.eh_frame)

.textalign      0x0800e6b4        0x4
                0x0800e6b8                . = ALIGN (0x8)
 *fill*         0x0800e6b4        0x4 
                0x0800e6b8                . = ALIGN (0x4)
                0x0800e6b8                _etext = .
                0x0800e6b8                _textdata = _etext

.mstack         0x20000000      0x400
                0x20000000                . = ALIGN (0x8)
                0x20000000                __main_stack_base__ = .
                0x20000400                . = (. + __main_stack_size__)
 *fill*         0x20000000      0x400 
                0x20000400                . = ALIGN (0x8)
                0x20000400                __main_stack_end__ = .

.pstack         0x20000400      0x400
                0x20000400                __process_stack_base__ = .
                0x20000400                __main_thread_stack_base__ = .
                0x20000800                . = (. + __process_stack_size__)
 *fill*         0x20000400      0x400 
                0x20000800                . = ALIGN (0x8)
                0x20000800                __process_stack_end__ = .
                0x20000800                __main_thread_stack_end__ = .

.data           0x20000800      0x9ec load address 0x0800e6b8
                0x20000800                . = ALIGN (0x4)
                0x20000800                PROVIDE (_data, .)
 *(.data)
 *(.data.*)
 .data.bus_lock
                0x20000800       0x14 build/obj/main.o
                0x20000800                bus_lock
 .data.bus_condvar
                0x20000814        0x8 build/obj/main.o
                0x20000814                bus_condvar
 .data.__stack_chk_guard
                0x2000081c        0x4 build/obj/main.o
                0x2000081c                __stack_chk_guard
 .data.ser_cfg.11285
                0x20000820        0xc build/obj/main.o
 .data.imu_addr
                0x2000082c        0x1 build/obj/mpu9250.o
 *fill*         0x2000082d        0x3 
 .data.lock     0x20000830       0x14 build/obj/malloc_lock.o
 .data._impure_ptr
                0x20000844        0x4 c:/users/moi/documents/_microinfo/epuck-eclipse/tools/gcc-arm-none-eabi-7-2017-q4-major-win32/bin/../lib/gcc/arm-none-eabi/7.2.1/../../../../arm-none-eabi/lib/thumb/v7e-m/fpv4-sp/hard\libg.a(lib_a-impure.o)
                0x20000844                _impure_ptr
 .data.impure_data